Archive member included to satisfy reference by file (symbol)

C:/Users/Student/.pico-sdk/toolchain/14_2_Rel1/bin/../lib/gcc/arm-none-eabi/14.2.1/thumb/v8-m.main+fp/softfp\libm.a(libm_a-wf_sqrt.o)
                              CMakeFiles/Task3.dir/C_/Users/Student/.pico-sdk/sdk/2.2.0/src/rp2_common/pico_float/float_math.c.obj (sqrtf)
C:/Users/Student/.pico-sdk/toolchain/14_2_Rel1/bin/../lib/gcc/arm-none-eabi/14.2.1/thumb/v8-m.main+fp/softfp\libm.a(libm_a-ef_sqrt.o)
                              C:/Users/Student/.pico-sdk/toolchain/14_2_Rel1/bin/../lib/gcc/arm-none-eabi/14.2.1/thumb/v8-m.main+fp/softfp\libm.a(libm_a-wf_sqrt.o) (__ieee754_sqrtf)
C:/Users/Student/.pico-sdk/toolchain/14_2_Rel1/bin/../lib/gcc/arm-none-eabi/14.2.1/thumb/v8-m.main+fp/softfp\libgcc.a(_arm_addsubdf3.o)
                              CMakeFiles/Task3.dir/C_/Users/Student/.pico-sdk/sdk/2.2.0/src/rp2_common/pico_float/float_math.c.obj (__aeabi_f2d)
C:/Users/Student/.pico-sdk/toolchain/14_2_Rel1/bin/../lib/gcc/arm-none-eabi/14.2.1/thumb/v8-m.main+fp/softfp\libgcc.a(_aeabi_ldivmod.o)
                              CMakeFiles/Task3.dir/C_/Users/Student/.pico-sdk/sdk/2.2.0/src/common/pico_time/time.c.obj (__aeabi_ldivmod)
C:/Users/Student/.pico-sdk/toolchain/14_2_Rel1/bin/../lib/gcc/arm-none-eabi/14.2.1/thumb/v8-m.main+fp/softfp\libgcc.a(_aeabi_uldivmod.o)
                              CMakeFiles/Task3.dir/C_/Users/Student/.pico-sdk/sdk/2.2.0/src/rp2_common/hardware_clocks/clocks.c.obj (__aeabi_uldivmod)
C:/Users/Student/.pico-sdk/toolchain/14_2_Rel1/bin/../lib/gcc/arm-none-eabi/14.2.1/thumb/v8-m.main+fp/softfp\libgcc.a(_udivmoddi4.o)
                              C:/Users/Student/.pico-sdk/toolchain/14_2_Rel1/bin/../lib/gcc/arm-none-eabi/14.2.1/thumb/v8-m.main+fp/softfp\libgcc.a(_aeabi_ldivmod.o) (__udivmoddi4)
C:/Users/Student/.pico-sdk/toolchain/14_2_Rel1/bin/../lib/gcc/arm-none-eabi/14.2.1/thumb/v8-m.main+fp/softfp\libgcc.a(_dvmd_tls.o)
                              C:/Users/Student/.pico-sdk/toolchain/14_2_Rel1/bin/../lib/gcc/arm-none-eabi/14.2.1/thumb/v8-m.main+fp/softfp\libgcc.a(_aeabi_ldivmod.o) (__aeabi_ldiv0)
C:/Users/Student/.pico-sdk/toolchain/14_2_Rel1/bin/../lib/gcc/arm-none-eabi/14.2.1/thumb/v8-m.main+fp/softfp\libg.a(libc_a-calloc.o)
                              CMakeFiles/Task3.dir/C_/Users/Student/.pico-sdk/sdk/2.2.0/src/rp2_common/pico_malloc/malloc.c.obj (calloc)
C:/Users/Student/.pico-sdk/toolchain/14_2_Rel1/bin/../lib/gcc/arm-none-eabi/14.2.1/thumb/v8-m.main+fp/softfp\libg.a(libc_a-callocr.o)
                              C:/Users/Student/.pico-sdk/toolchain/14_2_Rel1/bin/../lib/gcc/arm-none-eabi/14.2.1/thumb/v8-m.main+fp/softfp\libg.a(libc_a-calloc.o) (_calloc_r)
C:/Users/Student/.pico-sdk/toolchain/14_2_Rel1/bin/../lib/gcc/arm-none-eabi/14.2.1/thumb/v8-m.main+fp/softfp\libg.a(libc_a-malloc.o)
                              CMakeFiles/Task3.dir/C_/Users/Student/.pico-sdk/sdk/2.2.0/src/rp2_common/pico_malloc/malloc.c.obj (malloc)
C:/Users/Student/.pico-sdk/toolchain/14_2_Rel1/bin/../lib/gcc/arm-none-eabi/14.2.1/thumb/v8-m.main+fp/softfp\libg.a(libc_a-mallocr.o)
                              C:/Users/Student/.pico-sdk/toolchain/14_2_Rel1/bin/../lib/gcc/arm-none-eabi/14.2.1/thumb/v8-m.main+fp/softfp\libg.a(libc_a-callocr.o) (_malloc_r)
C:/Users/Student/.pico-sdk/toolchain/14_2_Rel1/bin/../lib/gcc/arm-none-eabi/14.2.1/thumb/v8-m.main+fp/softfp\libg.a(libc_a-mlock.o)
                              C:/Users/Student/.pico-sdk/toolchain/14_2_Rel1/bin/../lib/gcc/arm-none-eabi/14.2.1/thumb/v8-m.main+fp/softfp\libg.a(libc_a-mallocr.o) (__malloc_lock)
C:/Users/Student/.pico-sdk/toolchain/14_2_Rel1/bin/../lib/gcc/arm-none-eabi/14.2.1/thumb/v8-m.main+fp/softfp\libg.a(libc_a-realloc.o)
                              CMakeFiles/Task3.dir/C_/Users/Student/.pico-sdk/sdk/2.2.0/src/rp2_common/pico_malloc/malloc.c.obj (realloc)
C:/Users/Student/.pico-sdk/toolchain/14_2_Rel1/bin/../lib/gcc/arm-none-eabi/14.2.1/thumb/v8-m.main+fp/softfp\libg.a(libc_a-reallocr.o)
                              C:/Users/Student/.pico-sdk/toolchain/14_2_Rel1/bin/../lib/gcc/arm-none-eabi/14.2.1/thumb/v8-m.main+fp/softfp\libg.a(libc_a-realloc.o) (_realloc_r)
C:/Users/Student/.pico-sdk/toolchain/14_2_Rel1/bin/../lib/gcc/arm-none-eabi/14.2.1/thumb/v8-m.main+fp/softfp\libg.a(libc_a-memcmp.o)
                              CMakeFiles/Task3.dir/C_/Users/Student/.pico-sdk/sdk/2.2.0/src/rp2_common/pico_atomic/atomic.c.obj (memcmp)
C:/Users/Student/.pico-sdk/toolchain/14_2_Rel1/bin/../lib/gcc/arm-none-eabi/14.2.1/thumb/v8-m.main+fp/softfp\libg.a(libc_a-memmove.o)
                              C:/Users/Student/.pico-sdk/toolchain/14_2_Rel1/bin/../lib/gcc/arm-none-eabi/14.2.1/thumb/v8-m.main+fp/softfp\libg.a(libc_a-reallocr.o) (memmove)
C:/Users/Student/.pico-sdk/toolchain/14_2_Rel1/bin/../lib/gcc/arm-none-eabi/14.2.1/thumb/v8-m.main+fp/softfp\libg.a(libc_a-memset.o)
[...]
Memory Configuration

Name             Origin             Length             Attributes
FLASH            0x10000000         0x00400000         xr
RAM              0x20000000         0x00080000         xrw
SCRATCH_X        0x20080000         0x00001000         xrw
SCRATCH_Y        0x20081000         0x00001000         xrw
*default*        0x00000000         0xffffffff

Linker script and memory map

LOAD C:/Users/Student/.pico-sdk/toolchain/14_2_Rel1/bin/../lib/gcc/arm-none-eabi/14.2.1/thumb/v8-m.main+fp/softfp/crti.o
LOAD C:/Users/Student/.pico-sdk/toolchain/14_2_Rel1/bin/../lib/gcc/arm-none-eabi/14.2.1/thumb/v8-m.main+fp/softfp/crtbegin.o
LOAD C:/Users/Student/.pico-sdk/toolchain/14_2_Rel1/bin/../lib/gcc/arm-none-eabi/14.2.1/thumb/v8-m.main+fp/softfp/crt0.o

.flash_begin    0x10000000        0x0
                0x10000000                        __flash_binary_start = .

.text           0x10000000     0x369c
                0x10000000                        __logical_binary_start = .
 *(.vectors)
 .vectors       0x10000000      0x124 CMakeFiles/Task3.dir/C_/Users/Student/.pico-sdk/sdk/2.2.0/src/rp2_common/pico_crt0/crt0.S.obj
                0x10000000                __VECTOR_TABLE
                0x10000000                __vectors
                0x10000110                __unhandled_user_irq
                0x10000110                isr_irq49
                0x10000110                isr_irq13
                0x10000110                isr_irq43
                0x10000110                isr_irq45
                0x10000110                isr_irq27
                0x10000110                isr_irq32
                0x10000110                isr_irq31
                0x10000110                isr_irq12
                0x10000110                isr_irq5
                0x10000110                isr_irq11
                0x10000110                isr_irq3
                0x10000110                isr_irq23
                0x10000110                isr_usagefault
                0x10000110                isr_irq48
                0x10000110                isr_irq30
                0x10000110                isr_irq18
                0x10000110                isr_irq50
                0x10000110                isr_irq33
                0x10000110                isr_irq40
                0x10000110                isr_irq28
                0x10000110                isr_irq19
                0x10000110                isr_irq36
                0x10000110                isr_irq41
                0x10000110                isr_irq0
                0x10000110                isr_irq6
                0x10000110                isr_irq26
                0x10000110                isr_irq29
                0x10000110                isr_memmanage
                0x10000110                isr_irq37
                0x10000110                isr_irq42
                0x10000110                isr_irq22
                0x10000110                isr_irq35
                0x10000110                isr_irq17
                0x10000110                isr_irq38
                0x10000110                isr_irq14
                0x10000110                __vectors_end
                0x10000110                __default_isrs_start
                0x10000110                isr_irq2
                0x10000110                isr_irq10
                0x10000110                isr_irq8
                0x10000110                isr_debugmonitor
                0x10000110                isr_irq24
                0x10000110                isr_irq46
                0x10000110                isr_irq1
                0x10000110                isr_irq47
                0x10000110                isr_irq51
                0x10000110                isr_irq7
                0x10000110                isr_irq21
                0x10000110                isr_irq39
                0x10000110                isr_irq20
                0x10000110                isr_irq15
                0x10000110                isr_irq25
                0x10000110                isr_irq34
                0x10000110                isr_irq44
                0x10000110                isr_securefault
                0x10000110                isr_irq4
                0x10000110                isr_busfault
                0x10000110                isr_irq16
                0x10000110                isr_irq9
                0x10000116                unhandled_user_irq_num_in_r0
                0x10000118                isr_invalid
                0x1000011a                isr_nmi
                0x1000011c                isr_hardfault
                0x1000011e                isr_svcall
                0x10000120                isr_pendsv
                0x10000122                isr_systick
                0x10000124                __default_isrs_end
 *(.binary_info_header)
 .binary_info_header
                0x10000124       0x14 CMakeFiles/Task3.dir/C_/Users/Student/.pico-sdk/sdk/2.2.0/src/rp2_common/pico_crt0/crt0.S.obj
                0x10000138                        __binary_info_header_end = .
 *(.embedded_block)
 .embedded_block
                0x10000138       0x14 CMakeFiles/Task3.dir/C_/Users/Student/.pico-sdk/sdk/2.2.0/src/rp2_common/pico_crt0/crt0.S.obj
                0x1000014c                        __embedded_block_end = .
 *(.reset)
 .reset         0x1000014c       0x98 CMakeFiles/Task3.dir/C_/Users/Student/.pico-sdk/sdk/2.2.0/src/rp2_common/pico_crt0/crt0.S.obj
                0x1000014c                _entry_point
 *(.init)
 .init          0x100001e4        0x4 C:/Users/Student/.pico-sdk/toolchain/14_2_Rel1/bin/../lib/gcc/arm-none-eabi/14.2.1/thumb/v8-m.main+fp/softfp/crti.o
                0x100001e4                _init
 SORT_BY_NAME(REVERSE(*libgcc.a:cmse_nonsecure_call.o))()
 *(EXCLUDE_FILE(*libm.a: *libc.a:*lib_a-mem*.o *libgcc.a:) .text*)
 .text.register_tm_clones
                0x100001e8       0x28 C:/Users/Student/.pico-sdk/toolchain/14_2_Rel1/bin/../lib/gcc/arm-none-eabi/14.2.1/thumb/v8-m.main+fp/softfp/crtbegin.o
 .text.frame_dummy
                0x10000210       0x24 C:/Users/Student/.pico-sdk/toolchain/14_2_Rel1/bin/../lib/gcc/arm-none-eabi/14.2.1/thumb/v8-m.main+fp/softfp/crtbegin.o
 .text.startup.main
                0x10000234       0xa0 CMakeFiles/Task3.dir/Task3.c.obj
                0x10000234                main
 .text.gpio_set_function
                0x100002d4       0x3c CMakeFiles/Task3.dir/C_/Users/Student/.pico-sdk/sdk/2.2.0/src/rp2_common/hardware_gpio/gpio.c.obj
                0x100002d4                gpio_set_function
 .text.gpio_set_pulls
                0x10000310       0x28 CMakeFiles/Task3.dir/C_/Users/Student/.pico-sdk/sdk/2.2.0/src/rp2_common/hardware_gpio/gpio.c.obj
                0x10000310                gpio_set_pulls
 .text.gpio_set_input_enabled
                0x10000338       0x20 CMakeFiles/Task3.dir/C_/Users/Student/.pico-sdk/sdk/2.2.0/src/rp2_common/hardware_gpio/gpio.c.obj
                0x10000338                gpio_set_input_enabled
 .text.panic    0x10000358       0x30 CMakeFiles/Task3.dir/C_/Users/Student/.pico-sdk/sdk/2.2.0/src/rp2_common/pico_platform_panic/panic.c.obj
                0x10000358                panic
 .text.hw_claim_or_assert
                0x10000388       0x58 CMakeFiles/Task3.dir/C_/Users/Student/.pico-sdk/sdk/2.2.0/src/common/hardware_claim/claim.c.obj
                0x10000388                hw_claim_or_assert
 .text.next_striped_spin_lock_num
                0x100003e0       0x18 CMakeFiles/Task3.dir/C_/Users/Student/.pico-sdk/sdk/2.2.0/src/rp2_common/hardware_sync/sync.c.obj
                0x100003e0                next_striped_spin_lock_num
 .text.spinlock_set_extexclall
                0x100003f8       0x10 CMakeFiles/Task3.dir/C_/Users/Student/.pico-sdk/sdk/2.2.0/src/rp2_common/hardware_sync_spin_lock/sync_spin_lock.c.obj
 .text.spin_locks_reset
                0x10000408       0x18 CMakeFiles/Task3.dir/C_/Users/Student/.pico-sdk/sdk/2.2.0/src/rp2_common/hardware_sync_spin_lock/sync_spin_lock.c.obj
                0x10000408                spin_locks_reset
 .text.runtime_init_per_core_irq_priorities
                0x10000420       0x40 CMakeFiles/Task3.dir/C_/Users/Student/.pico-sdk/sdk/2.2.0/src/rp2_common/hardware_irq/irq.c.obj
                0x10000420                runtime_init_per_core_irq_priorities
 .text.irq_set_enabled
                0x10000460       0x2c CMakeFiles/Task3.dir/C_/Users/Student/.pico-sdk/sdk/2.2.0/src/rp2_common/hardware_irq/irq.c.obj
                0x10000460                irq_set_enabled
 .text.irq_set_exclusive_handler
                0x1000048c       0x60 CMakeFiles/Task3.dir/C_/Users/Student/.pico-sdk/sdk/2.2.0/src/rp2_common/hardware_irq/irq.c.obj
                0x1000048c                irq_set_exclusive_handler
 .text.irq_remove_handler
                0x100004ec      0x1f4 CMakeFiles/Task3.dir/C_/Users/Student/.pico-sdk/sdk/2.2.0/src/rp2_common/hardware_irq/irq.c.obj
                0x100004ec                irq_remove_handler
 .text.irq_add_tail_to_free_list
                0x100006e0       0xbc CMakeFiles/Task3.dir/C_/Users/Student/.pico-sdk/sdk/2.2.0/src/rp2_common/hardware_irq/irq.c.obj
                0x100006e0                irq_add_tail_to_free_list
 .text.lock_init
                0x1000079c        0xc CMakeFiles/Task3.dir/C_/Users/Student/.pico-sdk/sdk/2.2.0/src/common/pico_sync/lock_core.c.obj
                0x1000079c                lock_init
 .text.runtime_init_mutex
                0x100007a8       0x4c CMakeFiles/Task3.dir/C_/Users/Student/.pico-sdk/sdk/2.2.0/src/common/pico_sync/mutex.c.obj
                0x100007a8                runtime_init_mutex
 .text.sleep_until_callback
                0x100007f4       0x3c CMakeFiles/Task3.dir/C_/Users/Student/.pico-sdk/sdk/2.2.0/src/common/pico_time/time.c.obj
 .text.alarm_pool_irq_handler
                0x10000830      0x2f0 CMakeFiles/Task3.dir/C_/Users/Student/.pico-sdk/sdk/2.2.0/src/common/pico_time/time.c.obj
 .text.runtime_init_default_alarm_pool
                0x10000b20      0x100 CMakeFiles/Task3.dir/C_/Users/Student/.pico-sdk/sdk/2.2.0/src/common/pico_time/time.c.obj
                0x10000b20                runtime_init_default_alarm_pool
 .text.alarm_pool_add_alarm_at_force_in_context
                0x10000c20       0xc8 CMakeFiles/Task3.dir/C_/Users/Student/.pico-sdk/sdk/2.2.0/src/common/pico_time/time.c.obj
                0x10000c20                alarm_pool_add_alarm_at_force_in_context
 .text.alarm_pool_cancel_alarm
                0x10000ce8       0x80 CMakeFiles/Task3.dir/C_/Users/Student/.pico-sdk/sdk/2.2.0/src/common/pico_time/time.c.obj
                0x10000ce8                alarm_pool_cancel_alarm
 .text.sleep_ms
                0x10000d68       0xdc CMakeFiles/Task3.dir/C_/Users/Student/.pico-sdk/sdk/2.2.0/src/common/pico_time/time.c.obj
                0x10000d68                sleep_ms
 .text.best_effort_wfe_or_timeout
                0x10000e44       0xd4 CMakeFiles/Task3.dir/C_/Users/Student/.pico-sdk/sdk/2.2.0/src/common/pico_time/time.c.obj
                0x10000e44                best_effort_wfe_or_timeout
 .text.timer_hardware_alarm_claim
                0x10000f18       0x24 CMakeFiles/Task3.dir/C_/Users/Student/.pico-sdk/sdk/2.2.0/src/rp2_common/hardware_timer/timer.c.obj
                0x10000f18                timer_hardware_alarm_claim
 .text.timer_time_us_64
                0x10000f3c       0x10 CMakeFiles/Task3.dir/C_/Users/Student/.pico-sdk/sdk/2.2.0/src/rp2_common/hardware_timer/timer.c.obj
                0x10000f3c                timer_time_us_64
 .text.time_us_64
                0x10000f4c       0x14 CMakeFiles/Task3.dir/C_/Users/Student/.pico-sdk/sdk/2.2.0/src/rp2_common/hardware_timer/timer.c.obj
                0x10000f4c                time_us_64
 .text.busy_wait_us
                0x10000f60       0x5c CMakeFiles/Task3.dir/C_/Users/Student/.pico-sdk/sdk/2.2.0/src/rp2_common/hardware_timer/timer.c.obj
                0x10000f60                busy_wait_us
 .text.busy_wait_until
                0x10000fbc       0x24 CMakeFiles/Task3.dir/C_/Users/Student/.pico-sdk/sdk/2.2.0/src/rp2_common/hardware_timer/timer.c.obj
                0x10000fbc                busy_wait_until
 .text.uart_init
                0x10000fe0      0x104 CMakeFiles/Task3.dir/C_/Users/Student/.pico-sdk/sdk/2.2.0/src/rp2_common/hardware_uart/uart.c.obj
                0x10000fe0                uart_init
 .text.clock_configure_undivided
                0x100010e4       0xd0 CMakeFiles/Task3.dir/C_/Users/Student/.pico-sdk/sdk/2.2.0/src/rp2_common/hardware_clocks/clocks.c.obj
                0x100010e4                clock_configure_undivided
 .text.clock_get_hz
                0x100011b4        0xc CMakeFiles/Task3.dir/C_/Users/Student/.pico-sdk/sdk/2.2.0/src/rp2_common/hardware_clocks/clocks.c.obj
                0x100011b4                clock_get_hz
 .text.pll_init
                0x100011c0       0x8c CMakeFiles/Task3.dir/C_/Users/Student/.pico-sdk/sdk/2.2.0/src/rp2_common/hardware_pll/pll.c.obj
                0x100011c0                pll_init
 .text.tick_start
                0x1000124c       0x18 CMakeFiles/Task3.dir/C_/Users/Student/.pico-sdk/sdk/2.2.0/src/rp2_common/hardware_ticks/ticks.c.obj
                0x1000124c                tick_start
 .text.rom_func_lookup
                0x10001264       0x18 CMakeFiles/Task3.dir/C_/Users/Student/.pico-sdk/sdk/2.2.0/src/rp2_common/pico_bootrom/bootrom.c.obj
                0x10001264                rom_func_lookup
 .text.runtime_init_bootrom_locking_enable
                0x1000127c       0x14 CMakeFiles/Task3.dir/C_/Users/Student/.pico-sdk/sdk/2.2.0/src/rp2_common/pico_bootrom/bootrom_lock.c.obj
                0x1000127c                runtime_init_bootrom_locking_enable
 .text.runtime_init_boot_locks_reset
                0x10001290       0x1c CMakeFiles/Task3.dir/C_/Users/Student/.pico-sdk/sdk/2.2.0/src/rp2_common/hardware_boot_lock/boot_lock.c.obj
                0x10001290                runtime_init_boot_locks_reset
 .text.xosc_init
                0x100012ac       0x30 CMakeFiles/Task3.dir/C_/Users/Student/.pico-sdk/sdk/2.2.0/src/rp2_common/hardware_xosc/xosc.c.obj
                0x100012ac                xosc_init
 .text.first_per_core_initializer
                0x100012dc        0x4 CMakeFiles/Task3.dir/C_/Users/Student/.pico-sdk/sdk/2.2.0/src/rp2_common/pico_runtime/runtime.c.obj
 .text.hard_assertion_failure
                0x100012e0        0xc CMakeFiles/Task3.dir/C_/Users/Student/.pico-sdk/sdk/2.2.0/src/rp2_common/pico_runtime/runtime.c.obj
                0x100012e0                hard_assertion_failure
 .text.runtime_run_initializers
                0x100012ec       0x20 CMakeFiles/Task3.dir/C_/Users/Student/.pico-sdk/sdk/2.2.0/src/rp2_common/pico_runtime/runtime.c.obj
                0x100012ec                runtime_run_initializers
 .text.runtime_init_early_resets
                0x1000130c       0x34 CMakeFiles/Task3.dir/C_/Users/Student/.pico-sdk/sdk/2.2.0/src/rp2_common/pico_runtime_init/runtime_init.c.obj
                0x1000130c                runtime_init_early_resets
 .text.runtime_init_usb_power_down
                0x10001340       0x1c CMakeFiles/Task3.dir/C_/Users/Student/.pico-sdk/sdk/2.2.0/src/rp2_common/pico_runtime_init/runtime_init.c.obj
                0x10001340                runtime_init_usb_power_down
 .text.runtime_init_per_core_enable_coprocessors
                0x1000135c       0x1c CMakeFiles/Task3.dir/C_/Users/Student/.pico-sdk/sdk/2.2.0/src/rp2_common/pico_runtime_init/runtime_init.c.obj
                0x1000135c                runtime_init_per_core_enable_coprocessors
 .text.runtime_init_post_clock_resets
                0x10001378       0x20 CMakeFiles/Task3.dir/C_/Users/Student/.pico-sdk/sdk/2.2.0/src/rp2_common/pico_runtime_init/runtime_init.c.obj
                0x10001378                runtime_init_post_clock_resets
 .text.runtime_init_bootrom_reset
                0x10001398       0x14 CMakeFiles/Task3.dir/C_/Users/Student/.pico-sdk/sdk/2.2.0/src/rp2_common/pico_runtime_init/runtime_init.c.obj
                0x10001398                runtime_init_bootrom_reset
 .text.runtime_init_per_core_bootrom_reset
                0x100013ac       0x14 CMakeFiles/Task3.dir/C_/Users/Student/.pico-sdk/sdk/2.2.0/src/rp2_common/pico_runtime_init/runtime_init.c.obj
                0x100013ac                runtime_init_per_core_bootrom_reset
 .text.runtime_init_spin_locks_reset
                0x100013c0        0x4 CMakeFiles/Task3.dir/C_/Users/Student/.pico-sdk/sdk/2.2.0/src/rp2_common/pico_runtime_init/runtime_init.c.obj
                0x100013c0                runtime_init_spin_locks_reset
 .text.runtime_init_install_ram_vector_table
                0x100013c4       0x68 CMakeFiles/Task3.dir/C_/Users/Student/.pico-sdk/sdk/2.2.0/src/rp2_common/pico_runtime_init/runtime_init.c.obj
                0x100013c4                runtime_init_install_ram_vector_table
 .text.runtime_init_clocks
                0x1000142c       0xdc CMakeFiles/Task3.dir/C_/Users/Student/.pico-sdk/sdk/2.2.0/src/rp2_common/pico_runtime_init/runtime_init_clocks.c.obj
                0x1000142c                runtime_init_clocks
 .text.__rp2350_dcp_engaged_state_save_restore
                0x10001508       0x3a CMakeFiles/Task3.dir/C_/Users/Student/.pico-sdk/sdk/2.2.0/src/rp2_common/pico_double/double_aeabi_dcp.S.obj
 *fill*         0x10001542        0x2 
 .text.__wrap___aeabi_dadd
                0x10001544       0x28 CMakeFiles/Task3.dir/C_/Users/Student/.pico-sdk/sdk/2.2.0/src/rp2_common/pico_double/double_aeabi_dcp.S.obj
                0x1000154c                __wrap___aeabi_dadd
 .text.__wrap___aeabi_dsub
                0x1000156c       0x28 CMakeFiles/Task3.dir/C_/Users/Student/.pico-sdk/sdk/2.2.0/src/rp2_common/pico_double/double_aeabi_dcp.S.obj
                0x10001574                __wrap___aeabi_dsub
 .text.__wrap___aeabi_dmul
                0x10001594       0x4c CMakeFiles/Task3.dir/C_/Users/Student/.pico-sdk/sdk/2.2.0/src/rp2_common/pico_double/double_aeabi_dcp.S.obj
                0x1000159c                __wrap___aeabi_dmul
 .text.__wrap___aeabi_ddiv
                0x100015e0       0x9c CMakeFiles/Task3.dir/C_/Users/Student/.pico-sdk/sdk/2.2.0/src/rp2_common/pico_double/double_aeabi_dcp.S.obj
                0x100015e8                __wrap___aeabi_ddiv
 .text.__wrap___aeabi_i2d
                0x1000167c       0x24 CMakeFiles/Task3.dir/C_/Users/Student/.pico-sdk/sdk/2.2.0/src/rp2_common/pico_double/double_aeabi_dcp.S.obj
                0x10001684                int2double
                0x10001684                __wrap___aeabi_i2d
 .text.__wrap___aeabi_ui2d
                0x100016a0       0x24 CMakeFiles/Task3.dir/C_/Users/Student/.pico-sdk/sdk/2.2.0/src/rp2_common/pico_double/double_aeabi_dcp.S.obj
                0x100016a8                uint2double
                0x100016a8                __wrap___aeabi_ui2d
 .text.__wrap___aeabi_d2iz
                0x100016c4       0x24 CMakeFiles/Task3.dir/C_/Users/Student/.pico-sdk/sdk/2.2.0/src/rp2_common/pico_double/double_aeabi_dcp.S.obj
                0x100016cc                double2int_z
                0x100016cc                __wrap___aeabi_d2iz
 .text.__wrap___aeabi_d2uiz
                0x100016e8       0x24 CMakeFiles/Task3.dir/C_/Users/Student/.pico-sdk/sdk/2.2.0/src/rp2_common/pico_double/double_aeabi_dcp.S.obj
                0x100016f0                double2uint
                0x100016f0                __wrap___aeabi_d2uiz
                0x100016f0                double2uint_z
 .text.__wrap___aeabi_dcmpun
                0x1000170c       0x24 CMakeFiles/Task3.dir/C_/Users/Student/.pico-sdk/sdk/2.2.0/src/rp2_common/pico_double/double_aeabi_dcp.S.obj
                0x10001714                __wrap___aeabi_dcmpun
 .text.__wrap___aeabi_dcmplt
                0x10001730       0x28 CMakeFiles/Task3.dir/C_/Users/Student/.pico-sdk/sdk/2.2.0/src/rp2_common/pico_double/double_aeabi_dcp.S.obj
                0x10001738                __wrap___aeabi_dcmplt
 .text.__wrap___aeabi_dcmple
                0x10001758       0x28 CMakeFiles/Task3.dir/C_/Users/Student/.pico-sdk/sdk/2.2.0/src/rp2_common/pico_double/double_aeabi_dcp.S.obj
                0x10001760                __wrap___aeabi_dcmple
 .text.__wrap___aeabi_dcmpge
                0x10001780       0x28 CMakeFiles/Task3.dir/C_/Users/Student/.pico-sdk/sdk/2.2.0/src/rp2_common/pico_double/double_aeabi_dcp.S.obj
                0x10001788                __wrap___aeabi_dcmpge
 .text.__wrap___aeabi_dcmpgt
                0x100017a8       0x28 CMakeFiles/Task3.dir/C_/Users/Student/.pico-sdk/sdk/2.2.0/src/rp2_common/pico_double/double_aeabi_dcp.S.obj
                0x100017b0                __wrap___aeabi_dcmpgt
 .text._out_null
                0x100017d0        0x4 CMakeFiles/Task3.dir/C_/Users/Student/.pico-sdk/sdk/2.2.0/src/rp2_common/pico_printf/printf.c.obj
 .text._out_rev
                0x100017d4       0x9c CMakeFiles/Task3.dir/C_/Users/Student/.pico-sdk/sdk/2.2.0/src/rp2_common/pico_printf/printf.c.obj
 .text._ntoa_format
                0x10001870      0x1d4 CMakeFiles/Task3.dir/C_/Users/Student/.pico-sdk/sdk/2.2.0/src/rp2_common/pico_printf/printf.c.obj
 .text._out_char
                0x10001a44        0x8 CMakeFiles/Task3.dir/C_/Users/Student/.pico-sdk/sdk/2.2.0/src/rp2_common/pico_printf/printf.c.obj
 .text._out_fct
                0x10001a4c        0xc CMakeFiles/Task3.dir/C_/Users/Student/.pico-sdk/sdk/2.2.0/src/rp2_common/pico_printf/printf.c.obj
 .text._ftoa    0x10001a58      0x4bc CMakeFiles/Task3.dir/C_/Users/Student/.pico-sdk/sdk/2.2.0/src/rp2_common/pico_printf/printf.c.obj
 *fill*         0x10001f14        0x4 
 .text._etoa    0x10001f18      0x574 CMakeFiles/Task3.dir/C_/Users/Student/.pico-sdk/sdk/2.2.0/src/rp2_common/pico_printf/printf.c.obj
 .text._vsnprintf
                0x1000248c      0x9e4 CMakeFiles/Task3.dir/C_/Users/Student/.pico-sdk/sdk/2.2.0/src/rp2_common/pico_printf/printf.c.obj
 .text.vfctprintf
                0x10002e70       0x28 CMakeFiles/Task3.dir/C_/Users/Student/.pico-sdk/sdk/2.2.0/src/rp2_common/pico_printf/printf.c.obj
                0x10002e70                vfctprintf
 .text.weak_raw_vprintf
                0x10002e98       0x30 CMakeFiles/Task3.dir/C_/Users/Student/.pico-sdk/sdk/2.2.0/src/rp2_common/pico_printf/printf.c.obj
                0x10002e98                weak_raw_vprintf
 .text._exit    0x10002ec8        0x4 CMakeFiles/Task3.dir/C_/Users/Student/.pico-sdk/sdk/2.2.0/src/rp2_common/pico_clib_interface/newlib_interface.c.obj
                0x10002ec8                _exit
 .text.exit     0x10002ecc        0x8 CMakeFiles/Task3.dir/C_/Users/Student/.pico-sdk/sdk/2.2.0/src/rp2_common/pico_clib_interface/newlib_interface.c.obj
                0x10002ecc                exit
 .text.runtime_init
                0x10002ed4       0x24 CMakeFiles/Task3.dir/C_/Users/Student/.pico-sdk/sdk/2.2.0/src/rp2_common/pico_clib_interface/newlib_interface.c.obj
                0x10002ed4                runtime_init
 .text.stdio_out_chars_no_crlf
                0x10002ef8        0x8 CMakeFiles/Task3.dir/C_/Users/Student/.pico-sdk/sdk/2.2.0/src/rp2_common/pico_stdio/stdio.c.obj
 .text.stdio_out_chars_crlf
                0x10002f00       0xb0 CMakeFiles/Task3.dir/C_/Users/Student/.pico-sdk/sdk/2.2.0/src/rp2_common/pico_stdio/stdio.c.obj
 .text.stdio_buffered_printer
                0x10002fb0       0x60 CMakeFiles/Task3.dir/C_/Users/Student/.pico-sdk/sdk/2.2.0/src/rp2_common/pico_stdio/stdio.c.obj
 .text.stdio_put_string
                0x10003010       0xec CMakeFiles/Task3.dir/C_/Users/Student/.pico-sdk/sdk/2.2.0/src/rp2_common/pico_stdio/stdio.c.obj
                0x10003010                stdio_put_string
 .text.stdio_set_driver_enabled
                0x100030fc       0x28 CMakeFiles/Task3.dir/C_/Users/Student/.pico-sdk/sdk/2.2.0/src/rp2_common/pico_stdio/stdio.c.obj
                0x100030fc                stdio_set_driver_enabled
 .text.stdio_init_all
                0x10003124        0xc CMakeFiles/Task3.dir/C_/Users/Student/.pico-sdk/sdk/2.2.0/src/rp2_common/pico_stdio/stdio.c.obj
                0x10003124                stdio_init_all
 .text.__wrap_putchar
                0x10003130       0x84 CMakeFiles/Task3.dir/C_/Users/Student/.pico-sdk/sdk/2.2.0/src/rp2_common/pico_stdio/stdio.c.obj
                0x10003130                __wrap_putchar
                0x10003130                stdio_putchar
 .text.__wrap_puts
                0x100031b4       0x3c CMakeFiles/Task3.dir/C_/Users/Student/.pico-sdk/sdk/2.2.0/src/rp2_common/pico_stdio/stdio.c.obj
                0x100031b4                stdio_puts
                0x100031b4                __wrap_puts
 .text.__wrap_vprintf
                0x100031f0       0xc4 CMakeFiles/Task3.dir/C_/Users/Student/.pico-sdk/sdk/2.2.0/src/rp2_common/pico_stdio/stdio.c.obj
                0x100031f0                stdio_vprintf
                0x100031f0                __wrap_vprintf
 .text.__wrap_printf
                0x100032b4       0x1c CMakeFiles/Task3.dir/C_/Users/Student/.pico-sdk/sdk/2.2.0/src/rp2_common/pico_stdio/stdio.c.obj
                0x100032b4                __wrap_printf
                0x100032b4                stdio_printf
 .text.stdio_uart_out_chars
                0x100032d0       0x50 CMakeFiles/Task3.dir/C_/Users/Student/.pico-sdk/sdk/2.2.0/src/rp2_common/pico_stdio_uart/stdio_uart.c.obj
 .text.stdio_uart_in_chars
                0x10003320       0x94 CMakeFiles/Task3.dir/C_/Users/Student/.pico-sdk/sdk/2.2.0/src/rp2_common/pico_stdio_uart/stdio_uart.c.obj
                0x10003320                stdio_uart_in_chars
 .text.on_uart_rx
                0x100033b4       0x24 CMakeFiles/Task3.dir/C_/Users/Student/.pico-sdk/sdk/2.2.0/src/rp2_common/pico_stdio_uart/stdio_uart.c.obj
 .text.stdio_uart_out_flush
                0x100033d8       0x10 CMakeFiles/Task3.dir/C_/Users/Student/.pico-sdk/sdk/2.2.0/src/rp2_common/pico_stdio_uart/stdio_uart.c.obj
 .text.stdio_uart_set_chars_available_callback
                0x100033e8       0x88 CMakeFiles/Task3.dir/C_/Users/Student/.pico-sdk/sdk/2.2.0/src/rp2_common/pico_stdio_uart/stdio_uart.c.obj
 .text.stdio_uart_init
                0x10003470       0x54 CMakeFiles/Task3.dir/C_/Users/Student/.pico-sdk/sdk/2.2.0/src/rp2_common/pico_stdio_uart/stdio_uart.c.obj
                0x10003470                stdio_uart_init
 .text.adc_init
                0x100034c4       0x30 CMakeFiles/Task3.dir/C_/Users/Student/.pico-sdk/sdk/2.2.0/src/rp2_common/hardware_adc/adc.c.obj
                0x100034c4                adc_init
 .text          0x100034f4       0xec C:/Users/Student/.pico-sdk/toolchain/14_2_Rel1/bin/../lib/gcc/arm-none-eabi/14.2.1/thumb/v8-m.main+fp/softfp\libg.a(libc_a-memcpy.o)
                0x100034f4                memcpy
 .text.strlen   0x100035e0       0x5c C:/Users/Student/.pico-sdk/toolchain/14_2_Rel1/bin/../lib/gcc/arm-none-eabi/14.2.1/thumb/v8-m.main+fp/softfp\libg.a(libc_a-strlen-stub.o)
                0x100035e0                strlen
 *(.fini)
 .fini          0x1000363c        0x4 C:/Users/Student/.pico-sdk/toolchain/14_2_Rel1/bin/../lib/gcc/arm-none-eabi/14.2.1/thumb/v8-m.main+fp/softfp/crti.o
                0x1000363c                _fini
 .fini.__stub   0x10003640       0x18 linker stubs
 *crtbegin.o(.ctors)
 *crtbegin?.o(.ctors)
 *(EXCLUDE_FILE(*crtend.o *crtend?.o) .ctors)
 *(SORT_BY_NAME(.ctors.*))
 *(.ctors)
 *crtbegin.o(.dtors)
 *crtbegin?.o(.dtors)
 *(EXCLUDE_FILE(*crtend.o *crtend?.o) .dtors)
 *(SORT_BY_NAME(.dtors.*))
 *(.dtors)
                0x10003658                        . = ALIGN (0x4)
                0x10003658                        PROVIDE (__preinit_array_start = .)
 *(SORT_BY_NAME(.preinit_array.*))
 .preinit_array.00050
                0x10003658        0x4 CMakeFiles/Task3.dir/C_/Users/Student/.pico-sdk/sdk/2.2.0/src/rp2_common/pico_runtime_init/runtime_init.c.obj
                0x10003658                __pre_init_runtime_init_bootrom_reset
 .preinit_array.00100
                0x1000365c        0x4 CMakeFiles/Task3.dir/C_/Users/Student/.pico-sdk/sdk/2.2.0/src/rp2_common/pico_runtime_init/runtime_init.c.obj
                0x1000365c                __pre_init_runtime_init_early_resets
 .preinit_array.00101
                0x10003660        0x4 CMakeFiles/Task3.dir/C_/Users/Student/.pico-sdk/sdk/2.2.0/src/rp2_common/pico_runtime_init/runtime_init.c.obj
                0x10003660                __pre_init_runtime_init_usb_power_down
 .preinit_array.00500
                0x10003664        0x4 CMakeFiles/Task3.dir/C_/Users/Student/.pico-sdk/sdk/2.2.0/src/rp2_common/pico_runtime_init/runtime_init.c.obj
                0x10003664                __pre_init_runtime_init_clocks
 .preinit_array.00600
                0x10003668        0x4 CMakeFiles/Task3.dir/C_/Users/Student/.pico-sdk/sdk/2.2.0/src/rp2_common/pico_runtime_init/runtime_init.c.obj
                0x10003668                __pre_init_runtime_init_post_clock_resets
 .preinit_array.01000
                0x1000366c        0x4 CMakeFiles/Task3.dir/C_/Users/Student/.pico-sdk/sdk/2.2.0/src/rp2_common/hardware_boot_lock/boot_lock.c.obj
                0x1000366c                __pre_init_runtime_init_boot_locks_reset
 .preinit_array.01000
                0x10003670        0x4 CMakeFiles/Task3.dir/C_/Users/Student/.pico-sdk/sdk/2.2.0/src/rp2_common/pico_runtime_init/runtime_init.c.obj
                0x10003670                __pre_init_runtime_init_spin_locks_reset
 .preinit_array.01010
                0x10003674        0x4 CMakeFiles/Task3.dir/C_/Users/Student/.pico-sdk/sdk/2.2.0/src/rp2_common/pico_bootrom/bootrom_lock.c.obj
                0x10003674                __pre_init_runtime_init_bootrom_locking_enable
 .preinit_array.01100
                0x10003678        0x4 CMakeFiles/Task3.dir/C_/Users/Student/.pico-sdk/sdk/2.2.0/src/common/pico_sync/mutex.c.obj
                0x10003678                __pre_init_runtime_init_mutex
 .preinit_array.10080
                0x1000367c        0x4 CMakeFiles/Task3.dir/C_/Users/Student/.pico-sdk/sdk/2.2.0/src/rp2_common/pico_runtime_init/runtime_init.c.obj
                0x1000367c                __pre_init_runtime_init_install_ram_vector_table
 .preinit_array.11000
                0x10003680        0x4 CMakeFiles/Task3.dir/C_/Users/Student/.pico-sdk/sdk/2.2.0/src/common/pico_time/time.c.obj
                0x10003680                __pre_init_runtime_init_default_alarm_pool
 .preinit_array.YYYYY
                0x10003684        0x4 CMakeFiles/Task3.dir/C_/Users/Student/.pico-sdk/sdk/2.2.0/src/rp2_common/pico_runtime/runtime.c.obj
                0x10003684                __pre_init_first_per_core_initializer
 .preinit_array.ZZZZZ.00051
                0x10003688        0x4 CMakeFiles/Task3.dir/C_/Users/Student/.pico-sdk/sdk/2.2.0/src/rp2_common/pico_runtime_init/runtime_init.c.obj
                0x10003688                __pre_init_runtime_init_per_core_bootrom_reset
 .preinit_array.ZZZZZ.00200
                0x1000368c        0x4 CMakeFiles/Task3.dir/C_/Users/Student/.pico-sdk/sdk/2.2.0/src/rp2_common/pico_runtime_init/runtime_init.c.obj
                0x1000368c                __pre_init_runtime_init_per_core_enable_coprocessors
 .preinit_array.ZZZZZ.01000
                0x10003690        0x4 CMakeFiles/Task3.dir/C_/Users/Student/.pico-sdk/sdk/2.2.0/src/rp2_common/hardware_sync_spin_lock/sync_spin_lock.c.obj
                0x10003690                __pre_init_spinlock_set_extexclall
 .preinit_array.ZZZZZ.01200
                0x10003694        0x4 CMakeFiles/Task3.dir/C_/Users/Student/.pico-sdk/sdk/2.2.0/src/rp2_common/hardware_irq/irq.c.obj
                0x10003694                __pre_init_runtime_init_per_core_irq_priorities
 *(.preinit_array)
                0x10003698                        PROVIDE (__preinit_array_end = .)
                0x10003698                        . = ALIGN (0x4)
                0x10003698                        PROVIDE (__init_array_start = .)
 *(SORT_BY_NAME(.init_array.*))
 *(.init_array)
 .init_array    0x10003698        0x4 C:/Users/Student/.pico-sdk/toolchain/14_2_Rel1/bin/../lib/gcc/arm-none-eabi/14.2.1/thumb/v8-m.main+fp/softfp/crtbegin.o
                0x1000369c                        PROVIDE (__init_array_end = .)
                0x1000369c                        . = ALIGN (0x4)
                [!provide]                        PROVIDE (__fini_array_start = .)
 *(SORT_BY_NAME(.fini_array.*))
 *(.fini_array)
                [!provide]                        PROVIDE (__fini_array_end = .)
 *(.eh_frame*)
 .eh_frame      0x1000369c        0x0 C:/Users/Student/.pico-sdk/toolchain/14_2_Rel1/bin/../lib/gcc/arm-none-eabi/14.2.1/thumb/v8-m.main+fp/softfp/crtbegin.o
                0x1000369c                        . = ALIGN (0x4)

.glue_7         0x1000369c        0x0
 .glue_7        0x1000369c        0x0 linker stubs

.glue_7t        0x1000369c        0x0
 .glue_7t       0x1000369c        0x0 linker stubs

.vfp11_veneer   0x1000369c        0x0
 .vfp11_veneer  0x1000369c        0x0 linker stubs

.v4_bx          0x1000369c        0x0
 .v4_bx         0x1000369c        0x0 linker stubs

.iplt           0x1000369c        0x0
 .iplt          0x1000369c        0x0 C:/Users/Student/.pico-sdk/toolchain/14_2_Rel1/bin/../lib/gcc/arm-none-eabi/14.2.1/thumb/v8-m.main+fp/softfp/crtbegin.o

.boot2          0x1000369c        0x0
                0x1000369c                        __boot2_start__ = .
 *(.boot2)
                0x1000369c                        __boot2_end__ = .
                0x00000001                        ASSERT (((__boot2_end__ - __boot2_start__) <= 0x100), ERROR: Pico second stage bootloader must be no more than 256 bytes in size)

.rodata         0x100036a0      0x1d8
 *(EXCLUDE_FILE(*libm.a: *libc.a:*lib_a-mem*.o *libgcc.a:) .rodata*)
 .rodata.main.str1.4
                0x100036a0      0x104 CMakeFiles/Task3.dir/Task3.c.obj
                                 0x39 (size before relaxing)
 .rodata.panic.str1.4
                0x100037a4       0x12 CMakeFiles/Task3.dir/C_/Users/Student/.pico-sdk/sdk/2.2.0/src/rp2_common/pico_platform_panic/panic.c.obj
 .rodata.timer_hardware_alarm_claim.str1.4
                0x100037a4       0x22 CMakeFiles/Task3.dir/C_/Users/Student/.pico-sdk/sdk/2.2.0/src/rp2_common/hardware_timer/timer.c.obj
 .rodata.hard_assertion_failure.str1.4
                0x100037a4        0xc CMakeFiles/Task3.dir/C_/Users/Student/.pico-sdk/sdk/2.2.0/src/rp2_common/pico_runtime/runtime.c.obj
 .rodata.str1.4
                0x100037a4       0x40 CMakeFiles/Task3.dir/C_/Users/Student/.pico-sdk/sdk/2.2.0/src/rp2_common/pico_standard_binary_info/standard_binary_info.c.obj
 .rodata.__bi_84
                0x100037a4        0xc CMakeFiles/Task3.dir/C_/Users/Student/.pico-sdk/sdk/2.2.0/src/rp2_common/pico_standard_binary_info/standard_binary_info.c.obj
 .rodata.__bi_78
                0x100037b0        0xc CMakeFiles/Task3.dir/C_/Users/Student/.pico-sdk/sdk/2.2.0/src/rp2_common/pico_standard_binary_info/standard_binary_info.c.obj
 .rodata.__bi_60
                0x100037bc        0xc CMakeFiles/Task3.dir/C_/Users/Student/.pico-sdk/sdk/2.2.0/src/rp2_common/pico_standard_binary_info/standard_binary_info.c.obj
 .rodata.__bi_54
                0x100037c8        0xc CMakeFiles/Task3.dir/C_/Users/Student/.pico-sdk/sdk/2.2.0/src/rp2_common/pico_standard_binary_info/standard_binary_info.c.obj
 .rodata.__bi_48
                0x100037d4        0xc CMakeFiles/Task3.dir/C_/Users/Student/.pico-sdk/sdk/2.2.0/src/rp2_common/pico_standard_binary_info/standard_binary_info.c.obj
 .rodata.__bi_42
                0x100037e0        0xc CMakeFiles/Task3.dir/C_/Users/Student/.pico-sdk/sdk/2.2.0/src/rp2_common/pico_standard_binary_info/standard_binary_info.c.obj
 .rodata.__bi_34
                0x100037ec        0xc CMakeFiles/Task3.dir/C_/Users/Student/.pico-sdk/sdk/2.2.0/src/rp2_common/pico_standard_binary_info/standard_binary_info.c.obj
 .rodata.__bi_26
                0x100037f8        0xc CMakeFiles/Task3.dir/C_/Users/Student/.pico-sdk/sdk/2.2.0/src/rp2_common/pico_standard_binary_info/standard_binary_info.c.obj
 .rodata._ftoa.str1.4
                0x10003804       0x15 CMakeFiles/Task3.dir/C_/Users/Student/.pico-sdk/sdk/2.2.0/src/rp2_common/pico_printf/printf.c.obj
 *fill*         0x10003804        0x4 
 .rodata.pow10.0
                0x10003808       0x50 CMakeFiles/Task3.dir/C_/Users/Student/.pico-sdk/sdk/2.2.0/src/rp2_common/pico_printf/printf.c.obj
 .rodata.crlf_str.0
                0x10003858        0x2 CMakeFiles/Task3.dir/C_/Users/Student/.pico-sdk/sdk/2.2.0/src/rp2_common/pico_stdio/stdio.c.obj
 .rodata.str1.4
                0x1000385a       0x2c CMakeFiles/Task3.dir/C_/Users/Student/.pico-sdk/sdk/2.2.0/src/rp2_common/pico_stdio_uart/stdio_uart.c.obj
 *fill*         0x1000385a        0x2 
 .rodata.__bi_45.4
                0x1000385c        0xc CMakeFiles/Task3.dir/C_/Users/Student/.pico-sdk/sdk/2.2.0/src/rp2_common/pico_stdio_uart/stdio_uart.c.obj
 .rodata.__bi_49.5
                0x10003868        0x8 CMakeFiles/Task3.dir/C_/Users/Student/.pico-sdk/sdk/2.2.0/src/rp2_common/pico_stdio_uart/stdio_uart.c.obj
 .rodata.__bi_50.6
                0x10003870        0x8 CMakeFiles/Task3.dir/C_/Users/Student/.pico-sdk/sdk/2.2.0/src/rp2_common/pico_stdio_uart/stdio_uart.c.obj
 *(.srodata*)
                0x10003878                        . = ALIGN (0x4)
 *(SORT_BY_ALIGNMENT(SORT_BY_NAME(.flashdata*)))
                0x10003878                        . = ALIGN (0x4)

.ARM.extab
 *(.ARM.extab* .gnu.linkonce.armextab.*)
                0x10003878                        __exidx_start = .

.ARM.exidx      0x10003878        0x8
 *(.ARM.exidx* .gnu.linkonce.armexidx.*)
 .ARM.exidx     0x10003878        0x8 C:/Users/Student/.pico-sdk/toolchain/14_2_Rel1/bin/../lib/gcc/arm-none-eabi/14.2.1/thumb/v8-m.main+fp/softfp\libg.a(libc_a-memcpy.o)
 .ARM.exidx.text.__udivmoddi4
                0x10003880        0x0 C:/Users/Student/.pico-sdk/toolchain/14_2_Rel1/bin/../lib/gcc/arm-none-eabi/14.2.1/thumb/v8-m.main+fp/softfp\libgcc.a(_udivmoddi4.o)
                                  0x8 (size before relaxing)
                0x10003880                        __exidx_end = .
                0x10003880                        . = ALIGN (0x4)
                0x10003880                        __binary_info_start = .

.binary_info    0x10003880       0x2c
 *(.binary_info.keep.*)
 .binary_info.keep.__bi_ptr84
                0x10003880        0x4 CMakeFiles/Task3.dir/C_/Users/Student/.pico-sdk/sdk/2.2.0/src/rp2_common/pico_standard_binary_info/standard_binary_info.c.obj
 .binary_info.keep.__bi_ptr78
                0x10003884        0x4 CMakeFiles/Task3.dir/C_/Users/Student/.pico-sdk/sdk/2.2.0/src/rp2_common/pico_standard_binary_info/standard_binary_info.c.obj
 .binary_info.keep.__bi_ptr60
                0x10003888        0x4 CMakeFiles/Task3.dir/C_/Users/Student/.pico-sdk/sdk/2.2.0/src/rp2_common/pico_standard_binary_info/standard_binary_info.c.obj
 .binary_info.keep.__bi_ptr54
                0x1000388c        0x4 CMakeFiles/Task3.dir/C_/Users/Student/.pico-sdk/sdk/2.2.0/src/rp2_common/pico_standard_binary_info/standard_binary_info.c.obj
 .binary_info.keep.__bi_ptr48
                0x10003890        0x4 CMakeFiles/Task3.dir/C_/Users/Student/.pico-sdk/sdk/2.2.0/src/rp2_common/pico_standard_binary_info/standard_binary_info.c.obj
 .binary_info.keep.__bi_ptr42
                0x10003894        0x4 CMakeFiles/Task3.dir/C_/Users/Student/.pico-sdk/sdk/2.2.0/src/rp2_common/pico_standard_binary_info/standard_binary_info.c.obj
 .binary_info.keep.__bi_ptr34
                0x10003898        0x4 CMakeFiles/Task3.dir/C_/Users/Student/.pico-sdk/sdk/2.2.0/src/rp2_common/pico_standard_binary_info/standard_binary_info.c.obj
 .binary_info.keep.__bi_ptr26
                0x1000389c        0x4 CMakeFiles/Task3.dir/C_/Users/Student/.pico-sdk/sdk/2.2.0/src/rp2_common/pico_standard_binary_info/standard_binary_info.c.obj
 *(.binary_info.*)
 .binary_info.__bi_ptr50
                0x100038a0        0x4 CMakeFiles/Task3.dir/C_/Users/Student/.pico-sdk/sdk/2.2.0/src/rp2_common/pico_stdio_uart/stdio_uart.c.obj
 .binary_info.__bi_ptr49
                0x100038a4        0x4 CMakeFiles/Task3.dir/C_/Users/Student/.pico-sdk/sdk/2.2.0/src/rp2_common/pico_stdio_uart/stdio_uart.c.obj
 .binary_info.__bi_ptr45
                0x100038a8        0x4 CMakeFiles/Task3.dir/C_/Users/Student/.pico-sdk/sdk/2.2.0/src/rp2_common/pico_stdio_uart/stdio_uart.c.obj
                0x100038ac                        __binary_info_end = .
                0x100038ac                        . = ALIGN (0x4)

.ram_vector_table
                0x20000000      0x110
 *(.ram_vector_table)
 .ram_vector_table
                0x20000000      0x110 CMakeFiles/Task3.dir/C_/Users/Student/.pico-sdk/sdk/2.2.0/src/rp2_common/pico_runtime_init/runtime_init.c.obj
                0x20000000                ram_vector_table

.uninitialized_data
                0x20000110        0x0
                0x20000110                        . = ALIGN (0x4)
 *(.uninitialized_data*)

.data           0x20000110      0x51c load address 0x100038ac
                0x20000110                        __data_start__ = .
 *(vtable)
 *(.time_critical*)
 .time_critical.mutex_enter_block_until
                0x20000110       0x6c CMakeFiles/Task3.dir/C_/Users/Student/.pico-sdk/sdk/2.2.0/src/common/pico_sync/mutex.c.obj
                0x20000110                mutex_enter_block_until
 .time_critical.mutex_try_enter_block_until
                0x2000017c       0x68 CMakeFiles/Task3.dir/C_/Users/Student/.pico-sdk/sdk/2.2.0/src/common/pico_sync/mutex.c.obj
                0x2000017c                mutex_try_enter_block_until
 .time_critical.mutex_exit
                0x200001e4       0x3c CMakeFiles/Task3.dir/C_/Users/Student/.pico-sdk/sdk/2.2.0/src/common/pico_sync/mutex.c.obj
                0x200001e4                mutex_exit
 *(.text*)
 .text          0x20000220       0x30 C:/Users/Student/.pico-sdk/toolchain/14_2_Rel1/bin/../lib/gcc/arm-none-eabi/14.2.1/thumb/v8-m.main+fp/softfp\libgcc.a(_aeabi_uldivmod.o)
                0x20000220                __aeabi_uldivmod
 .text.__udivmoddi4
                0x20000250      0x34c C:/Users/Student/.pico-sdk/toolchain/14_2_Rel1/bin/../lib/gcc/arm-none-eabi/14.2.1/thumb/v8-m.main+fp/softfp\libgcc.a(_udivmoddi4.o)
                0x20000250                __udivmoddi4
 .text          0x2000059c        0x4 C:/Users/Student/.pico-sdk/toolchain/14_2_Rel1/bin/../lib/gcc/arm-none-eabi/14.2.1/thumb/v8-m.main+fp/softfp\libgcc.a(_dvmd_tls.o)
                0x2000059c                __aeabi_idiv0
                0x2000059c                __aeabi_ldiv0
 .text.__stub   0x200005a0        0x8 linker stubs
                0x200005a8                        . = ALIGN (0x4)
 *(.rodata*)
                0x200005a8                        . = ALIGN (0x4)
 *(.data*)
 .data.striped_spin_lock_num
                0x200005a8        0x1 CMakeFiles/Task3.dir/C_/Users/Student/.pico-sdk/sdk/2.2.0/src/rp2_common/hardware_sync/sync.c.obj
 *fill*         0x200005a9        0x3 
 .data          0x200005ac       0x48 CMakeFiles/Task3.dir/C_/Users/Student/.pico-sdk/sdk/2.2.0/src/rp2_common/hardware_irq/irq_handler_chain.S.obj
                0x200005ac                irq_handler_chain_slots
                0x200005dc                irq_handler_chain_first_slot
                0x200005e6                irq_handler_chain_remove_tail
 .data.default_alarm_pool
                0x200005f4       0x18 CMakeFiles/Task3.dir/C_/Users/Student/.pico-sdk/sdk/2.2.0/src/common/pico_time/time.c.obj
 .data.stdio_uart
                0x2000060c       0x18 CMakeFiles/Task3.dir/C_/Users/Student/.pico-sdk/sdk/2.2.0/src/rp2_common/pico_stdio_uart/stdio_uart.c.obj
                0x2000060c                stdio_uart
 *(.sdata*)
                0x20000624                        . = ALIGN (0x4)
 *(.after_data.*)
                0x20000624                        . = ALIGN (0x4)
                0x20000624                        PROVIDE (__mutex_array_start = .)
 *(SORT_BY_NAME(.mutex_array.*))
 *(.mutex_array)
 .mutex_array   0x20000624        0x8 CMakeFiles/Task3.dir/C_/Users/Student/.pico-sdk/sdk/2.2.0/src/rp2_common/pico_stdio/stdio.c.obj
                0x2000062c                        PROVIDE (__mutex_array_end = .)
 *(.jcr)
                0x2000062c                        . = ALIGN (0x4)

.tm_clone_table
                0x2000062c        0x0 load address 0x10003dc8
 .tm_clone_table
                0x2000062c        0x0 C:/Users/Student/.pico-sdk/toolchain/14_2_Rel1/bin/../lib/gcc/arm-none-eabi/14.2.1/thumb/v8-m.main+fp/softfp/crtbegin.o
 .tm_clone_table
                0x2000062c        0x0 C:/Users/Student/.pico-sdk/toolchain/14_2_Rel1/bin/../lib/gcc/arm-none-eabi/14.2.1/thumb/v8-m.main+fp/softfp/crtend.o

.igot.plt       0x2000062c        0x0 load address 0x10003dc8
 .igot.plt      0x2000062c        0x0 C:/Users/Student/.pico-sdk/toolchain/14_2_Rel1/bin/../lib/gcc/arm-none-eabi/14.2.1/thumb/v8-m.main+fp/softfp/crtbegin.o

.tdata          0x2000062c        0x0 load address 0x10003dc8
                0x2000062c                        . = ALIGN (0x4)
 *(.tdata .tdata.* .gnu.linkonce.td.*)
                0x2000062c                        __tdata_end = .
                0x2000062c                        PROVIDE (__data_end__ = .)
                0x100038ac                        __etext = LOADADDR (.data)

.tbss           0x2000062c        0x0 load address 0x10003dc8
                0x2000062c                        . = ALIGN (0x4)
                0x2000062c                        __bss_start__ = .
                0x2000062c                        __tls_base = .
 *(.tbss .tbss.* .gnu.linkonce.tb.*)
 *(.tcommon)
                0x2000062c                        __tls_end = .

.bss            0x20000630      0x228 load address 0x10003dc8
                0x20000630                        . = ALIGN (0x4)
                0x20000630                        __tbss_end = .
 *(SORT_BY_ALIGNMENT(SORT_BY_NAME(.bss*)))
 .bss.default_alarm_pool_entries
                0x20000630      0x180 CMakeFiles/Task3.dir/C_/Users/Student/.pico-sdk/sdk/2.2.0/src/common/pico_time/time.c.obj
 .bss._sw_spin_locks
                0x200007b0       0x20 CMakeFiles/Task3.dir/C_/Users/Student/.pico-sdk/sdk/2.2.0/src/rp2_common/hardware_sync_spin_lock/sync_spin_lock.c.obj
                0x200007b0                _sw_spin_locks
 .bss.chars_available_callback
                0x200007d0        0x4 CMakeFiles/Task3.dir/C_/Users/Student/.pico-sdk/sdk/2.2.0/src/rp2_common/pico_stdio_uart/stdio_uart.c.obj
 .bss.chars_available_param
                0x200007d4        0x4 CMakeFiles/Task3.dir/C_/Users/Student/.pico-sdk/sdk/2.2.0/src/rp2_common/pico_stdio_uart/stdio_uart.c.obj
 .bss.claimed   0x200007d8        0x2 CMakeFiles/Task3.dir/C_/Users/Student/.pico-sdk/sdk/2.2.0/src/rp2_common/hardware_timer/timer.c.obj
 *fill*         0x200007da        0x2 
 .bss.configured_freq
                0x200007dc       0x28 CMakeFiles/Task3.dir/C_/Users/Student/.pico-sdk/sdk/2.2.0/src/rp2_common/hardware_clocks/clocks.c.obj
 .bss.drivers   0x20000804        0x4 CMakeFiles/Task3.dir/C_/Users/Student/.pico-sdk/sdk/2.2.0/src/rp2_common/pico_stdio/stdio.c.obj
 .bss.filter    0x20000808        0x4 CMakeFiles/Task3.dir/C_/Users/Student/.pico-sdk/sdk/2.2.0/src/rp2_common/pico_stdio/stdio.c.obj
 .bss.lazy_vsnprintf
                0x2000080c        0x4 CMakeFiles/Task3.dir/C_/Users/Student/.pico-sdk/sdk/2.2.0/src/rp2_common/pico_printf/printf.c.obj
 .bss.object.0  0x20000810       0x18 C:/Users/Student/.pico-sdk/toolchain/14_2_Rel1/bin/../lib/gcc/arm-none-eabi/14.2.1/thumb/v8-m.main+fp/softfp/crtbegin.o
 .bss.pools     0x20000828       0x20 CMakeFiles/Task3.dir/C_/Users/Student/.pico-sdk/sdk/2.2.0/src/common/pico_time/time.c.obj
 .bss.sleep_notifier
                0x20000848        0x4 CMakeFiles/Task3.dir/C_/Users/Student/.pico-sdk/sdk/2.2.0/src/common/pico_time/time.c.obj
 .bss.uart_char_to_line_feed
                0x2000084c        0x4 CMakeFiles/Task3.dir/C_/Users/Student/.pico-sdk/sdk/2.2.0/src/rp2_common/hardware_uart/uart.c.obj
                0x2000084c                uart_char_to_line_feed
 .bss.uart_instance
                0x20000850        0x4 CMakeFiles/Task3.dir/C_/Users/Student/.pico-sdk/sdk/2.2.0/src/rp2_common/pico_stdio_uart/stdio_uart.c.obj
 .bss.irq_handler_chain_free_slot_head
                0x20000854        0x1 CMakeFiles/Task3.dir/C_/Users/Student/.pico-sdk/sdk/2.2.0/src/rp2_common/hardware_irq/irq.c.obj
 *(COMMON)
                [!provide]                        PROVIDE (__global_pointer$ = (. + 0x800))
 *(.sbss*)
                0x20000858                        . = ALIGN (0x4)
 *fill*         0x20000855        0x3 
                0x20000858                        __bss_end__ = .

.heap           0x20000858      0x800 load address 0x10003dc8
                0x20000858                        __end__ = .
                0x20000858                        end = __end__
 *(.heap*)
 .heap          0x20000858      0x800 CMakeFiles/Task3.dir/C_/Users/Student/.pico-sdk/sdk/2.2.0/src/rp2_common/pico_crt0/crt0.S.obj
                0x20080000                        __HeapLimit = (ORIGIN (RAM) + LENGTH (RAM))

.scratch_x      0x20080000        0x0 load address 0x10003dc8
                0x20080000                        __scratch_x_start__ = .
 *(.scratch_x.*)
                0x20080000                        . = ALIGN (0x4)
                0x20080000                        __scratch_x_end__ = .
                0x10003dc8                        __scratch_x_source__ = LOADADDR (.scratch_x)

.scratch_y      0x20081000        0x0 load address 0x10003dc8
                0x20081000                        __scratch_y_start__ = .
 *(.scratch_y.*)
                0x20081000                        . = ALIGN (0x4)
                0x20081000                        __scratch_y_end__ = .
                0x10003dc8                        __scratch_y_source__ = LOADADDR (.scratch_y)

.stack1_dummy
 *(.stack1*)

.stack_dummy    0x20081000      0x800
 *(.stack*)
 .stack         0x20081000      0x800 CMakeFiles/Task3.dir/C_/Users/Student/.pico-sdk/sdk/2.2.0/src/rp2_common/pico_crt0/crt0.S.obj

.flash_end      0x10003dc8       0x14
 *(.embedded_end_block*)
 .embedded_end_block
                0x10003dc8       0x14 CMakeFiles/Task3.dir/C_/Users/Student/.pico-sdk/sdk/2.2.0/src/rp2_common/pico_crt0/crt0.S.obj
                0x10003ddc                        PROVIDE (__flash_binary_end = .)
                0x20080000                        __StackLimit = (ORIGIN (RAM) + LENGTH (RAM))
                0x20081000                        __StackOneTop = (ORIGIN (SCRATCH_X) + LENGTH (SCRATCH_X))
                0x20082000                        __StackTop = (ORIGIN (SCRATCH_Y) + LENGTH (SCRATCH_Y))
                0x20081000                        __StackOneBottom = (__StackOneTop - SIZEOF (.stack1_dummy))
                0x20081800                        __StackBottom = (__StackTop - SIZEOF (.stack_dummy))
                0x20082000                        PROVIDE (__stack = __StackTop)
                [!provide]                        PROVIDE (__heap_start = __end__)
                [!provide]                        PROVIDE (__heap_end = __HeapLimit)
                [!provide]                        PROVIDE (__tls_align = MAX (ALIGNOF (.tdata), ALIGNOF (.tbss)))
                [!provide]                        PROVIDE (__tls_size_align = (((__tls_size + __tls_align) - 0x1) & ~ ((__tls_align - 0x1))))
                [!provide]                        PROVIDE (__arm32_tls_tcb_offset = MAX (0x8, __tls_align))
                [!provide]                        PROVIDE (_end = __end__)
                [!provide]                        PROVIDE (__llvm_libc_heap_limit = __HeapLimit)
                0x00000001                        ASSERT ((__StackLimit >= __HeapLimit), region RAM overflowed)
                0x00000001                        ASSERT (((__binary_info_header_end - __logical_binary_start) <= 0x400), Binary info must be in first 1024 bytes of the binary)
                0x00000001                        ASSERT (((__embedded_block_end - __logical_binary_start) <= 0x1000), Embedded block must be in first 4096 bytes of the binary)
LOAD CMakeFiles/Task3.dir/Task3.c.obj
LOAD CMakeFiles/Task3.dir/C_/Users/Student/.pico-sdk/sdk/2.2.0/src/rp2_common/pico_stdlib/stdlib.c.obj
LOAD CMakeFiles/Task3.dir/C_/Users/Student/.pico-sdk/sdk/2.2.0/src/rp2_common/hardware_gpio/gpio.c.obj
LOAD CMakeFiles/Task3.dir/C_/Users/Student/.pico-sdk/sdk/2.2.0/src/rp2350/pico_platform/platform.c.obj
LOAD CMakeFiles/Task3.dir/C_/Users/Student/.pico-sdk/sdk/2.2.0/src/rp2_common/pico_platform_common/common.c.obj
LOAD CMakeFiles/Task3.dir/C_/Users/Student/.pico-sdk/sdk/2.2.0/src/rp2_common/pico_platform_panic/panic.c.obj
LOAD CMakeFiles/Task3.dir/C_/Users/Student/.pico-sdk/sdk/2.2.0/src/common/hardware_claim/claim.c.obj
LOAD CMakeFiles/Task3.dir/C_/Users/Student/.pico-sdk/sdk/2.2.0/src/rp2_common/hardware_sync/sync.c.obj
LOAD CMakeFiles/Task3.dir/C_/Users/Student/.pico-sdk/sdk/2.2.0/src/rp2_common/hardware_sync_spin_lock/sync_spin_lock.c.obj
LOAD CMakeFiles/Task3.dir/C_/Users/Student/.pico-sdk/sdk/2.2.0/src/rp2_common/hardware_irq/irq.c.obj
LOAD CMakeFiles/Task3.dir/C_/Users/Student/.pico-sdk/sdk/2.2.0/src/rp2_common/hardware_irq/irq_handler_chain.S.obj
LOAD CMakeFiles/Task3.dir/C_/Users/Student/.pico-sdk/sdk/2.2.0/src/common/pico_sync/sem.c.obj
LOAD CMakeFiles/Task3.dir/C_/Users/Student/.pico-sdk/sdk/2.2.0/src/common/pico_sync/lock_core.c.obj
LOAD CMakeFiles/Task3.dir/C_/Users/Student/.pico-sdk/sdk/2.2.0/src/common/pico_sync/mutex.c.obj
LOAD CMakeFiles/Task3.dir/C_/Users/Student/.pico-sdk/sdk/2.2.0/src/common/pico_sync/critical_section.c.obj
LOAD CMakeFiles/Task3.dir/C_/Users/Student/.pico-sdk/sdk/2.2.0/src/common/pico_time/time.c.obj
LOAD CMakeFiles/Task3.dir/C_/Users/Student/.pico-sdk/sdk/2.2.0/src/common/pico_time/timeout_helper.c.obj
LOAD CMakeFiles/Task3.dir/C_/Users/Student/.pico-sdk/sdk/2.2.0/src/rp2_common/hardware_timer/timer.c.obj
LOAD CMakeFiles/Task3.dir/C_/Users/Student/.pico-sdk/sdk/2.2.0/src/common/pico_util/datetime.c.obj
LOAD CMakeFiles/Task3.dir/C_/Users/Student/.pico-sdk/sdk/2.2.0/src/common/pico_util/pheap.c.obj
LOAD CMakeFiles/Task3.dir/C_/Users/Student/.pico-sdk/sdk/2.2.0/src/common/pico_util/queue.c.obj
LOAD CMakeFiles/Task3.dir/C_/Users/Student/.pico-sdk/sdk/2.2.0/src/rp2_common/hardware_uart/uart.c.obj
LOAD CMakeFiles/Task3.dir/C_/Users/Student/.pico-sdk/sdk/2.2.0/src/rp2_common/hardware_clocks/clocks.c.obj
LOAD CMakeFiles/Task3.dir/C_/Users/Student/.pico-sdk/sdk/2.2.0/src/rp2_common/hardware_pll/pll.c.obj
LOAD CMakeFiles/Task3.dir/C_/Users/Student/.pico-sdk/sdk/2.2.0/src/rp2_common/hardware_vreg/vreg.c.obj
LOAD CMakeFiles/Task3.dir/C_/Users/Student/.pico-sdk/sdk/2.2.0/src/rp2_common/hardware_watchdog/watchdog.c.obj
LOAD CMakeFiles/Task3.dir/C_/Users/Student/.pico-sdk/sdk/2.2.0/src/rp2_common/hardware_ticks/ticks.c.obj
LOAD CMakeFiles/Task3.dir/C_/Users/Student/.pico-sdk/sdk/2.2.0/src/rp2_common/pico_bootrom/bootrom.c.obj
LOAD CMakeFiles/Task3.dir/C_/Users/Student/.pico-sdk/sdk/2.2.0/src/rp2_common/pico_bootrom/bootrom_lock.c.obj
LOAD CMakeFiles/Task3.dir/C_/Users/Student/.pico-sdk/sdk/2.2.0/src/rp2_common/hardware_boot_lock/boot_lock.c.obj
LOAD CMakeFiles/Task3.dir/C_/Users/Student/.pico-sdk/sdk/2.2.0/src/rp2_common/pico_flash/flash.c.obj
LOAD CMakeFiles/Task3.dir/C_/Users/Student/.pico-sdk/sdk/2.2.0/src/rp2_common/hardware_xosc/xosc.c.obj
LOAD CMakeFiles/Task3.dir/C_/Users/Student/.pico-sdk/sdk/2.2.0/src/rp2_common/hardware_divider/divider.c.obj
LOAD CMakeFiles/Task3.dir/C_/Users/Student/.pico-sdk/sdk/2.2.0/src/rp2_common/pico_runtime/runtime.c.obj
LOAD CMakeFiles/Task3.dir/C_/Users/Student/.pico-sdk/sdk/2.2.0/src/rp2_common/pico_runtime_init/runtime_init.c.obj
LOAD CMakeFiles/Task3.dir/C_/Users/Student/.pico-sdk/sdk/2.2.0/src/rp2_common/pico_runtime_init/runtime_init_clocks.c.obj
LOAD CMakeFiles/Task3.dir/C_/Users/Student/.pico-sdk/sdk/2.2.0/src/rp2_common/pico_runtime_init/runtime_init_stack_guard.c.obj
LOAD CMakeFiles/Task3.dir/C_/Users/Student/.pico-sdk/sdk/2.2.0/src/rp2_common/pico_bit_ops/bit_ops_aeabi.S.obj
LOAD CMakeFiles/Task3.dir/C_/Users/Student/.pico-sdk/sdk/2.2.0/src/rp2_common/pico_divider/divider_compiler.c.obj
LOAD CMakeFiles/Task3.dir/C_/Users/Student/.pico-sdk/sdk/2.2.0/src/rp2_common/pico_double/double_math.c.obj
LOAD CMakeFiles/Task3.dir/C_/Users/Student/.pico-sdk/sdk/2.2.0/src/rp2_common/pico_double/double_aeabi_dcp.S.obj
LOAD CMakeFiles/Task3.dir/C_/Users/Student/.pico-sdk/sdk/2.2.0/src/rp2_common/pico_double/double_fma_dcp.S.obj
LOAD CMakeFiles/Task3.dir/C_/Users/Student/.pico-sdk/sdk/2.2.0/src/rp2_common/pico_double/double_sci_m33.S.obj
LOAD CMakeFiles/Task3.dir/C_/Users/Student/.pico-sdk/sdk/2.2.0/src/rp2_common/pico_double/double_conv_m33.S.obj
LOAD CMakeFiles/Task3.dir/C_/Users/Student/.pico-sdk/sdk/2.2.0/src/rp2_common/pico_float/float_math.c.obj
LOAD CMakeFiles/Task3.dir/C_/Users/Student/.pico-sdk/sdk/2.2.0/src/rp2_common/pico_float/float_conv32_vfp.S.obj
LOAD CMakeFiles/Task3.dir/C_/Users/Student/.pico-sdk/sdk/2.2.0/src/rp2_common/pico_float/float_common_m33.S.obj
LOAD CMakeFiles/Task3.dir/C_/Users/Student/.pico-sdk/sdk/2.2.0/src/rp2_common/pico_float/float_sci_m33_vfp.S.obj
LOAD CMakeFiles/Task3.dir/C_/Users/Student/.pico-sdk/sdk/2.2.0/src/rp2_common/pico_malloc/malloc.c.obj
LOAD CMakeFiles/Task3.dir/C_/Users/Student/.pico-sdk/sdk/2.2.0/src/rp2_common/pico_atomic/atomic.c.obj
LOAD CMakeFiles/Task3.dir/C_/Users/Student/.pico-sdk/sdk/2.2.0/src/rp2_common/pico_cxx_options/new_delete.cpp.obj
LOAD CMakeFiles/Task3.dir/C_/Users/Student/.pico-sdk/sdk/2.2.0/src/rp2_common/pico_standard_binary_info/standard_binary_info.c.obj
LOAD CMakeFiles/Task3.dir/C_/Users/Student/.pico-sdk/sdk/2.2.0/src/rp2_common/pico_printf/printf.c.obj
LOAD CMakeFiles/Task3.dir/C_/Users/Student/.pico-sdk/sdk/2.2.0/src/rp2_common/pico_crt0/crt0.S.obj
LOAD CMakeFiles/Task3.dir/C_/Users/Student/.pico-sdk/sdk/2.2.0/src/rp2_common/pico_clib_interface/newlib_interface.c.obj
LOAD CMakeFiles/Task3.dir/C_/Users/Student/.pico-sdk/sdk/2.2.0/src/rp2_common/pico_stdio/stdio.c.obj
LOAD CMakeFiles/Task3.dir/C_/Users/Student/.pico-sdk/sdk/2.2.0/src/rp2_common/pico_stdio_uart/stdio_uart.c.obj
LOAD CMakeFiles/Task3.dir/C_/Users/Student/.pico-sdk/sdk/2.2.0/src/rp2_common/hardware_adc/adc.c.obj
LOAD pico-sdk/src/rp2350/boot_stage2/CMakeFiles/bs2_default_library.dir/./bs2_default_padded_checksummed.S.obj
LOAD C:/Users/Student/.pico-sdk/toolchain/14_2_Rel1/bin/../lib/gcc/arm-none-eabi/14.2.1/thumb/v8-m.main+fp/softfp\libstdc++.a
LOAD C:/Users/Student/.pico-sdk/toolchain/14_2_Rel1/bin/../lib/gcc/arm-none-eabi/14.2.1/thumb/v8-m.main+fp/softfp\libm.a
START GROUP
LOAD C:/Users/Student/.pico-sdk/toolchain/14_2_Rel1/bin/../lib/gcc/arm-none-eabi/14.2.1/thumb/v8-m.main+fp/softfp\libgcc.a
LOAD C:/Users/Student/.pico-sdk/toolchain/14_2_Rel1/bin/../lib/gcc/arm-none-eabi/14.2.1/thumb/v8-m.main+fp/softfp\libg.a
LOAD C:/Users/Student/.pico-sdk/toolchain/14_2_Rel1/bin/../lib/gcc/arm-none-eabi/14.2.1/thumb/v8-m.main+fp/softfp\libc.a
END GROUP
START GROUP
LOAD C:/Users/Student/.pico-sdk/toolchain/14_2_Rel1/bin/../lib/gcc/arm-none-eabi/14.2.1/thumb/v8-m.main+fp/softfp\libgcc.a
LOAD C:/Users/Student/.pico-sdk/toolchain/14_2_Rel1/bin/../lib/gcc/arm-none-eabi/14.2.1/thumb/v8-m.main+fp/softfp\libc.a
LOAD C:/Users/Student/.pico-sdk/toolchain/14_2_Rel1/bin/../lib/gcc/arm-none-eabi/14.2.1/thumb/v8-m.main+fp/softfp\libnosys.a
END GROUP
LOAD C:/Users/Student/.pico-sdk/toolchain/14_2_Rel1/bin/../lib/gcc/arm-none-eabi/14.2.1/thumb/v8-m.main+fp/softfp/crtend.o
LOAD C:/Users/Student/.pico-sdk/toolchain/14_2_Rel1/bin/../lib/gcc/arm-none-eabi/14.2.1/thumb/v8-m.main+fp/softfp/crtn.o
OUTPUT(Task3.elf elf32-littlearm)
LOAD linker stubs

.rel.dyn        0x10003ddc        0x0
 .rel.iplt      0x10003ddc        0x0 C:/Users/Student/.pico-sdk/toolchain/14_2_Rel1/bin/../lib/gcc/arm-none-eabi/14.2.1/thumb/v8-m.main+fp/softfp/crtbegin.o

.ARM.attributes
                0x00000000       0x34
 .ARM.attributes
                0x00000000       0x26 C:/Users/Student/.pico-sdk/toolchain/14_2_Rel1/bin/../lib/gcc/arm-none-eabi/14.2.1/thumb/v8-m.main+fp/softfp/crti.o
 .ARM.attributes
                0x00000026       0x36 C:/Users/Student/.pico-sdk/toolchain/14_2_Rel1/bin/../lib/gcc/arm-none-eabi/14.2.1/thumb/v8-m.main+fp/softfp/crtbegin.o
 .ARM.attributes
                0x0000005c       0x38 CMakeFiles/Task3.dir/Task3.c.obj
 .ARM.attributes
                0x00000094       0x38 CMakeFiles/Task3.dir/C_/Users/Student/.pico-sdk/sdk/2.2.0/src/rp2_common/hardware_gpio/gpio.c.obj
 .ARM.attributes
                0x000000cc       0x38 CMakeFiles/Task3.dir/C_/Users/Student/.pico-sdk/sdk/2.2.0/src/rp2_common/pico_platform_panic/panic.c.obj
 .ARM.attributes
                0x00000104       0x38 CMakeFiles/Task3.dir/C_/Users/Student/.pico-sdk/sdk/2.2.0/src/common/hardware_claim/claim.c.obj
 .ARM.attributes
                0x0000013c       0x38 CMakeFiles/Task3.dir/C_/Users/Student/.pico-sdk/sdk/2.2.0/src/rp2_common/hardware_sync/sync.c.obj
 .ARM.attributes
                0x00000174       0x38 CMakeFiles/Task3.dir/C_/Users/Student/.pico-sdk/sdk/2.2.0/src/rp2_common/hardware_sync_spin_lock/sync_spin_lock.c.obj
 .ARM.attributes
                0x000001ac       0x38 CMakeFiles/Task3.dir/C_/Users/Student/.pico-sdk/sdk/2.2.0/src/rp2_common/hardware_irq/irq.c.obj
 .ARM.attributes
                0x000001e4       0x28 CMakeFiles/Task3.dir/C_/Users/Student/.pico-sdk/sdk/2.2.0/src/rp2_common/hardware_irq/irq_handler_chain.S.obj
 .ARM.attributes
                0x0000020c       0x38 CMakeFiles/Task3.dir/C_/Users/Student/.pico-sdk/sdk/2.2.0/src/common/pico_sync/lock_core.c.obj
 .ARM.attributes
                0x00000244       0x38 CMakeFiles/Task3.dir/C_/Users/Student/.pico-sdk/sdk/2.2.0/src/common/pico_sync/mutex.c.obj
 .ARM.attributes
                0x0000027c       0x38 CMakeFiles/Task3.dir/C_/Users/Student/.pico-sdk/sdk/2.2.0/src/common/pico_time/time.c.obj
 .ARM.attributes
                0x000002b4       0x38 CMakeFiles/Task3.dir/C_/Users/Student/.pico-sdk/sdk/2.2.0/src/rp2_common/hardware_timer/timer.c.obj
 .ARM.attributes
                0x000002ec       0x38 CMakeFiles/Task3.dir/C_/Users/Student/.pico-sdk/sdk/2.2.0/src/rp2_common/hardware_uart/uart.c.obj
 .ARM.attributes
                0x00000324       0x38 CMakeFiles/Task3.dir/C_/Users/Student/.pico-sdk/sdk/2.2.0/src/rp2_common/hardware_clocks/clocks.c.obj
 .ARM.attributes
                0x0000035c       0x38 CMakeFiles/Task3.dir/C_/Users/Student/.pico-sdk/sdk/2.2.0/src/rp2_common/hardware_pll/pll.c.obj
 .ARM.attributes
                0x00000394       0x38 CMakeFiles/Task3.dir/C_/Users/Student/.pico-sdk/sdk/2.2.0/src/rp2_common/hardware_ticks/ticks.c.obj
 .ARM.attributes
                0x000003cc       0x38 CMakeFiles/Task3.dir/C_/Users/Student/.pico-sdk/sdk/2.2.0/src/rp2_common/pico_bootrom/bootrom.c.obj
 .ARM.attributes
                0x00000404       0x38 CMakeFiles/Task3.dir/C_/Users/Student/.pico-sdk/sdk/2.2.0/src/rp2_common/pico_bootrom/bootrom_lock.c.obj
 .ARM.attributes
                0x0000043c       0x38 CMakeFiles/Task3.dir/C_/Users/Student/.pico-sdk/sdk/2.2.0/src/rp2_common/hardware_boot_lock/boot_lock.c.obj
 .ARM.attributes
                0x00000474       0x38 CMakeFiles/Task3.dir/C_/Users/Student/.pico-sdk/sdk/2.2.0/src/rp2_common/hardware_xosc/xosc.c.obj
 .ARM.attributes
                0x000004ac       0x38 CMakeFiles/Task3.dir/C_/Users/Student/.pico-sdk/sdk/2.2.0/src/rp2_common/pico_runtime/runtime.c.obj
 .ARM.attributes
                0x000004e4       0x38 CMakeFiles/Task3.dir/C_/Users/Student/.pico-sdk/sdk/2.2.0/src/rp2_common/pico_runtime_init/runtime_init.c.obj
 .ARM.attributes
                0x0000051c       0x38 CMakeFiles/Task3.dir/C_/Users/Student/.pico-sdk/sdk/2.2.0/src/rp2_common/pico_runtime_init/runtime_init_clocks.c.obj
 .ARM.attributes
                0x00000554       0x28 CMakeFiles/Task3.dir/C_/Users/Student/.pico-sdk/sdk/2.2.0/src/rp2_common/pico_double/double_aeabi_dcp.S.obj
 .ARM.attributes
                0x0000057c       0x38 CMakeFiles/Task3.dir/C_/Users/Student/.pico-sdk/sdk/2.2.0/src/rp2_common/pico_standard_binary_info/standard_binary_info.c.obj
 .ARM.attributes
                0x000005b4       0x38 CMakeFiles/Task3.dir/C_/Users/Student/.pico-sdk/sdk/2.2.0/src/rp2_common/pico_printf/printf.c.obj
 .ARM.attributes
                0x000005ec       0x28 CMakeFiles/Task3.dir/C_/Users/Student/.pico-sdk/sdk/2.2.0/src/rp2_common/pico_crt0/crt0.S.obj
 .ARM.attributes
                0x00000614       0x38 CMakeFiles/Task3.dir/C_/Users/Student/.pico-sdk/sdk/2.2.0/src/rp2_common/pico_clib_interface/newlib_interface.c.obj
 .ARM.attributes
                0x0000064c       0x38 CMakeFiles/Task3.dir/C_/Users/Student/.pico-sdk/sdk/2.2.0/src/rp2_common/pico_stdio/stdio.c.obj
 .ARM.attributes
                0x00000684       0x38 CMakeFiles/Task3.dir/C_/Users/Student/.pico-sdk/sdk/2.2.0/src/rp2_common/pico_stdio_uart/stdio_uart.c.obj
 .ARM.attributes
                0x000006bc       0x38 CMakeFiles/Task3.dir/C_/Users/Student/.pico-sdk/sdk/2.2.0/src/rp2_common/hardware_adc/adc.c.obj
 .ARM.attributes
                0x000006f4       0x26 C:/Users/Student/.pico-sdk/toolchain/14_2_Rel1/bin/../lib/gcc/arm-none-eabi/14.2.1/thumb/v8-m.main+fp/softfp\libgcc.a(_aeabi_uldivmod.o)
 .ARM.attributes
                0x0000071a       0x36 C:/Users/Student/.pico-sdk/toolchain/14_2_Rel1/bin/../lib/gcc/arm-none-eabi/14.2.1/thumb/v8-m.main+fp/softfp\libgcc.a(_udivmoddi4.o)
 .ARM.attributes
                0x00000750       0x26 C:/Users/Student/.pico-sdk/toolchain/14_2_Rel1/bin/../lib/gcc/arm-none-eabi/14.2.1/thumb/v8-m.main+fp/softfp\libgcc.a(_dvmd_tls.o)
 .ARM.attributes
                0x00000776       0x24 C:/Users/Student/.pico-sdk/toolchain/14_2_Rel1/bin/../lib/gcc/arm-none-eabi/14.2.1/thumb/v8-m.main+fp/softfp\libg.a(libc_a-memcpy.o)
 .ARM.attributes
                0x0000079a       0x36 C:/Users/Student/.pico-sdk/toolchain/14_2_Rel1/bin/../lib/gcc/arm-none-eabi/14.2.1/thumb/v8-m.main+fp/softfp\libg.a(libc_a-strlen-stub.o)
 .ARM.attributes
                0x000007d0       0x36 C:/Users/Student/.pico-sdk/toolchain/14_2_Rel1/bin/../lib/gcc/arm-none-eabi/14.2.1/thumb/v8-m.main+fp/softfp/crtend.o

.comment        0x00000000       0x45
 .comment       0x00000000       0x45 CMakeFiles/Task3.dir/Task3.c.obj
                                 0x46 (size before relaxing)
 .comment       0x00000045       0x46 CMakeFiles/Task3.dir/C_/Users/Student/.pico-sdk/sdk/2.2.0/src/rp2_common/hardware_gpio/gpio.c.obj
 .comment       0x00000045       0x46 CMakeFiles/Task3.dir/C_/Users/Student/.pico-sdk/sdk/2.2.0/src/rp2_common/pico_platform_panic/panic.c.obj
 .comment       0x00000045       0x46 CMakeFiles/Task3.dir/C_/Users/Student/.pico-sdk/sdk/2.2.0/src/common/hardware_claim/claim.c.obj
 .comment       0x00000045       0x46 CMakeFiles/Task3.dir/C_/Users/Student/.pico-sdk/sdk/2.2.0/src/rp2_common/hardware_sync/sync.c.obj
 .comment       0x00000045       0x46 CMakeFiles/Task3.dir/C_/Users/Student/.pico-sdk/sdk/2.2.0/src/rp2_common/hardware_sync_spin_lock/sync_spin_lock.c.obj
 .comment       0x00000045       0x46 CMakeFiles/Task3.dir/C_/Users/Student/.pico-sdk/sdk/2.2.0/src/rp2_common/hardware_irq/irq.c.obj
 .comment       0x00000045       0x46 CMakeFiles/Task3.dir/C_/Users/Student/.pico-sdk/sdk/2.2.0/src/common/pico_sync/lock_core.c.obj
 .comment       0x00000045       0x46 CMakeFiles/Task3.dir/C_/Users/Student/.pico-sdk/sdk/2.2.0/src/common/pico_sync/mutex.c.obj
 .comment       0x00000045       0x46 CMakeFiles/Task3.dir/C_/Users/Student/.pico-sdk/sdk/2.2.0/src/common/pico_time/time.c.obj
 .comment       0x00000045       0x46 CMakeFiles/Task3.dir/C_/Users/Student/.pico-sdk/sdk/2.2.0/src/rp2_common/hardware_timer/timer.c.obj
 .comment       0x00000045       0x46 CMakeFiles/Task3.dir/C_/Users/Student/.pico-sdk/sdk/2.2.0/src/rp2_common/hardware_uart/uart.c.obj
 .comment       0x00000045       0x46 CMakeFiles/Task3.dir/C_/Users/Student/.pico-sdk/sdk/2.2.0/src/rp2_common/hardware_clocks/clocks.c.obj
 .comment       0x00000045       0x46 CMakeFiles/Task3.dir/C_/Users/Student/.pico-sdk/sdk/2.2.0/src/rp2_common/hardware_pll/pll.c.obj
 .comment       0x00000045       0x46 CMakeFiles/Task3.dir/C_/Users/Student/.pico-sdk/sdk/2.2.0/src/rp2_common/hardware_ticks/ticks.c.obj
 .comment       0x00000045       0x46 CMakeFiles/Task3.dir/C_/Users/Student/.pico-sdk/sdk/2.2.0/src/rp2_common/pico_bootrom/bootrom.c.obj
 .comment       0x00000045       0x46 CMakeFiles/Task3.dir/C_/Users/Student/.pico-sdk/sdk/2.2.0/src/rp2_common/pico_bootrom/bootrom_lock.c.obj
 .comment       0x00000045       0x46 CMakeFiles/Task3.dir/C_/Users/Student/.pico-sdk/sdk/2.2.0/src/rp2_common/hardware_boot_lock/boot_lock.c.obj
 .comment       0x00000045       0x46 CMakeFiles/Task3.dir/C_/Users/Student/.pico-sdk/sdk/2.2.0/src/rp2_common/hardware_xosc/xosc.c.obj
 .comment       0x00000045       0x46 CMakeFiles/Task3.dir/C_/Users/Student/.pico-sdk/sdk/2.2.0/src/rp2_common/pico_runtime/runtime.c.obj
 .comment       0x00000045       0x46 CMakeFiles/Task3.dir/C_/Users/Student/.pico-sdk/sdk/2.2.0/src/rp2_common/pico_runtime_init/runtime_init.c.obj
 .comment       0x00000045       0x46 CMakeFiles/Task3.dir/C_/Users/Student/.pico-sdk/sdk/2.2.0/src/rp2_common/pico_runtime_init/runtime_init_clocks.c.obj
 .comment       0x00000045       0x46 CMakeFiles/Task3.dir/C_/Users/Student/.pico-sdk/sdk/2.2.0/src/rp2_common/pico_standard_binary_info/standard_binary_info.c.obj
 .comment       0x00000045       0x46 CMakeFiles/Task3.dir/C_/Users/Student/.pico-sdk/sdk/2.2.0/src/rp2_common/pico_printf/printf.c.obj
 .comment       0x00000045       0x46 CMakeFiles/Task3.dir/C_/Users/Student/.pico-sdk/sdk/2.2.0/src/rp2_common/pico_clib_interface/newlib_interface.c.obj
 .comment       0x00000045       0x46 CMakeFiles/Task3.dir/C_/Users/Student/.pico-sdk/sdk/2.2.0/src/rp2_common/pico_stdio/stdio.c.obj
 .comment       0x00000045       0x46 CMakeFiles/Task3.dir/C_/Users/Student/.pico-sdk/sdk/2.2.0/src/rp2_common/pico_stdio_uart/stdio_uart.c.obj
 .comment       0x00000045       0x46 CMakeFiles/Task3.dir/C_/Users/Student/.pico-sdk/sdk/2.2.0/src/rp2_common/hardware_adc/adc.c.obj

.debug_info     0x00000000    0x2141d
 .debug_info    0x00000000      0xa20 CMakeFiles/Task3.dir/Task3.c.obj
 .debug_info    0x00000a20     0x2416 CMakeFiles/Task3.dir/C_/Users/Student/.pico-sdk/sdk/2.2.0/src/rp2_common/hardware_gpio/gpio.c.obj
 .debug_info    0x00002e36      0x1be CMakeFiles/Task3.dir/C_/Users/Student/.pico-sdk/sdk/2.2.0/src/rp2_common/pico_platform_panic/panic.c.obj
 .debug_info    0x00002ff4      0xb78 CMakeFiles/Task3.dir/C_/Users/Student/.pico-sdk/sdk/2.2.0/src/common/hardware_claim/claim.c.obj
 .debug_info    0x00003b6c      0x46f CMakeFiles/Task3.dir/C_/Users/Student/.pico-sdk/sdk/2.2.0/src/rp2_common/hardware_sync/sync.c.obj
 .debug_info    0x00003fdb     0x145e CMakeFiles/Task3.dir/C_/Users/Student/.pico-sdk/sdk/2.2.0/src/rp2_common/hardware_sync_spin_lock/sync_spin_lock.c.obj
 .debug_info    0x00005439     0x262d CMakeFiles/Task3.dir/C_/Users/Student/.pico-sdk/sdk/2.2.0/src/rp2_common/hardware_irq/irq.c.obj
 .debug_info    0x00007a66      0x187 CMakeFiles/Task3.dir/C_/Users/Student/.pico-sdk/sdk/2.2.0/src/common/pico_sync/lock_core.c.obj
 .debug_info    0x00007bed     0x1e7c CMakeFiles/Task3.dir/C_/Users/Student/.pico-sdk/sdk/2.2.0/src/common/pico_sync/mutex.c.obj
 .debug_info    0x00009a69     0x5492 CMakeFiles/Task3.dir/C_/Users/Student/.pico-sdk/sdk/2.2.0/src/common/pico_time/time.c.obj
 .debug_info    0x0000eefb     0x30c6 CMakeFiles/Task3.dir/C_/Users/Student/.pico-sdk/sdk/2.2.0/src/rp2_common/hardware_timer/timer.c.obj
 .debug_info    0x00011fc1     0x19a6 CMakeFiles/Task3.dir/C_/Users/Student/.pico-sdk/sdk/2.2.0/src/rp2_common/hardware_uart/uart.c.obj
 .debug_info    0x00013967     0x28c2 CMakeFiles/Task3.dir/C_/Users/Student/.pico-sdk/sdk/2.2.0/src/rp2_common/hardware_clocks/clocks.c.obj
 .debug_info    0x00016229      0x507 CMakeFiles/Task3.dir/C_/Users/Student/.pico-sdk/sdk/2.2.0/src/rp2_common/hardware_pll/pll.c.obj
 .debug_info    0x00016730      0x26c CMakeFiles/Task3.dir/C_/Users/Student/.pico-sdk/sdk/2.2.0/src/rp2_common/hardware_ticks/ticks.c.obj
 .debug_info    0x0001699c     0x10ab CMakeFiles/Task3.dir/C_/Users/Student/.pico-sdk/sdk/2.2.0/src/rp2_common/pico_bootrom/bootrom.c.obj
 .debug_info    0x00017a47      0x1c4 CMakeFiles/Task3.dir/C_/Users/Student/.pico-sdk/sdk/2.2.0/src/rp2_common/pico_bootrom/bootrom_lock.c.obj
 .debug_info    0x00017c0b      0x316 CMakeFiles/Task3.dir/C_/Users/Student/.pico-sdk/sdk/2.2.0/src/rp2_common/hardware_boot_lock/boot_lock.c.obj
 .debug_info    0x00017f21      0x1b1 CMakeFiles/Task3.dir/C_/Users/Student/.pico-sdk/sdk/2.2.0/src/rp2_common/hardware_xosc/xosc.c.obj
 .debug_info    0x000180d2      0x21a CMakeFiles/Task3.dir/C_/Users/Student/.pico-sdk/sdk/2.2.0/src/rp2_common/pico_runtime/runtime.c.obj
 .debug_info    0x000182ec     0x1c34 CMakeFiles/Task3.dir/C_/Users/Student/.pico-sdk/sdk/2.2.0/src/rp2_common/pico_runtime_init/runtime_init.c.obj
 .debug_info    0x00019f20      0x7c9 CMakeFiles/Task3.dir/C_/Users/Student/.pico-sdk/sdk/2.2.0/src/rp2_common/pico_runtime_init/runtime_init_clocks.c.obj
 .debug_info    0x0001a6e9       0x23 CMakeFiles/Task3.dir/C_/Users/Student/.pico-sdk/sdk/2.2.0/src/rp2_common/pico_double/double_aeabi_dcp.S.obj
 .debug_info    0x0001a70c      0x2e2 CMakeFiles/Task3.dir/C_/Users/Student/.pico-sdk/sdk/2.2.0/src/rp2_common/pico_standard_binary_info/standard_binary_info.c.obj
 .debug_info    0x0001a9ee     0x22ff CMakeFiles/Task3.dir/C_/Users/Student/.pico-sdk/sdk/2.2.0/src/rp2_common/pico_printf/printf.c.obj
 .debug_info    0x0001cced       0x23 CMakeFiles/Task3.dir/C_/Users/Student/.pico-sdk/sdk/2.2.0/src/rp2_common/pico_crt0/crt0.S.obj
 .debug_info    0x0001cd10      0xc25 CMakeFiles/Task3.dir/C_/Users/Student/.pico-sdk/sdk/2.2.0/src/rp2_common/pico_clib_interface/newlib_interface.c.obj
 .debug_info    0x0001d935     0x1dd5 CMakeFiles/Task3.dir/C_/Users/Student/.pico-sdk/sdk/2.2.0/src/rp2_common/pico_stdio/stdio.c.obj
 .debug_info    0x0001f70a     0x1903 CMakeFiles/Task3.dir/C_/Users/Student/.pico-sdk/sdk/2.2.0/src/rp2_common/pico_stdio_uart/stdio_uart.c.obj
 .debug_info    0x0002100d      0x410 CMakeFiles/Task3.dir/C_/Users/Student/.pico-sdk/sdk/2.2.0/src/rp2_common/hardware_adc/adc.c.obj

.debug_abbrev   0x00000000     0x5931
 .debug_abbrev  0x00000000      0x367 CMakeFiles/Task3.dir/Task3.c.obj
 .debug_abbrev  0x00000367      0x558 CMakeFiles/Task3.dir/C_/Users/Student/.pico-sdk/sdk/2.2.0/src/rp2_common/hardware_gpio/gpio.c.obj
 .debug_abbrev  0x000008bf      0x12b CMakeFiles/Task3.dir/C_/Users/Student/.pico-sdk/sdk/2.2.0/src/rp2_common/pico_platform_panic/panic.c.obj
 .debug_abbrev  0x000009ea      0x35e CMakeFiles/Task3.dir/C_/Users/Student/.pico-sdk/sdk/2.2.0/src/common/hardware_claim/claim.c.obj
 .debug_abbrev  0x00000d48      0x22f CMakeFiles/Task3.dir/C_/Users/Student/.pico-sdk/sdk/2.2.0/src/rp2_common/hardware_sync/sync.c.obj
 .debug_abbrev  0x00000f77      0x26e CMakeFiles/Task3.dir/C_/Users/Student/.pico-sdk/sdk/2.2.0/src/rp2_common/hardware_sync_spin_lock/sync_spin_lock.c.obj
 .debug_abbrev  0x000011e5      0x63b CMakeFiles/Task3.dir/C_/Users/Student/.pico-sdk/sdk/2.2.0/src/rp2_common/hardware_irq/irq.c.obj
 .debug_abbrev  0x00001820      0x11e CMakeFiles/Task3.dir/C_/Users/Student/.pico-sdk/sdk/2.2.0/src/common/pico_sync/lock_core.c.obj
 .debug_abbrev  0x0000193e      0x49b CMakeFiles/Task3.dir/C_/Users/Student/.pico-sdk/sdk/2.2.0/src/common/pico_sync/mutex.c.obj
 .debug_abbrev  0x00001dd9      0x644 CMakeFiles/Task3.dir/C_/Users/Student/.pico-sdk/sdk/2.2.0/src/common/pico_time/time.c.obj
 .debug_abbrev  0x0000241d      0x4f9 CMakeFiles/Task3.dir/C_/Users/Student/.pico-sdk/sdk/2.2.0/src/rp2_common/hardware_timer/timer.c.obj
 .debug_abbrev  0x00002916      0x367 CMakeFiles/Task3.dir/C_/Users/Student/.pico-sdk/sdk/2.2.0/src/rp2_common/hardware_uart/uart.c.obj
 .debug_abbrev  0x00002c7d      0x517 CMakeFiles/Task3.dir/C_/Users/Student/.pico-sdk/sdk/2.2.0/src/rp2_common/hardware_clocks/clocks.c.obj
 .debug_abbrev  0x00003194      0x1a8 CMakeFiles/Task3.dir/C_/Users/Student/.pico-sdk/sdk/2.2.0/src/rp2_common/hardware_pll/pll.c.obj
 .debug_abbrev  0x0000333c      0x146 CMakeFiles/Task3.dir/C_/Users/Student/.pico-sdk/sdk/2.2.0/src/rp2_common/hardware_ticks/ticks.c.obj
 .debug_abbrev  0x00003482      0x458 CMakeFiles/Task3.dir/C_/Users/Student/.pico-sdk/sdk/2.2.0/src/rp2_common/pico_bootrom/bootrom.c.obj
 .debug_abbrev  0x000038da       0xfb CMakeFiles/Task3.dir/C_/Users/Student/.pico-sdk/sdk/2.2.0/src/rp2_common/pico_bootrom/bootrom_lock.c.obj
 .debug_abbrev  0x000039d5      0x1de CMakeFiles/Task3.dir/C_/Users/Student/.pico-sdk/sdk/2.2.0/src/rp2_common/hardware_boot_lock/boot_lock.c.obj
 .debug_abbrev  0x00003bb3      0x109 CMakeFiles/Task3.dir/C_/Users/Student/.pico-sdk/sdk/2.2.0/src/rp2_common/hardware_xosc/xosc.c.obj
 .debug_abbrev  0x00003cbc      0x182 CMakeFiles/Task3.dir/C_/Users/Student/.pico-sdk/sdk/2.2.0/src/rp2_common/pico_runtime/runtime.c.obj
 .debug_abbrev  0x00003e3e      0x310 CMakeFiles/Task3.dir/C_/Users/Student/.pico-sdk/sdk/2.2.0/src/rp2_common/pico_runtime_init/runtime_init.c.obj
 .debug_abbrev  0x0000414e      0x2b8 CMakeFiles/Task3.dir/C_/Users/Student/.pico-sdk/sdk/2.2.0/src/rp2_common/pico_runtime_init/runtime_init_clocks.c.obj
 .debug_abbrev  0x00004406       0x12 CMakeFiles/Task3.dir/C_/Users/Student/.pico-sdk/sdk/2.2.0/src/rp2_common/pico_double/double_aeabi_dcp.S.obj
 .debug_abbrev  0x00004418       0xb8 CMakeFiles/Task3.dir/C_/Users/Student/.pico-sdk/sdk/2.2.0/src/rp2_common/pico_standard_binary_info/standard_binary_info.c.obj
 .debug_abbrev  0x000044d0      0x505 CMakeFiles/Task3.dir/C_/Users/Student/.pico-sdk/sdk/2.2.0/src/rp2_common/pico_printf/printf.c.obj
 .debug_abbrev  0x000049d5       0x12 CMakeFiles/Task3.dir/C_/Users/Student/.pico-sdk/sdk/2.2.0/src/rp2_common/pico_crt0/crt0.S.obj
 .debug_abbrev  0x000049e7      0x375 CMakeFiles/Task3.dir/C_/Users/Student/.pico-sdk/sdk/2.2.0/src/rp2_common/pico_clib_interface/newlib_interface.c.obj
 .debug_abbrev  0x00004d5c      0x601 CMakeFiles/Task3.dir/C_/Users/Student/.pico-sdk/sdk/2.2.0/src/rp2_common/pico_stdio/stdio.c.obj
 .debug_abbrev  0x0000535d      0x493 CMakeFiles/Task3.dir/C_/Users/Student/.pico-sdk/sdk/2.2.0/src/rp2_common/pico_stdio_uart/stdio_uart.c.obj
 .debug_abbrev  0x000057f0      0x141 CMakeFiles/Task3.dir/C_/Users/Student/.pico-sdk/sdk/2.2.0/src/rp2_common/hardware_adc/adc.c.obj

.debug_loclists
                0x00000000    0x1021a
 .debug_loclists
                0x00000000      0x1b1 CMakeFiles/Task3.dir/Task3.c.obj
 .debug_loclists
                0x000001b1     0x17d5 CMakeFiles/Task3.dir/C_/Users/Student/.pico-sdk/sdk/2.2.0/src/rp2_common/hardware_gpio/gpio.c.obj
 .debug_loclists
                0x00001986      0x42d CMakeFiles/Task3.dir/C_/Users/Student/.pico-sdk/sdk/2.2.0/src/common/hardware_claim/claim.c.obj
 .debug_loclists
                0x00001db3      0x132 CMakeFiles/Task3.dir/C_/Users/Student/.pico-sdk/sdk/2.2.0/src/rp2_common/hardware_sync/sync.c.obj
 .debug_loclists
                0x00001ee5       0xa2 CMakeFiles/Task3.dir/C_/Users/Student/.pico-sdk/sdk/2.2.0/src/rp2_common/hardware_sync_spin_lock/sync_spin_lock.c.obj
 .debug_loclists
                0x00001f87     0x1034 CMakeFiles/Task3.dir/C_/Users/Student/.pico-sdk/sdk/2.2.0/src/rp2_common/hardware_irq/irq.c.obj
 .debug_loclists
                0x00002fbb       0x17 CMakeFiles/Task3.dir/C_/Users/Student/.pico-sdk/sdk/2.2.0/src/common/pico_sync/lock_core.c.obj
 .debug_loclists
                0x00002fd2      0xae7 CMakeFiles/Task3.dir/C_/Users/Student/.pico-sdk/sdk/2.2.0/src/common/pico_sync/mutex.c.obj
 .debug_loclists
                0x00003ab9     0x2c58 CMakeFiles/Task3.dir/C_/Users/Student/.pico-sdk/sdk/2.2.0/src/common/pico_time/time.c.obj
 .debug_loclists
                0x00006711     0x1a3f CMakeFiles/Task3.dir/C_/Users/Student/.pico-sdk/sdk/2.2.0/src/rp2_common/hardware_timer/timer.c.obj
 .debug_loclists
                0x00008150      0xc8f CMakeFiles/Task3.dir/C_/Users/Student/.pico-sdk/sdk/2.2.0/src/rp2_common/hardware_uart/uart.c.obj
 .debug_loclists
                0x00008ddf     0x2038 CMakeFiles/Task3.dir/C_/Users/Student/.pico-sdk/sdk/2.2.0/src/rp2_common/hardware_clocks/clocks.c.obj
 .debug_loclists
                0x0000ae17      0x1b7 CMakeFiles/Task3.dir/C_/Users/Student/.pico-sdk/sdk/2.2.0/src/rp2_common/hardware_pll/pll.c.obj
 .debug_loclists
                0x0000afce       0x8b CMakeFiles/Task3.dir/C_/Users/Student/.pico-sdk/sdk/2.2.0/src/rp2_common/hardware_ticks/ticks.c.obj
 .debug_loclists
                0x0000b059      0x812 CMakeFiles/Task3.dir/C_/Users/Student/.pico-sdk/sdk/2.2.0/src/rp2_common/pico_bootrom/bootrom.c.obj
 .debug_loclists
                0x0000b86b       0x28 CMakeFiles/Task3.dir/C_/Users/Student/.pico-sdk/sdk/2.2.0/src/rp2_common/pico_bootrom/bootrom_lock.c.obj
 .debug_loclists
                0x0000b893       0x78 CMakeFiles/Task3.dir/C_/Users/Student/.pico-sdk/sdk/2.2.0/src/rp2_common/hardware_boot_lock/boot_lock.c.obj
 .debug_loclists
                0x0000b90b       0x48 CMakeFiles/Task3.dir/C_/Users/Student/.pico-sdk/sdk/2.2.0/src/rp2_common/hardware_xosc/xosc.c.obj
 .debug_loclists
                0x0000b953       0x7e CMakeFiles/Task3.dir/C_/Users/Student/.pico-sdk/sdk/2.2.0/src/rp2_common/pico_runtime/runtime.c.obj
 .debug_loclists
                0x0000b9d1      0x129 CMakeFiles/Task3.dir/C_/Users/Student/.pico-sdk/sdk/2.2.0/src/rp2_common/pico_runtime_init/runtime_init.c.obj
 .debug_loclists
                0x0000bafa       0x74 CMakeFiles/Task3.dir/C_/Users/Student/.pico-sdk/sdk/2.2.0/src/rp2_common/pico_runtime_init/runtime_init_clocks.c.obj
 .debug_loclists
                0x0000bb6e     0x2e21 CMakeFiles/Task3.dir/C_/Users/Student/.pico-sdk/sdk/2.2.0/src/rp2_common/pico_printf/printf.c.obj
 .debug_loclists
                0x0000e98f      0x425 CMakeFiles/Task3.dir/C_/Users/Student/.pico-sdk/sdk/2.2.0/src/rp2_common/pico_clib_interface/newlib_interface.c.obj
 .debug_loclists
                0x0000edb4      0xb4c CMakeFiles/Task3.dir/C_/Users/Student/.pico-sdk/sdk/2.2.0/src/rp2_common/pico_stdio/stdio.c.obj
 .debug_loclists
                0x0000f900      0x882 CMakeFiles/Task3.dir/C_/Users/Student/.pico-sdk/sdk/2.2.0/src/rp2_common/pico_stdio_uart/stdio_uart.c.obj
 .debug_loclists
                0x00010182       0x98 CMakeFiles/Task3.dir/C_/Users/Student/.pico-sdk/sdk/2.2.0/src/rp2_common/hardware_adc/adc.c.obj

.debug_aranges  0x00000000      0xc10
 .debug_aranges
                0x00000000       0x28 CMakeFiles/Task3.dir/Task3.c.obj
 .debug_aranges
                0x00000028      0x118 CMakeFiles/Task3.dir/C_/Users/Student/.pico-sdk/sdk/2.2.0/src/rp2_common/hardware_gpio/gpio.c.obj
 .debug_aranges
                0x00000140       0x28 CMakeFiles/Task3.dir/C_/Users/Student/.pico-sdk/sdk/2.2.0/src/rp2_common/pico_platform_panic/panic.c.obj
 .debug_aranges
                0x00000168       0x48 CMakeFiles/Task3.dir/C_/Users/Student/.pico-sdk/sdk/2.2.0/src/common/hardware_claim/claim.c.obj
 .debug_aranges
                0x000001b0       0x48 CMakeFiles/Task3.dir/C_/Users/Student/.pico-sdk/sdk/2.2.0/src/rp2_common/hardware_sync/sync.c.obj
 .debug_aranges
                0x000001f8       0x30 CMakeFiles/Task3.dir/C_/Users/Student/.pico-sdk/sdk/2.2.0/src/rp2_common/hardware_sync_spin_lock/sync_spin_lock.c.obj
 .debug_aranges
                0x00000228       0xb8 CMakeFiles/Task3.dir/C_/Users/Student/.pico-sdk/sdk/2.2.0/src/rp2_common/hardware_irq/irq.c.obj
 .debug_aranges
                0x000002e0       0x20 CMakeFiles/Task3.dir/C_/Users/Student/.pico-sdk/sdk/2.2.0/src/common/pico_sync/lock_core.c.obj
 .debug_aranges
                0x00000300       0x98 CMakeFiles/Task3.dir/C_/Users/Student/.pico-sdk/sdk/2.2.0/src/common/pico_sync/mutex.c.obj
 .debug_aranges
                0x00000398       0xe0 CMakeFiles/Task3.dir/C_/Users/Student/.pico-sdk/sdk/2.2.0/src/common/pico_time/time.c.obj
 .debug_aranges
                0x00000478       0xf0 CMakeFiles/Task3.dir/C_/Users/Student/.pico-sdk/sdk/2.2.0/src/rp2_common/hardware_timer/timer.c.obj
 .debug_aranges
                0x00000568       0x58 CMakeFiles/Task3.dir/C_/Users/Student/.pico-sdk/sdk/2.2.0/src/rp2_common/hardware_uart/uart.c.obj
 .debug_aranges
                0x000005c0       0x90 CMakeFiles/Task3.dir/C_/Users/Student/.pico-sdk/sdk/2.2.0/src/rp2_common/hardware_clocks/clocks.c.obj
 .debug_aranges
                0x00000650       0x28 CMakeFiles/Task3.dir/C_/Users/Student/.pico-sdk/sdk/2.2.0/src/rp2_common/hardware_pll/pll.c.obj
 .debug_aranges
                0x00000678       0x30 CMakeFiles/Task3.dir/C_/Users/Student/.pico-sdk/sdk/2.2.0/src/rp2_common/hardware_ticks/ticks.c.obj
 .debug_aranges
                0x000006a8       0x60 CMakeFiles/Task3.dir/C_/Users/Student/.pico-sdk/sdk/2.2.0/src/rp2_common/pico_bootrom/bootrom.c.obj
 .debug_aranges
                0x00000708       0x20 CMakeFiles/Task3.dir/C_/Users/Student/.pico-sdk/sdk/2.2.0/src/rp2_common/pico_bootrom/bootrom_lock.c.obj
 .debug_aranges
                0x00000728       0x30 CMakeFiles/Task3.dir/C_/Users/Student/.pico-sdk/sdk/2.2.0/src/rp2_common/hardware_boot_lock/boot_lock.c.obj
 .debug_aranges
                0x00000758       0x30 CMakeFiles/Task3.dir/C_/Users/Student/.pico-sdk/sdk/2.2.0/src/rp2_common/hardware_xosc/xosc.c.obj
 .debug_aranges
                0x00000788       0x38 CMakeFiles/Task3.dir/C_/Users/Student/.pico-sdk/sdk/2.2.0/src/rp2_common/pico_runtime/runtime.c.obj
 .debug_aranges
                0x000007c0       0x58 CMakeFiles/Task3.dir/C_/Users/Student/.pico-sdk/sdk/2.2.0/src/rp2_common/pico_runtime_init/runtime_init.c.obj
 .debug_aranges
                0x00000818       0x20 CMakeFiles/Task3.dir/C_/Users/Student/.pico-sdk/sdk/2.2.0/src/rp2_common/pico_runtime_init/runtime_init_clocks.c.obj
 .debug_aranges
                0x00000838       0xf8 CMakeFiles/Task3.dir/C_/Users/Student/.pico-sdk/sdk/2.2.0/src/rp2_common/pico_double/double_aeabi_dcp.S.obj
 .debug_aranges
                0x00000930       0x18 CMakeFiles/Task3.dir/C_/Users/Student/.pico-sdk/sdk/2.2.0/src/rp2_common/pico_standard_binary_info/standard_binary_info.c.obj
 .debug_aranges
                0x00000948       0x90 CMakeFiles/Task3.dir/C_/Users/Student/.pico-sdk/sdk/2.2.0/src/rp2_common/pico_printf/printf.c.obj
 .debug_aranges
                0x000009d8       0x28 CMakeFiles/Task3.dir/C_/Users/Student/.pico-sdk/sdk/2.2.0/src/rp2_common/pico_crt0/crt0.S.obj
 .debug_aranges
                0x00000a00       0xa8 CMakeFiles/Task3.dir/C_/Users/Student/.pico-sdk/sdk/2.2.0/src/rp2_common/pico_clib_interface/newlib_interface.c.obj
 .debug_aranges
                0x00000aa8       0xc8 CMakeFiles/Task3.dir/C_/Users/Student/.pico-sdk/sdk/2.2.0/src/rp2_common/pico_stdio/stdio.c.obj
 .debug_aranges
                0x00000b70       0x80 CMakeFiles/Task3.dir/C_/Users/Student/.pico-sdk/sdk/2.2.0/src/rp2_common/pico_stdio_uart/stdio_uart.c.obj
 .debug_aranges
                0x00000bf0       0x20 CMakeFiles/Task3.dir/C_/Users/Student/.pico-sdk/sdk/2.2.0/src/rp2_common/hardware_adc/adc.c.obj

.debug_rnglists
                0x00000000     0x3108
 .debug_rnglists
                0x00000000       0xa7 CMakeFiles/Task3.dir/Task3.c.obj
 .debug_rnglists
                0x000000a7      0x626 CMakeFiles/Task3.dir/C_/Users/Student/.pico-sdk/sdk/2.2.0/src/rp2_common/hardware_gpio/gpio.c.obj
 .debug_rnglists
                0x000006cd       0x19 CMakeFiles/Task3.dir/C_/Users/Student/.pico-sdk/sdk/2.2.0/src/rp2_common/pico_platform_panic/panic.c.obj
 .debug_rnglists
                0x000006e6       0xf2 CMakeFiles/Task3.dir/C_/Users/Student/.pico-sdk/sdk/2.2.0/src/common/hardware_claim/claim.c.obj
 .debug_rnglists
                0x000007d8       0x5b CMakeFiles/Task3.dir/C_/Users/Student/.pico-sdk/sdk/2.2.0/src/rp2_common/hardware_sync/sync.c.obj
 .debug_rnglists
                0x00000833       0x43 CMakeFiles/Task3.dir/C_/Users/Student/.pico-sdk/sdk/2.2.0/src/rp2_common/hardware_sync_spin_lock/sync_spin_lock.c.obj
 .debug_rnglists
                0x00000876      0x3e4 CMakeFiles/Task3.dir/C_/Users/Student/.pico-sdk/sdk/2.2.0/src/rp2_common/hardware_irq/irq.c.obj
 .debug_rnglists
                0x00000c5a       0x13 CMakeFiles/Task3.dir/C_/Users/Student/.pico-sdk/sdk/2.2.0/src/common/pico_sync/lock_core.c.obj
 .debug_rnglists
                0x00000c6d      0x2ac CMakeFiles/Task3.dir/C_/Users/Student/.pico-sdk/sdk/2.2.0/src/common/pico_sync/mutex.c.obj
 .debug_rnglists
                0x00000f19      0x847 CMakeFiles/Task3.dir/C_/Users/Student/.pico-sdk/sdk/2.2.0/src/common/pico_time/time.c.obj
 .debug_rnglists
                0x00001760      0x481 CMakeFiles/Task3.dir/C_/Users/Student/.pico-sdk/sdk/2.2.0/src/rp2_common/hardware_timer/timer.c.obj
 .debug_rnglists
                0x00001be1      0x241 CMakeFiles/Task3.dir/C_/Users/Student/.pico-sdk/sdk/2.2.0/src/rp2_common/hardware_uart/uart.c.obj
 .debug_rnglists
                0x00001e22      0x610 CMakeFiles/Task3.dir/C_/Users/Student/.pico-sdk/sdk/2.2.0/src/rp2_common/hardware_clocks/clocks.c.obj
 .debug_rnglists
                0x00002432       0x59 CMakeFiles/Task3.dir/C_/Users/Student/.pico-sdk/sdk/2.2.0/src/rp2_common/hardware_pll/pll.c.obj
 .debug_rnglists
                0x0000248b       0x2b CMakeFiles/Task3.dir/C_/Users/Student/.pico-sdk/sdk/2.2.0/src/rp2_common/hardware_ticks/ticks.c.obj
 .debug_rnglists
                0x000024b6      0x131 CMakeFiles/Task3.dir/C_/Users/Student/.pico-sdk/sdk/2.2.0/src/rp2_common/pico_bootrom/bootrom.c.obj
 .debug_rnglists
                0x000025e7       0x13 CMakeFiles/Task3.dir/C_/Users/Student/.pico-sdk/sdk/2.2.0/src/rp2_common/pico_bootrom/bootrom_lock.c.obj
 .debug_rnglists
                0x000025fa       0x4f CMakeFiles/Task3.dir/C_/Users/Student/.pico-sdk/sdk/2.2.0/src/rp2_common/hardware_boot_lock/boot_lock.c.obj
 .debug_rnglists
                0x00002649       0x2b CMakeFiles/Task3.dir/C_/Users/Student/.pico-sdk/sdk/2.2.0/src/rp2_common/hardware_xosc/xosc.c.obj
 .debug_rnglists
                0x00002674       0x3d CMakeFiles/Task3.dir/C_/Users/Student/.pico-sdk/sdk/2.2.0/src/rp2_common/pico_runtime/runtime.c.obj
 .debug_rnglists
                0x000026b1       0x7c CMakeFiles/Task3.dir/C_/Users/Student/.pico-sdk/sdk/2.2.0/src/rp2_common/pico_runtime_init/runtime_init.c.obj
 .debug_rnglists
                0x0000272d       0x2c CMakeFiles/Task3.dir/C_/Users/Student/.pico-sdk/sdk/2.2.0/src/rp2_common/pico_runtime_init/runtime_init_clocks.c.obj
 .debug_rnglists
                0x00002759       0xb7 CMakeFiles/Task3.dir/C_/Users/Student/.pico-sdk/sdk/2.2.0/src/rp2_common/pico_double/double_aeabi_dcp.S.obj
 .debug_rnglists
                0x00002810      0x2fd CMakeFiles/Task3.dir/C_/Users/Student/.pico-sdk/sdk/2.2.0/src/rp2_common/pico_printf/printf.c.obj
 .debug_rnglists
                0x00002b0d       0x1b CMakeFiles/Task3.dir/C_/Users/Student/.pico-sdk/sdk/2.2.0/src/rp2_common/pico_crt0/crt0.S.obj
 .debug_rnglists
                0x00002b28       0xb5 CMakeFiles/Task3.dir/C_/Users/Student/.pico-sdk/sdk/2.2.0/src/rp2_common/pico_clib_interface/newlib_interface.c.obj
 .debug_rnglists
                0x00002bdd      0x302 CMakeFiles/Task3.dir/C_/Users/Student/.pico-sdk/sdk/2.2.0/src/rp2_common/pico_stdio/stdio.c.obj
 .debug_rnglists
                0x00002edf      0x1f2 CMakeFiles/Task3.dir/C_/Users/Student/.pico-sdk/sdk/2.2.0/src/rp2_common/pico_stdio_uart/stdio_uart.c.obj
 .debug_rnglists
                0x000030d1       0x37 CMakeFiles/Task3.dir/C_/Users/Student/.pico-sdk/sdk/2.2.0/src/rp2_common/hardware_adc/adc.c.obj

.debug_line     0x00000000    0x16052
 .debug_line    0x00000000      0x695 CMakeFiles/Task3.dir/Task3.c.obj
 .debug_line    0x00000695     0x1bcd CMakeFiles/Task3.dir/C_/Users/Student/.pico-sdk/sdk/2.2.0/src/rp2_common/hardware_gpio/gpio.c.obj
 .debug_line    0x00002262      0x291 CMakeFiles/Task3.dir/C_/Users/Student/.pico-sdk/sdk/2.2.0/src/rp2_common/pico_platform_panic/panic.c.obj
 .debug_line    0x000024f3      0x820 CMakeFiles/Task3.dir/C_/Users/Student/.pico-sdk/sdk/2.2.0/src/common/hardware_claim/claim.c.obj
 .debug_line    0x00002d13      0x432 CMakeFiles/Task3.dir/C_/Users/Student/.pico-sdk/sdk/2.2.0/src/rp2_common/hardware_sync/sync.c.obj
 .debug_line    0x00003145      0x3b2 CMakeFiles/Task3.dir/C_/Users/Student/.pico-sdk/sdk/2.2.0/src/rp2_common/hardware_sync_spin_lock/sync_spin_lock.c.obj
 .debug_line    0x000034f7     0x1731 CMakeFiles/Task3.dir/C_/Users/Student/.pico-sdk/sdk/2.2.0/src/rp2_common/hardware_irq/irq.c.obj
 .debug_line    0x00004c28      0x27c CMakeFiles/Task3.dir/C_/Users/Student/.pico-sdk/sdk/2.2.0/src/common/pico_sync/lock_core.c.obj
 .debug_line    0x00004ea4     0x1290 CMakeFiles/Task3.dir/C_/Users/Student/.pico-sdk/sdk/2.2.0/src/common/pico_sync/mutex.c.obj
 .debug_line    0x00006134     0x31f8 CMakeFiles/Task3.dir/C_/Users/Student/.pico-sdk/sdk/2.2.0/src/common/pico_time/time.c.obj
 .debug_line    0x0000932c     0x1ded CMakeFiles/Task3.dir/C_/Users/Student/.pico-sdk/sdk/2.2.0/src/rp2_common/hardware_timer/timer.c.obj
 .debug_line    0x0000b119      0xec9 CMakeFiles/Task3.dir/C_/Users/Student/.pico-sdk/sdk/2.2.0/src/rp2_common/hardware_uart/uart.c.obj