Archive member included to satisfy reference by file (symbol)

C:/Users/Student/.pico-sdk/toolchain/14_2_Rel1/bin/../lib/gcc/arm-none-eabi/14.2.1/thumb/v8-m.main+fp/softfp\libm.a(libm_a-wf_sqrt.o)
                              CMakeFiles/Lab4.dir/C_/Users/Student/.pico-sdk/sdk/2.2.0/src/rp2_common/pico_float/float_math.c.obj (sqrtf)
C:/Users/Student/.pico-sdk/toolchain/14_2_Rel1/bin/../lib/gcc/arm-none-eabi/14.2.1/thumb/v8-m.main+fp/softfp\libm.a(libm_a-ef_sqrt.o)
                              C:/Users/Student/.pico-sdk/toolchain/14_2_Rel1/bin/../lib/gcc/arm-none-eabi/14.2.1/thumb/v8-m.main+fp/softfp\libm.a(libm_a-wf_sqrt.o) (__ieee754_sqrtf)
C:/Users/Student/.pico-sdk/toolchain/14_2_Rel1/bin/../lib/gcc/arm-none-eabi/14.2.1/thumb/v8-m.main+fp/softfp\libgcc.a(_arm_addsubdf3.o)
                              CMakeFiles/Lab4.dir/C_/Users/Student/.pico-sdk/sdk/2.2.0/src/rp2_common/pico_float/float_math.c.obj (__aeabi_f2d)
C:/Users/Student/.pico-sdk/toolchain/14_2_Rel1/bin/../lib/gcc/arm-none-eabi/14.2.1/thumb/v8-m.main+fp/softfp\libgcc.a(_aeabi_ldivmod.o)
                              CMakeFiles/Lab4.dir/C_/Users/Student/.pico-sdk/sdk/2.2.0/src/common/pico_time/time.c.obj (__aeabi_ldivmod)
C:/Users/Student/.pico-sdk/toolchain/14_2_Rel1/bin/../lib/gcc/arm-none-eabi/14.2.1/thumb/v8-m.main+fp/softfp\libgcc.a(_aeabi_uldivmod.o)
                              CMakeFiles/Lab4.dir/C_/Users/Student/.pico-sdk/sdk/2.2.0/src/rp2_common/hardware_clocks/clocks.c.obj (__aeabi_uldivmod)
C:/Users/Student/.pico-sdk/toolchain/14_2_Rel1/bin/../lib/gcc/arm-none-eabi/14.2.1/thumb/v8-m.main+fp/softfp\libgcc.a(_udivmoddi4.o)
                              C:/Users/Student/.pico-sdk/toolchain/14_2_Rel1/bin/../lib/gcc/arm-none-eabi/14.2.1/thumb/v8-m.main+fp/softfp\libgcc.a(_aeabi_ldivmod.o) (__udivmoddi4)
C:/Users/Student/.pico-sdk/toolchain/14_2_Rel1/bin/../lib/gcc/arm-none-eabi/14.2.1/thumb/v8-m.main+fp/softfp\libgcc.a(_dvmd_tls.o)
                              C:/Users/Student/.pico-sdk/toolchain/14_2_Rel1/bin/../lib/gcc/arm-none-eabi/14.2.1/thumb/v8-m.main+fp/softfp\libgcc.a(_aeabi_ldivmod.o) (__aeabi_ldiv0)
C:/Users/Student/.pico-sdk/toolchain/14_2_Rel1/bin/../lib/gcc/arm-none-eabi/14.2.1/thumb/v8-m.main+fp/softfp\libg.a(libc_a-calloc.o)
                              CMakeFiles/Lab4.dir/C_/Users/Student/.pico-sdk/sdk/2.2.0/src/rp2_common/pico_malloc/malloc.c.obj (calloc)
C:/Users/Student/.pico-sdk/toolchain/14_2_Rel1/bin/../lib/gcc/arm-none-eabi/14.2.1/thumb/v8-m.main+fp/softfp\libg.a(libc_a-callocr.o)
                              C:/Users/Student/.pico-sdk/toolchain/14_2_Rel1/bin/../lib/gcc/arm-none-eabi/14.2.1/thumb/v8-m.main+fp/softfp\libg.a(libc_a-calloc.o) (_calloc_r)
C:/Users/Student/.pico-sdk/toolchain/14_2_Rel1/bin/../lib/gcc/arm-none-eabi/14.2.1/thumb/v8-m.main+fp/softfp\libg.a(libc_a-malloc.o)
                              CMakeFiles/Lab4.dir/C_/Users/Student/.pico-sdk/sdk/2.2.0/src/rp2_common/pico_malloc/malloc.c.obj (malloc)
C:/Users/Student/.pico-sdk/toolchain/14_2_Rel1/bin/../lib/gcc/arm-none-eabi/14.2.1/thumb/v8-m.main+fp/softfp\libg.a(libc_a-mallocr.o)
                              C:/Users/Student/.pico-sdk/toolchain/14_2_Rel1/bin/../lib/gcc/arm-none-eabi/14.2.1/thumb/v8-m.main+fp/softfp\libg.a(libc_a-callocr.o) (_malloc_r)
C:/Users/Student/.pico-sdk/toolchain/14_2_Rel1/bin/../lib/gcc/arm-none-eabi/14.2.1/thumb/v8-m.main+fp/softfp\libg.a(libc_a-mlock.o)
                              C:/Users/Student/.pico-sdk/toolchain/14_2_Rel1/bin/../lib/gcc/arm-none-eabi/14.2.1/thumb/v8-m.main+fp/softfp\libg.a(libc_a-mallocr.o) (__malloc_lock)
C:/Users/Student/.pico-sdk/toolchain/14_2_Rel1/bin/../lib/gcc/arm-none-eabi/14.2.1/thumb/v8-m.main+fp/softfp\libg.a(libc_a-realloc.o)
                              CMakeFiles/Lab4.dir/C_/Users/Student/.pico-sdk/sdk/2.2.0/src/rp2_common/pico_malloc/malloc.c.obj (realloc)
C:/Users/Student/.pico-sdk/toolchain/14_2_Rel1/bin/../lib/gcc/arm-none-eabi/14.2.1/thumb/v8-m.main+fp/softfp\libg.a(libc_a-reallocr.o)
                              C:/Users/Student/.pico-sdk/toolchain/14_2_Rel1/bin/../lib/gcc/arm-none-eabi/14.2.1/thumb/v8-m.main+fp/softfp\libg.a(libc_a-realloc.o) (_realloc_r)
C:/Users/Student/.pico-sdk/toolchain/14_2_Rel1/bin/../lib/gcc/arm-none-eabi/14.2.1/thumb/v8-m.main+fp/softfp\libg.a(libc_a-memcmp.o)
                              CMakeFiles/Lab4.dir/C_/Users/Student/.pico-sdk/sdk/2.2.0/src/rp2_common/pico_atomic/atomic.c.obj (memcmp)
C:/Users/Student/.pico-sdk/toolchain/14_2_Rel1/bin/../lib/gcc/arm-none-eabi/14.2.1/thumb/v8-m.main+fp/softfp\libg.a(libc_a-memmove.o)
                              C:/Users/Student/.pico-sdk/toolchain/14_2_Rel1/bin/../lib/gcc/arm-none-eabi/14.2.1/thumb/v8-m.main+fp/softfp\libg.a(libc_a-reallocr.o) (memmove)
C:/Users/Student/.pico-sdk/toolchain/14_2_Rel1/bin/../lib/gcc/arm-none-eabi/14.2.1/thumb/v8-m.main+fp/softfp\libg.a(libc_a-memset.o)
[...]
Memory Configuration

Name             Origin             Length             Attributes
FLASH            0x10000000         0x00400000         xr
RAM              0x20000000         0x00080000         xrw
SCRATCH_X        0x20080000         0x00001000         xrw
SCRATCH_Y        0x20081000         0x00001000         xrw
*default*        0x00000000         0xffffffff

Linker script and memory map

LOAD C:/Users/Student/.pico-sdk/toolchain/14_2_Rel1/bin/../lib/gcc/arm-none-eabi/14.2.1/thumb/v8-m.main+fp/softfp/crti.o
LOAD C:/Users/Student/.pico-sdk/toolchain/14_2_Rel1/bin/../lib/gcc/arm-none-eabi/14.2.1/thumb/v8-m.main+fp/softfp/crtbegin.o
LOAD C:/Users/Student/.pico-sdk/toolchain/14_2_Rel1/bin/../lib/gcc/arm-none-eabi/14.2.1/thumb/v8-m.main+fp/softfp/crt0.o

.flash_begin    0x10000000        0x0
                0x10000000                        __flash_binary_start = .

.text           0x10000000     0x46ec
                0x10000000                        __logical_binary_start = .
 *(.vectors)
 .vectors       0x10000000      0x124 CMakeFiles/Lab4.dir/C_/Users/Student/.pico-sdk/sdk/2.2.0/src/rp2_common/pico_crt0/crt0.S.obj
                0x10000000                __VECTOR_TABLE
                0x10000000                __vectors
                0x10000110                __unhandled_user_irq
                0x10000110                isr_irq49
                0x10000110                isr_irq13
                0x10000110                isr_irq43
                0x10000110                isr_irq45
                0x10000110                isr_irq27
                0x10000110                isr_irq32
                0x10000110                isr_irq31
                0x10000110                isr_irq12
                0x10000110                isr_irq5
                0x10000110                isr_irq11
                0x10000110                isr_irq3
                0x10000110                isr_irq23
                0x10000110                isr_usagefault
                0x10000110                isr_irq48
                0x10000110                isr_irq30
                0x10000110                isr_irq18
                0x10000110                isr_irq50
                0x10000110                isr_irq33
                0x10000110                isr_irq40
                0x10000110                isr_irq28
                0x10000110                isr_irq19
                0x10000110                isr_irq36
                0x10000110                isr_irq41
                0x10000110                isr_irq0
                0x10000110                isr_irq6
                0x10000110                isr_irq26
                0x10000110                isr_irq29
                0x10000110                isr_memmanage
                0x10000110                isr_irq37
                0x10000110                isr_irq42
                0x10000110                isr_irq22
                0x10000110                isr_irq35
                0x10000110                isr_irq17
                0x10000110                isr_irq38
                0x10000110                isr_irq14
                0x10000110                __vectors_end
                0x10000110                __default_isrs_start
                0x10000110                isr_irq2
                0x10000110                isr_irq10
                0x10000110                isr_irq8
                0x10000110                isr_debugmonitor
                0x10000110                isr_irq24
                0x10000110                isr_irq46
                0x10000110                isr_irq1
                0x10000110                isr_irq47
                0x10000110                isr_irq51
                0x10000110                isr_irq7
                0x10000110                isr_irq21
                0x10000110                isr_irq39
                0x10000110                isr_irq20
                0x10000110                isr_irq15
                0x10000110                isr_irq25
                0x10000110                isr_irq34
                0x10000110                isr_irq44
                0x10000110                isr_securefault
                0x10000110                isr_irq4
                0x10000110                isr_busfault
                0x10000110                isr_irq16
                0x10000110                isr_irq9
                0x10000116                unhandled_user_irq_num_in_r0
                0x10000118                isr_invalid
                0x1000011a                isr_nmi
                0x1000011c                isr_hardfault
                0x1000011e                isr_svcall
                0x10000120                isr_pendsv
                0x10000122                isr_systick
                0x10000124                __default_isrs_end
 *(.binary_info_header)
 .binary_info_header
                0x10000124       0x14 CMakeFiles/Lab4.dir/C_/Users/Student/.pico-sdk/sdk/2.2.0/src/rp2_common/pico_crt0/crt0.S.obj
                0x10000138                        __binary_info_header_end = .
 *(.embedded_block)
 .embedded_block
                0x10000138       0x14 CMakeFiles/Lab4.dir/C_/Users/Student/.pico-sdk/sdk/2.2.0/src/rp2_common/pico_crt0/crt0.S.obj
                0x1000014c                        __embedded_block_end = .
 *(.reset)
 .reset         0x1000014c       0x98 CMakeFiles/Lab4.dir/C_/Users/Student/.pico-sdk/sdk/2.2.0/src/rp2_common/pico_crt0/crt0.S.obj
                0x1000014c                _entry_point
 *(.init)
 .init          0x100001e4        0x4 C:/Users/Student/.pico-sdk/toolchain/14_2_Rel1/bin/../lib/gcc/arm-none-eabi/14.2.1/thumb/v8-m.main+fp/softfp/crti.o
                0x100001e4                _init
 SORT_BY_NAME(REVERSE(*libgcc.a:cmse_nonsecure_call.o))()
 *(EXCLUDE_FILE(*libm.a: *libc.a:*lib_a-mem*.o *libgcc.a:) .text*)
 .text.register_tm_clones
                0x100001e8       0x28 C:/Users/Student/.pico-sdk/toolchain/14_2_Rel1/bin/../lib/gcc/arm-none-eabi/14.2.1/thumb/v8-m.main+fp/softfp/crtbegin.o
 .text.frame_dummy
                0x10000210       0x24 C:/Users/Student/.pico-sdk/toolchain/14_2_Rel1/bin/../lib/gcc/arm-none-eabi/14.2.1/thumb/v8-m.main+fp/softfp/crtbegin.o
 .text.startup.main
                0x10000234      0x1c8 CMakeFiles/Lab4.dir/Lab4.c.obj
                0x10000234                main
 .text.ssd1306_draw_char_with_font.part.0
                0x100003fc      0x12c CMakeFiles/Lab4.dir/ssd1306.c.obj
 .text.ssd1306_init
                0x10000528      0x140 CMakeFiles/Lab4.dir/ssd1306.c.obj
                0x10000528                ssd1306_init
 .text.ssd1306_clear
                0x10000668        0xc CMakeFiles/Lab4.dir/ssd1306.c.obj
                0x10000668                ssd1306_clear
 .text.ssd1306_draw_string
                0x10000674       0x58 CMakeFiles/Lab4.dir/ssd1306.c.obj
                0x10000674                ssd1306_draw_string
 .text.ssd1306_show
                0x100006cc       0xd0 CMakeFiles/Lab4.dir/ssd1306.c.obj
                0x100006cc                ssd1306_show
 .text.gpio_set_function
                0x1000079c       0x3c CMakeFiles/Lab4.dir/C_/Users/Student/.pico-sdk/sdk/2.2.0/src/rp2_common/hardware_gpio/gpio.c.obj
                0x1000079c                gpio_set_function
 .text.gpio_set_pulls
                0x100007d8       0x28 CMakeFiles/Lab4.dir/C_/Users/Student/.pico-sdk/sdk/2.2.0/src/rp2_common/hardware_gpio/gpio.c.obj
                0x100007d8                gpio_set_pulls
 .text.panic    0x10000800       0x30 CMakeFiles/Lab4.dir/C_/Users/Student/.pico-sdk/sdk/2.2.0/src/rp2_common/pico_platform_panic/panic.c.obj
                0x10000800                panic
 .text.hw_claim_or_assert
                0x10000830       0x58 CMakeFiles/Lab4.dir/C_/Users/Student/.pico-sdk/sdk/2.2.0/src/common/hardware_claim/claim.c.obj
                0x10000830                hw_claim_or_assert
 .text.next_striped_spin_lock_num
                0x10000888       0x18 CMakeFiles/Lab4.dir/C_/Users/Student/.pico-sdk/sdk/2.2.0/src/rp2_common/hardware_sync/sync.c.obj
                0x10000888                next_striped_spin_lock_num
 .text.spinlock_set_extexclall
                0x100008a0       0x10 CMakeFiles/Lab4.dir/C_/Users/Student/.pico-sdk/sdk/2.2.0/src/rp2_common/hardware_sync_spin_lock/sync_spin_lock.c.obj
 .text.spin_locks_reset
                0x100008b0       0x18 CMakeFiles/Lab4.dir/C_/Users/Student/.pico-sdk/sdk/2.2.0/src/rp2_common/hardware_sync_spin_lock/sync_spin_lock.c.obj
                0x100008b0                spin_locks_reset
 .text.runtime_init_per_core_irq_priorities
                0x100008c8       0x40 CMakeFiles/Lab4.dir/C_/Users/Student/.pico-sdk/sdk/2.2.0/src/rp2_common/hardware_irq/irq.c.obj
                0x100008c8                runtime_init_per_core_irq_priorities
 .text.irq_set_enabled
                0x10000908       0x2c CMakeFiles/Lab4.dir/C_/Users/Student/.pico-sdk/sdk/2.2.0/src/rp2_common/hardware_irq/irq.c.obj
                0x10000908                irq_set_enabled
 .text.irq_set_exclusive_handler
                0x10000934       0x60 CMakeFiles/Lab4.dir/C_/Users/Student/.pico-sdk/sdk/2.2.0/src/rp2_common/hardware_irq/irq.c.obj
                0x10000934                irq_set_exclusive_handler
 .text.irq_remove_handler
                0x10000994      0x1f4 CMakeFiles/Lab4.dir/C_/Users/Student/.pico-sdk/sdk/2.2.0/src/rp2_common/hardware_irq/irq.c.obj
                0x10000994                irq_remove_handler
 .text.irq_add_tail_to_free_list
                0x10000b88       0xbc CMakeFiles/Lab4.dir/C_/Users/Student/.pico-sdk/sdk/2.2.0/src/rp2_common/hardware_irq/irq.c.obj
                0x10000b88                irq_add_tail_to_free_list
 .text.lock_init
                0x10000c44        0xc CMakeFiles/Lab4.dir/C_/Users/Student/.pico-sdk/sdk/2.2.0/src/common/pico_sync/lock_core.c.obj
                0x10000c44                lock_init
 .text.runtime_init_mutex
                0x10000c50       0x4c CMakeFiles/Lab4.dir/C_/Users/Student/.pico-sdk/sdk/2.2.0/src/common/pico_sync/mutex.c.obj
                0x10000c50                runtime_init_mutex
 .text.sleep_until_callback
                0x10000c9c       0x3c CMakeFiles/Lab4.dir/C_/Users/Student/.pico-sdk/sdk/2.2.0/src/common/pico_time/time.c.obj
 .text.alarm_pool_irq_handler
                0x10000cd8      0x2f0 CMakeFiles/Lab4.dir/C_/Users/Student/.pico-sdk/sdk/2.2.0/src/common/pico_time/time.c.obj
 .text.runtime_init_default_alarm_pool
                0x10000fc8      0x100 CMakeFiles/Lab4.dir/C_/Users/Student/.pico-sdk/sdk/2.2.0/src/common/pico_time/time.c.obj
                0x10000fc8                runtime_init_default_alarm_pool
 .text.alarm_pool_add_alarm_at_force_in_context
                0x100010c8       0xc8 CMakeFiles/Lab4.dir/C_/Users/Student/.pico-sdk/sdk/2.2.0/src/common/pico_time/time.c.obj
                0x100010c8                alarm_pool_add_alarm_at_force_in_context
 .text.alarm_pool_cancel_alarm
                0x10001190       0x80 CMakeFiles/Lab4.dir/C_/Users/Student/.pico-sdk/sdk/2.2.0/src/common/pico_time/time.c.obj
                0x10001190                alarm_pool_cancel_alarm
 .text.sleep_ms
                0x10001210       0xdc CMakeFiles/Lab4.dir/C_/Users/Student/.pico-sdk/sdk/2.2.0/src/common/pico_time/time.c.obj
                0x10001210                sleep_ms
 .text.best_effort_wfe_or_timeout
                0x100012ec       0xd4 CMakeFiles/Lab4.dir/C_/Users/Student/.pico-sdk/sdk/2.2.0/src/common/pico_time/time.c.obj
                0x100012ec                best_effort_wfe_or_timeout
 .text.timer_hardware_alarm_claim
                0x100013c0       0x24 CMakeFiles/Lab4.dir/C_/Users/Student/.pico-sdk/sdk/2.2.0/src/rp2_common/hardware_timer/timer.c.obj
                0x100013c0                timer_hardware_alarm_claim
 .text.timer_time_us_64
                0x100013e4       0x10 CMakeFiles/Lab4.dir/C_/Users/Student/.pico-sdk/sdk/2.2.0/src/rp2_common/hardware_timer/timer.c.obj
                0x100013e4                timer_time_us_64
 .text.time_us_64
                0x100013f4       0x14 CMakeFiles/Lab4.dir/C_/Users/Student/.pico-sdk/sdk/2.2.0/src/rp2_common/hardware_timer/timer.c.obj
                0x100013f4                time_us_64
 .text.busy_wait_us
                0x10001408       0x5c CMakeFiles/Lab4.dir/C_/Users/Student/.pico-sdk/sdk/2.2.0/src/rp2_common/hardware_timer/timer.c.obj
                0x10001408                busy_wait_us
 .text.busy_wait_until
                0x10001464       0x24 CMakeFiles/Lab4.dir/C_/Users/Student/.pico-sdk/sdk/2.2.0/src/rp2_common/hardware_timer/timer.c.obj
                0x10001464                busy_wait_until
 .text.uart_init
                0x10001488      0x104 CMakeFiles/Lab4.dir/C_/Users/Student/.pico-sdk/sdk/2.2.0/src/rp2_common/hardware_uart/uart.c.obj
                0x10001488                uart_init
 .text.clock_configure_undivided
                0x1000158c       0xd0 CMakeFiles/Lab4.dir/C_/Users/Student/.pico-sdk/sdk/2.2.0/src/rp2_common/hardware_clocks/clocks.c.obj
                0x1000158c                clock_configure_undivided
 .text.clock_get_hz
                0x1000165c        0xc CMakeFiles/Lab4.dir/C_/Users/Student/.pico-sdk/sdk/2.2.0/src/rp2_common/hardware_clocks/clocks.c.obj
                0x1000165c                clock_get_hz
 .text.pll_init
                0x10001668       0x8c CMakeFiles/Lab4.dir/C_/Users/Student/.pico-sdk/sdk/2.2.0/src/rp2_common/hardware_pll/pll.c.obj
                0x10001668                pll_init
 .text.tick_start
                0x100016f4       0x18 CMakeFiles/Lab4.dir/C_/Users/Student/.pico-sdk/sdk/2.2.0/src/rp2_common/hardware_ticks/ticks.c.obj
                0x100016f4                tick_start
 .text.rom_func_lookup
                0x1000170c       0x18 CMakeFiles/Lab4.dir/C_/Users/Student/.pico-sdk/sdk/2.2.0/src/rp2_common/pico_bootrom/bootrom.c.obj
                0x1000170c                rom_func_lookup
 .text.runtime_init_bootrom_locking_enable
                0x10001724       0x14 CMakeFiles/Lab4.dir/C_/Users/Student/.pico-sdk/sdk/2.2.0/src/rp2_common/pico_bootrom/bootrom_lock.c.obj
                0x10001724                runtime_init_bootrom_locking_enable
 .text.runtime_init_boot_locks_reset
                0x10001738       0x1c CMakeFiles/Lab4.dir/C_/Users/Student/.pico-sdk/sdk/2.2.0/src/rp2_common/hardware_boot_lock/boot_lock.c.obj
                0x10001738                runtime_init_boot_locks_reset
 .text.xosc_init
                0x10001754       0x30 CMakeFiles/Lab4.dir/C_/Users/Student/.pico-sdk/sdk/2.2.0/src/rp2_common/hardware_xosc/xosc.c.obj
                0x10001754                xosc_init
 .text.first_per_core_initializer
                0x10001784        0x4 CMakeFiles/Lab4.dir/C_/Users/Student/.pico-sdk/sdk/2.2.0/src/rp2_common/pico_runtime/runtime.c.obj
 .text.hard_assertion_failure
                0x10001788        0xc CMakeFiles/Lab4.dir/C_/Users/Student/.pico-sdk/sdk/2.2.0/src/rp2_common/pico_runtime/runtime.c.obj
                0x10001788                hard_assertion_failure
 .text.runtime_run_initializers
                0x10001794       0x20 CMakeFiles/Lab4.dir/C_/Users/Student/.pico-sdk/sdk/2.2.0/src/rp2_common/pico_runtime/runtime.c.obj
                0x10001794                runtime_run_initializers
 .text.runtime_init_early_resets
                0x100017b4       0x34 CMakeFiles/Lab4.dir/C_/Users/Student/.pico-sdk/sdk/2.2.0/src/rp2_common/pico_runtime_init/runtime_init.c.obj
                0x100017b4                runtime_init_early_resets
 .text.runtime_init_usb_power_down
                0x100017e8       0x1c CMakeFiles/Lab4.dir/C_/Users/Student/.pico-sdk/sdk/2.2.0/src/rp2_common/pico_runtime_init/runtime_init.c.obj
                0x100017e8                runtime_init_usb_power_down
 .text.runtime_init_per_core_enable_coprocessors
                0x10001804       0x1c CMakeFiles/Lab4.dir/C_/Users/Student/.pico-sdk/sdk/2.2.0/src/rp2_common/pico_runtime_init/runtime_init.c.obj
                0x10001804                runtime_init_per_core_enable_coprocessors
 .text.runtime_init_post_clock_resets
                0x10001820       0x20 CMakeFiles/Lab4.dir/C_/Users/Student/.pico-sdk/sdk/2.2.0/src/rp2_common/pico_runtime_init/runtime_init.c.obj
                0x10001820                runtime_init_post_clock_resets
 .text.runtime_init_bootrom_reset
                0x10001840       0x14 CMakeFiles/Lab4.dir/C_/Users/Student/.pico-sdk/sdk/2.2.0/src/rp2_common/pico_runtime_init/runtime_init.c.obj
                0x10001840                runtime_init_bootrom_reset
 .text.runtime_init_per_core_bootrom_reset
                0x10001854       0x14 CMakeFiles/Lab4.dir/C_/Users/Student/.pico-sdk/sdk/2.2.0/src/rp2_common/pico_runtime_init/runtime_init.c.obj
                0x10001854                runtime_init_per_core_bootrom_reset
 .text.runtime_init_spin_locks_reset
                0x10001868        0x4 CMakeFiles/Lab4.dir/C_/Users/Student/.pico-sdk/sdk/2.2.0/src/rp2_common/pico_runtime_init/runtime_init.c.obj
                0x10001868                runtime_init_spin_locks_reset
 .text.runtime_init_install_ram_vector_table
                0x1000186c       0x68 CMakeFiles/Lab4.dir/C_/Users/Student/.pico-sdk/sdk/2.2.0/src/rp2_common/pico_runtime_init/runtime_init.c.obj
                0x1000186c                runtime_init_install_ram_vector_table
 .text.runtime_init_clocks
                0x100018d4       0xdc CMakeFiles/Lab4.dir/C_/Users/Student/.pico-sdk/sdk/2.2.0/src/rp2_common/pico_runtime_init/runtime_init_clocks.c.obj
                0x100018d4                runtime_init_clocks
 .text.__rp2350_dcp_engaged_state_save_restore
                0x100019b0       0x3a CMakeFiles/Lab4.dir/C_/Users/Student/.pico-sdk/sdk/2.2.0/src/rp2_common/pico_double/double_aeabi_dcp.S.obj
 *fill*         0x100019ea        0x2 
 .text.__wrap___aeabi_dadd
                0x100019ec       0x28 CMakeFiles/Lab4.dir/C_/Users/Student/.pico-sdk/sdk/2.2.0/src/rp2_common/pico_double/double_aeabi_dcp.S.obj
                0x100019f4                __wrap___aeabi_dadd
 .text.__wrap___aeabi_dsub
                0x10001a14       0x28 CMakeFiles/Lab4.dir/C_/Users/Student/.pico-sdk/sdk/2.2.0/src/rp2_common/pico_double/double_aeabi_dcp.S.obj
                0x10001a1c                __wrap___aeabi_dsub
 .text.__wrap___aeabi_dmul
                0x10001a3c       0x4c CMakeFiles/Lab4.dir/C_/Users/Student/.pico-sdk/sdk/2.2.0/src/rp2_common/pico_double/double_aeabi_dcp.S.obj
                0x10001a44                __wrap___aeabi_dmul
 .text.__wrap___aeabi_ddiv
                0x10001a88       0x9c CMakeFiles/Lab4.dir/C_/Users/Student/.pico-sdk/sdk/2.2.0/src/rp2_common/pico_double/double_aeabi_dcp.S.obj
                0x10001a90                __wrap___aeabi_ddiv
 .text.__wrap___aeabi_i2d
                0x10001b24       0x24 CMakeFiles/Lab4.dir/C_/Users/Student/.pico-sdk/sdk/2.2.0/src/rp2_common/pico_double/double_aeabi_dcp.S.obj
                0x10001b2c                int2double
                0x10001b2c                __wrap___aeabi_i2d
 .text.__wrap___aeabi_ui2d
                0x10001b48       0x24 CMakeFiles/Lab4.dir/C_/Users/Student/.pico-sdk/sdk/2.2.0/src/rp2_common/pico_double/double_aeabi_dcp.S.obj
                0x10001b50                uint2double
                0x10001b50                __wrap___aeabi_ui2d
 .text.__wrap___aeabi_d2iz
                0x10001b6c       0x24 CMakeFiles/Lab4.dir/C_/Users/Student/.pico-sdk/sdk/2.2.0/src/rp2_common/pico_double/double_aeabi_dcp.S.obj
                0x10001b74                double2int_z
                0x10001b74                __wrap___aeabi_d2iz
 .text.__wrap___aeabi_d2uiz
                0x10001b90       0x24 CMakeFiles/Lab4.dir/C_/Users/Student/.pico-sdk/sdk/2.2.0/src/rp2_common/pico_double/double_aeabi_dcp.S.obj
                0x10001b98                double2uint
                0x10001b98                __wrap___aeabi_d2uiz
                0x10001b98                double2uint_z
 .text.__wrap___aeabi_dcmpun
                0x10001bb4       0x24 CMakeFiles/Lab4.dir/C_/Users/Student/.pico-sdk/sdk/2.2.0/src/rp2_common/pico_double/double_aeabi_dcp.S.obj
                0x10001bbc                __wrap___aeabi_dcmpun
 .text.__wrap___aeabi_dcmplt
                0x10001bd8       0x28 CMakeFiles/Lab4.dir/C_/Users/Student/.pico-sdk/sdk/2.2.0/src/rp2_common/pico_double/double_aeabi_dcp.S.obj
                0x10001be0                __wrap___aeabi_dcmplt
 .text.__wrap___aeabi_dcmple
                0x10001c00       0x28 CMakeFiles/Lab4.dir/C_/Users/Student/.pico-sdk/sdk/2.2.0/src/rp2_common/pico_double/double_aeabi_dcp.S.obj
                0x10001c08                __wrap___aeabi_dcmple
 .text.__wrap___aeabi_dcmpge
                0x10001c28       0x28 CMakeFiles/Lab4.dir/C_/Users/Student/.pico-sdk/sdk/2.2.0/src/rp2_common/pico_double/double_aeabi_dcp.S.obj
                0x10001c30                __wrap___aeabi_dcmpge
 .text.__wrap___aeabi_dcmpgt
                0x10001c50       0x28 CMakeFiles/Lab4.dir/C_/Users/Student/.pico-sdk/sdk/2.2.0/src/rp2_common/pico_double/double_aeabi_dcp.S.obj
                0x10001c58                __wrap___aeabi_dcmpgt
 .text.__wrap_malloc
                0x10001c78       0x24 CMakeFiles/Lab4.dir/C_/Users/Student/.pico-sdk/sdk/2.2.0/src/rp2_common/pico_malloc/malloc.c.obj
                0x10001c78                __wrap_malloc
 .text._out_buffer
                0x10001c9c        0x8 CMakeFiles/Lab4.dir/C_/Users/Student/.pico-sdk/sdk/2.2.0/src/rp2_common/pico_printf/printf.c.obj
 .text._out_null
                0x10001ca4        0x4 CMakeFiles/Lab4.dir/C_/Users/Student/.pico-sdk/sdk/2.2.0/src/rp2_common/pico_printf/printf.c.obj
 .text._out_rev
                0x10001ca8       0x9c CMakeFiles/Lab4.dir/C_/Users/Student/.pico-sdk/sdk/2.2.0/src/rp2_common/pico_printf/printf.c.obj
 .text._ntoa_format
                0x10001d44      0x1d4 CMakeFiles/Lab4.dir/C_/Users/Student/.pico-sdk/sdk/2.2.0/src/rp2_common/pico_printf/printf.c.obj
 .text._out_char
                0x10001f18        0x8 CMakeFiles/Lab4.dir/C_/Users/Student/.pico-sdk/sdk/2.2.0/src/rp2_common/pico_printf/printf.c.obj
 .text._out_fct
                0x10001f20        0xc CMakeFiles/Lab4.dir/C_/Users/Student/.pico-sdk/sdk/2.2.0/src/rp2_common/pico_printf/printf.c.obj
 *fill*         0x10001f2c        0x4 
 .text._ftoa    0x10001f30      0x4bc CMakeFiles/Lab4.dir/C_/Users/Student/.pico-sdk/sdk/2.2.0/src/rp2_common/pico_printf/printf.c.obj
 *fill*         0x100023ec        0x4 
 .text._etoa    0x100023f0      0x574 CMakeFiles/Lab4.dir/C_/Users/Student/.pico-sdk/sdk/2.2.0/src/rp2_common/pico_printf/printf.c.obj
 .text._vsnprintf
                0x10002964      0x9e4 CMakeFiles/Lab4.dir/C_/Users/Student/.pico-sdk/sdk/2.2.0/src/rp2_common/pico_printf/printf.c.obj
 .text.__wrap_sprintf
                0x10003348       0x2c CMakeFiles/Lab4.dir/C_/Users/Student/.pico-sdk/sdk/2.2.0/src/rp2_common/pico_printf/printf.c.obj
                0x10003348                __wrap_sprintf
 .text.vfctprintf
                0x10003374       0x28 CMakeFiles/Lab4.dir/C_/Users/Student/.pico-sdk/sdk/2.2.0/src/rp2_common/pico_printf/printf.c.obj
                0x10003374                vfctprintf
 .text.weak_raw_vprintf
                0x1000339c       0x30 CMakeFiles/Lab4.dir/C_/Users/Student/.pico-sdk/sdk/2.2.0/src/rp2_common/pico_printf/printf.c.obj
                0x1000339c                weak_raw_vprintf
 .text._exit    0x100033cc        0x4 CMakeFiles/Lab4.dir/C_/Users/Student/.pico-sdk/sdk/2.2.0/src/rp2_common/pico_clib_interface/newlib_interface.c.obj
                0x100033cc                _exit
 .text._sbrk    0x100033d0       0x2c CMakeFiles/Lab4.dir/C_/Users/Student/.pico-sdk/sdk/2.2.0/src/rp2_common/pico_clib_interface/newlib_interface.c.obj
                0x100033d0                _sbrk
 .text.exit     0x100033fc        0x8 CMakeFiles/Lab4.dir/C_/Users/Student/.pico-sdk/sdk/2.2.0/src/rp2_common/pico_clib_interface/newlib_interface.c.obj
                0x100033fc                exit
 .text.runtime_init
                0x10003404       0x24 CMakeFiles/Lab4.dir/C_/Users/Student/.pico-sdk/sdk/2.2.0/src/rp2_common/pico_clib_interface/newlib_interface.c.obj
                0x10003404                runtime_init
 .text.stdio_out_chars_no_crlf
                0x10003428        0x8 CMakeFiles/Lab4.dir/C_/Users/Student/.pico-sdk/sdk/2.2.0/src/rp2_common/pico_stdio/stdio.c.obj
 .text.stdio_out_chars_crlf
                0x10003430       0xb0 CMakeFiles/Lab4.dir/C_/Users/Student/.pico-sdk/sdk/2.2.0/src/rp2_common/pico_stdio/stdio.c.obj
 .text.stdio_buffered_printer
                0x100034e0       0x60 CMakeFiles/Lab4.dir/C_/Users/Student/.pico-sdk/sdk/2.2.0/src/rp2_common/pico_stdio/stdio.c.obj
 .text.stdio_put_string
                0x10003540       0xec CMakeFiles/Lab4.dir/C_/Users/Student/.pico-sdk/sdk/2.2.0/src/rp2_common/pico_stdio/stdio.c.obj
                0x10003540                stdio_put_string
 .text.stdio_set_driver_enabled
                0x1000362c       0x28 CMakeFiles/Lab4.dir/C_/Users/Student/.pico-sdk/sdk/2.2.0/src/rp2_common/pico_stdio/stdio.c.obj
                0x1000362c                stdio_set_driver_enabled
 .text.stdio_init_all
                0x10003654        0xc CMakeFiles/Lab4.dir/C_/Users/Student/.pico-sdk/sdk/2.2.0/src/rp2_common/pico_stdio/stdio.c.obj
                0x10003654                stdio_init_all
 .text.__wrap_putchar
                0x10003660       0x84 CMakeFiles/Lab4.dir/C_/Users/Student/.pico-sdk/sdk/2.2.0/src/rp2_common/pico_stdio/stdio.c.obj
                0x10003660                __wrap_putchar
                0x10003660                stdio_putchar
 .text.__wrap_puts
                0x100036e4       0x3c CMakeFiles/Lab4.dir/C_/Users/Student/.pico-sdk/sdk/2.2.0/src/rp2_common/pico_stdio/stdio.c.obj
                0x100036e4                stdio_puts
                0x100036e4                __wrap_puts
 .text.__wrap_vprintf
                0x10003720       0xc4 CMakeFiles/Lab4.dir/C_/Users/Student/.pico-sdk/sdk/2.2.0/src/rp2_common/pico_stdio/stdio.c.obj
                0x10003720                stdio_vprintf
                0x10003720                __wrap_vprintf
 .text.__wrap_printf
                0x100037e4       0x1c CMakeFiles/Lab4.dir/C_/Users/Student/.pico-sdk/sdk/2.2.0/src/rp2_common/pico_stdio/stdio.c.obj
                0x100037e4                __wrap_printf
                0x100037e4                stdio_printf
 .text.stdio_uart_out_chars
                0x10003800       0x50 CMakeFiles/Lab4.dir/C_/Users/Student/.pico-sdk/sdk/2.2.0/src/rp2_common/pico_stdio_uart/stdio_uart.c.obj
 .text.stdio_uart_in_chars
                0x10003850       0x94 CMakeFiles/Lab4.dir/C_/Users/Student/.pico-sdk/sdk/2.2.0/src/rp2_common/pico_stdio_uart/stdio_uart.c.obj
                0x10003850                stdio_uart_in_chars
 .text.on_uart_rx
                0x100038e4       0x24 CMakeFiles/Lab4.dir/C_/Users/Student/.pico-sdk/sdk/2.2.0/src/rp2_common/pico_stdio_uart/stdio_uart.c.obj
 .text.stdio_uart_out_flush
                0x10003908       0x10 CMakeFiles/Lab4.dir/C_/Users/Student/.pico-sdk/sdk/2.2.0/src/rp2_common/pico_stdio_uart/stdio_uart.c.obj
 .text.stdio_uart_set_chars_available_callback
                0x10003918       0x88 CMakeFiles/Lab4.dir/C_/Users/Student/.pico-sdk/sdk/2.2.0/src/rp2_common/pico_stdio_uart/stdio_uart.c.obj
 .text.stdio_uart_init
                0x100039a0       0x54 CMakeFiles/Lab4.dir/C_/Users/Student/.pico-sdk/sdk/2.2.0/src/rp2_common/pico_stdio_uart/stdio_uart.c.obj
                0x100039a0                stdio_uart_init
 .text.i2c_read_blocking_internal.constprop.0
                0x100039f4       0x70 CMakeFiles/Lab4.dir/C_/Users/Student/.pico-sdk/sdk/2.2.0/src/rp2_common/hardware_i2c/i2c.c.obj
 .text.i2c_write_blocking_internal.constprop.0
                0x10003a64       0x9c CMakeFiles/Lab4.dir/C_/Users/Student/.pico-sdk/sdk/2.2.0/src/rp2_common/hardware_i2c/i2c.c.obj
 .text.i2c_set_baudrate
                0x10003b00       0xa4 CMakeFiles/Lab4.dir/C_/Users/Student/.pico-sdk/sdk/2.2.0/src/rp2_common/hardware_i2c/i2c.c.obj
                0x10003b00                i2c_set_baudrate
 .text.i2c_init
                0x10003ba4       0x4c CMakeFiles/Lab4.dir/C_/Users/Student/.pico-sdk/sdk/2.2.0/src/rp2_common/hardware_i2c/i2c.c.obj
                0x10003ba4                i2c_init
 .text.i2c_write_blocking
                0x10003bf0       0x10 CMakeFiles/Lab4.dir/C_/Users/Student/.pico-sdk/sdk/2.2.0/src/rp2_common/hardware_i2c/i2c.c.obj
                0x10003bf0                i2c_write_blocking
 .text.i2c_read_blocking
                0x10003c00       0x10 CMakeFiles/Lab4.dir/C_/Users/Student/.pico-sdk/sdk/2.2.0/src/rp2_common/hardware_i2c/i2c.c.obj
                0x10003c00                i2c_read_blocking
 .text.malloc   0x10003c10       0x10 C:/Users/Student/.pico-sdk/toolchain/14_2_Rel1/bin/../lib/gcc/arm-none-eabi/14.2.1/thumb/v8-m.main+fp/softfp\libg.a(libc_a-malloc.o)
                0x10003c10                malloc
 .text._malloc_r
                0x10003c20      0x578 C:/Users/Student/.pico-sdk/toolchain/14_2_Rel1/bin/../lib/gcc/arm-none-eabi/14.2.1/thumb/v8-m.main+fp/softfp\libg.a(libc_a-mallocr.o)
                0x10003c20                _malloc_r
 .text.__malloc_lock
                0x10004198        0xc C:/Users/Student/.pico-sdk/toolchain/14_2_Rel1/bin/../lib/gcc/arm-none-eabi/14.2.1/thumb/v8-m.main+fp/softfp\libg.a(libc_a-mlock.o)
                0x10004198                __malloc_lock
 .text.__malloc_unlock
                0x100041a4        0xc C:/Users/Student/.pico-sdk/toolchain/14_2_Rel1/bin/../lib/gcc/arm-none-eabi/14.2.1/thumb/v8-m.main+fp/softfp\libg.a(libc_a-mlock.o)
                0x100041a4                __malloc_unlock
 .text.memset   0x100041b0       0x9c C:/Users/Student/.pico-sdk/toolchain/14_2_Rel1/bin/../lib/gcc/arm-none-eabi/14.2.1/thumb/v8-m.main+fp/softfp\libg.a(libc_a-memset.o)
                0x100041b0                memset
 .text._sbrk_r  0x1000424c       0x24 C:/Users/Student/.pico-sdk/toolchain/14_2_Rel1/bin/../lib/gcc/arm-none-eabi/14.2.1/thumb/v8-m.main+fp/softfp\libg.a(libc_a-sbrkr.o)
                0x1000424c                _sbrk_r
 .text.__errno  0x10004270        0xc C:/Users/Student/.pico-sdk/toolchain/14_2_Rel1/bin/../lib/gcc/arm-none-eabi/14.2.1/thumb/v8-m.main+fp/softfp\libg.a(libc_a-errno.o)
                0x10004270                __errno
 .text.__retarget_lock_acquire_recursive
                0x1000427c        0x4 C:/Users/Student/.pico-sdk/toolchain/14_2_Rel1/bin/../lib/gcc/arm-none-eabi/14.2.1/thumb/v8-m.main+fp/softfp\libg.a(libc_a-lock.o)
                0x1000427c                __retarget_lock_acquire_recursive
 .text.__retarget_lock_release_recursive
                0x10004280        0x4 C:/Users/Student/.pico-sdk/toolchain/14_2_Rel1/bin/../lib/gcc/arm-none-eabi/14.2.1/thumb/v8-m.main+fp/softfp\libg.a(libc_a-lock.o)
                0x10004280                __retarget_lock_release_recursive
 .text.sysconf  0x10004284       0x1c C:/Users/Student/.pico-sdk/toolchain/14_2_Rel1/bin/../lib/gcc/arm-none-eabi/14.2.1/thumb/v8-m.main+fp/softfp\libg.a(libc_a-sysconf.o)
                0x10004284                sysconf
 .text          0x100042a0       0xec C:/Users/Student/.pico-sdk/toolchain/14_2_Rel1/bin/../lib/gcc/arm-none-eabi/14.2.1/thumb/v8-m.main+fp/softfp\libg.a(libc_a-memcpy.o)
                0x100042a0                memcpy
 .text.strlen   0x1000438c       0x5c C:/Users/Student/.pico-sdk/toolchain/14_2_Rel1/bin/../lib/gcc/arm-none-eabi/14.2.1/thumb/v8-m.main+fp/softfp\libg.a(libc_a-strlen-stub.o)
                0x1000438c                strlen
 .text._malloc_trim_r
                0x100043e8       0xb8 C:/Users/Student/.pico-sdk/toolchain/14_2_Rel1/bin/../lib/gcc/arm-none-eabi/14.2.1/thumb/v8-m.main+fp/softfp\libg.a(libc_a-freer.o)
                0x100043e8                _malloc_trim_r
 .text._free_r  0x100044a0      0x1e8 C:/Users/Student/.pico-sdk/toolchain/14_2_Rel1/bin/../lib/gcc/arm-none-eabi/14.2.1/thumb/v8-m.main+fp/softfp\libg.a(libc_a-freer.o)
                0x100044a0                _free_r
 *(.fini)
 .fini          0x10004688        0x4 C:/Users/Student/.pico-sdk/toolchain/14_2_Rel1/bin/../lib/gcc/arm-none-eabi/14.2.1/thumb/v8-m.main+fp/softfp/crti.o
                0x10004688                _fini
 *fill*         0x1000468c        0x4 
 .fini.__stub   0x10004690       0x18 linker stubs
 *crtbegin.o(.ctors)
 *crtbegin?.o(.ctors)
 *(EXCLUDE_FILE(*crtend.o *crtend?.o) .ctors)
 *(SORT_BY_NAME(.ctors.*))
 *(.ctors)
 *crtbegin.o(.dtors)
 *crtbegin?.o(.dtors)
 *(EXCLUDE_FILE(*crtend.o *crtend?.o) .dtors)
 *(SORT_BY_NAME(.dtors.*))
 *(.dtors)
                0x100046a8                        . = ALIGN (0x4)
                0x100046a8                        PROVIDE (__preinit_array_start = .)
 *(SORT_BY_NAME(.preinit_array.*))
 .preinit_array.00050
                0x100046a8        0x4 CMakeFiles/Lab4.dir/C_/Users/Student/.pico-sdk/sdk/2.2.0/src/rp2_common/pico_runtime_init/runtime_init.c.obj
                0x100046a8                __pre_init_runtime_init_bootrom_reset
 .preinit_array.00100
                0x100046ac        0x4 CMakeFiles/Lab4.dir/C_/Users/Student/.pico-sdk/sdk/2.2.0/src/rp2_common/pico_runtime_init/runtime_init.c.obj
                0x100046ac                __pre_init_runtime_init_early_resets
 .preinit_array.00101
                0x100046b0        0x4 CMakeFiles/Lab4.dir/C_/Users/Student/.pico-sdk/sdk/2.2.0/src/rp2_common/pico_runtime_init/runtime_init.c.obj
                0x100046b0                __pre_init_runtime_init_usb_power_down
 .preinit_array.00500
                0x100046b4        0x4 CMakeFiles/Lab4.dir/C_/Users/Student/.pico-sdk/sdk/2.2.0/src/rp2_common/pico_runtime_init/runtime_init.c.obj
                0x100046b4                __pre_init_runtime_init_clocks
 .preinit_array.00600
                0x100046b8        0x4 CMakeFiles/Lab4.dir/C_/Users/Student/.pico-sdk/sdk/2.2.0/src/rp2_common/pico_runtime_init/runtime_init.c.obj
                0x100046b8                __pre_init_runtime_init_post_clock_resets
 .preinit_array.01000
                0x100046bc        0x4 CMakeFiles/Lab4.dir/C_/Users/Student/.pico-sdk/sdk/2.2.0/src/rp2_common/hardware_boot_lock/boot_lock.c.obj
                0x100046bc                __pre_init_runtime_init_boot_locks_reset
 .preinit_array.01000
                0x100046c0        0x4 CMakeFiles/Lab4.dir/C_/Users/Student/.pico-sdk/sdk/2.2.0/src/rp2_common/pico_runtime_init/runtime_init.c.obj
                0x100046c0                __pre_init_runtime_init_spin_locks_reset
 .preinit_array.01010
                0x100046c4        0x4 CMakeFiles/Lab4.dir/C_/Users/Student/.pico-sdk/sdk/2.2.0/src/rp2_common/pico_bootrom/bootrom_lock.c.obj
                0x100046c4                __pre_init_runtime_init_bootrom_locking_enable
 .preinit_array.01100
                0x100046c8        0x4 CMakeFiles/Lab4.dir/C_/Users/Student/.pico-sdk/sdk/2.2.0/src/common/pico_sync/mutex.c.obj
                0x100046c8                __pre_init_runtime_init_mutex
 .preinit_array.10080
                0x100046cc        0x4 CMakeFiles/Lab4.dir/C_/Users/Student/.pico-sdk/sdk/2.2.0/src/rp2_common/pico_runtime_init/runtime_init.c.obj
                0x100046cc                __pre_init_runtime_init_install_ram_vector_table
 .preinit_array.11000
                0x100046d0        0x4 CMakeFiles/Lab4.dir/C_/Users/Student/.pico-sdk/sdk/2.2.0/src/common/pico_time/time.c.obj
                0x100046d0                __pre_init_runtime_init_default_alarm_pool
 .preinit_array.YYYYY
                0x100046d4        0x4 CMakeFiles/Lab4.dir/C_/Users/Student/.pico-sdk/sdk/2.2.0/src/rp2_common/pico_runtime/runtime.c.obj
                0x100046d4                __pre_init_first_per_core_initializer
 .preinit_array.ZZZZZ.00051
                0x100046d8        0x4 CMakeFiles/Lab4.dir/C_/Users/Student/.pico-sdk/sdk/2.2.0/src/rp2_common/pico_runtime_init/runtime_init.c.obj
                0x100046d8                __pre_init_runtime_init_per_core_bootrom_reset
 .preinit_array.ZZZZZ.00200
                0x100046dc        0x4 CMakeFiles/Lab4.dir/C_/Users/Student/.pico-sdk/sdk/2.2.0/src/rp2_common/pico_runtime_init/runtime_init.c.obj
                0x100046dc                __pre_init_runtime_init_per_core_enable_coprocessors
 .preinit_array.ZZZZZ.01000
                0x100046e0        0x4 CMakeFiles/Lab4.dir/C_/Users/Student/.pico-sdk/sdk/2.2.0/src/rp2_common/hardware_sync_spin_lock/sync_spin_lock.c.obj
                0x100046e0                __pre_init_spinlock_set_extexclall
 .preinit_array.ZZZZZ.01200
                0x100046e4        0x4 CMakeFiles/Lab4.dir/C_/Users/Student/.pico-sdk/sdk/2.2.0/src/rp2_common/hardware_irq/irq.c.obj
                0x100046e4                __pre_init_runtime_init_per_core_irq_priorities
 *(.preinit_array)
                0x100046e8                        PROVIDE (__preinit_array_end = .)
                0x100046e8                        . = ALIGN (0x4)
                0x100046e8                        PROVIDE (__init_array_start = .)
 *(SORT_BY_NAME(.init_array.*))
 *(.init_array)
 .init_array    0x100046e8        0x4 C:/Users/Student/.pico-sdk/toolchain/14_2_Rel1/bin/../lib/gcc/arm-none-eabi/14.2.1/thumb/v8-m.main+fp/softfp/crtbegin.o
                0x100046ec                        PROVIDE (__init_array_end = .)
                0x100046ec                        . = ALIGN (0x4)
                [!provide]                        PROVIDE (__fini_array_start = .)
 *(SORT_BY_NAME(.fini_array.*))
 *(.fini_array)
                [!provide]                        PROVIDE (__fini_array_end = .)
 *(.eh_frame*)
 .eh_frame      0x100046ec        0x0 C:/Users/Student/.pico-sdk/toolchain/14_2_Rel1/bin/../lib/gcc/arm-none-eabi/14.2.1/thumb/v8-m.main+fp/softfp/crtbegin.o
                0x100046ec                        . = ALIGN (0x4)

.glue_7         0x100046ec        0x0
 .glue_7        0x100046ec        0x0 linker stubs

.glue_7t        0x100046ec        0x0
 .glue_7t       0x100046ec        0x0 linker stubs

.vfp11_veneer   0x100046ec        0x0
 .vfp11_veneer  0x100046ec        0x0 linker stubs

.v4_bx          0x100046ec        0x0
 .v4_bx         0x100046ec        0x0 linker stubs

.iplt           0x100046ec        0x0
 .iplt          0x100046ec        0x0 C:/Users/Student/.pico-sdk/toolchain/14_2_Rel1/bin/../lib/gcc/arm-none-eabi/14.2.1/thumb/v8-m.main+fp/softfp/crtbegin.o

.boot2          0x100046ec        0x0
                0x100046ec                        __boot2_start__ = .
 *(.boot2)
                0x100046ec                        __boot2_end__ = .
                0x00000001                        ASSERT (((__boot2_end__ - __boot2_start__) <= 0x100), ERROR: Pico second stage bootloader must be no more than 256 bytes in size)

.rodata         0x100046f0      0x430
 *(EXCLUDE_FILE(*libm.a: *libc.a:*lib_a-mem*.o *libgcc.a:) .rodata*)
 .rodata.main.str1.4
                0x100046f0      0x180 CMakeFiles/Lab4.dir/Lab4.c.obj
                                 0x52 (size before relaxing)
 .rodata.ssd1306_init.str1.4
                0x10004870       0x3f CMakeFiles/Lab4.dir/ssd1306.c.obj
 .rodata.ssd1306_show.str1.4
                0x10004870        0xd CMakeFiles/Lab4.dir/ssd1306.c.obj
 .rodata.font_8x5
                0x10004870      0x1e0 CMakeFiles/Lab4.dir/ssd1306.c.obj
                0x10004870                font_8x5
 .rodata.panic.str1.4
                0x10004a50       0x12 CMakeFiles/Lab4.dir/C_/Users/Student/.pico-sdk/sdk/2.2.0/src/rp2_common/pico_platform_panic/panic.c.obj
 .rodata.timer_hardware_alarm_claim.str1.4
                0x10004a50       0x22 CMakeFiles/Lab4.dir/C_/Users/Student/.pico-sdk/sdk/2.2.0/src/rp2_common/hardware_timer/timer.c.obj
 .rodata.hard_assertion_failure.str1.4
                0x10004a50        0xc CMakeFiles/Lab4.dir/C_/Users/Student/.pico-sdk/sdk/2.2.0/src/rp2_common/pico_runtime/runtime.c.obj
 .rodata.__wrap_malloc.str1.4
                0x10004a50        0xe CMakeFiles/Lab4.dir/C_/Users/Student/.pico-sdk/sdk/2.2.0/src/rp2_common/pico_malloc/malloc.c.obj
 .rodata.str1.4
                0x10004a50       0x40 CMakeFiles/Lab4.dir/C_/Users/Student/.pico-sdk/sdk/2.2.0/src/rp2_common/pico_standard_binary_info/standard_binary_info.c.obj
 .rodata.__bi_84
                0x10004a50        0xc CMakeFiles/Lab4.dir/C_/Users/Student/.pico-sdk/sdk/2.2.0/src/rp2_common/pico_standard_binary_info/standard_binary_info.c.obj
 .rodata.__bi_78
                0x10004a5c        0xc CMakeFiles/Lab4.dir/C_/Users/Student/.pico-sdk/sdk/2.2.0/src/rp2_common/pico_standard_binary_info/standard_binary_info.c.obj
 .rodata.__bi_60
                0x10004a68        0xc CMakeFiles/Lab4.dir/C_/Users/Student/.pico-sdk/sdk/2.2.0/src/rp2_common/pico_standard_binary_info/standard_binary_info.c.obj
 .rodata.__bi_54
                0x10004a74        0xc CMakeFiles/Lab4.dir/C_/Users/Student/.pico-sdk/sdk/2.2.0/src/rp2_common/pico_standard_binary_info/standard_binary_info.c.obj
 .rodata.__bi_48
                0x10004a80        0xc CMakeFiles/Lab4.dir/C_/Users/Student/.pico-sdk/sdk/2.2.0/src/rp2_common/pico_standard_binary_info/standard_binary_info.c.obj
 .rodata.__bi_42
                0x10004a8c        0xc CMakeFiles/Lab4.dir/C_/Users/Student/.pico-sdk/sdk/2.2.0/src/rp2_common/pico_standard_binary_info/standard_binary_info.c.obj
 .rodata.__bi_34
                0x10004a98        0xc CMakeFiles/Lab4.dir/C_/Users/Student/.pico-sdk/sdk/2.2.0/src/rp2_common/pico_standard_binary_info/standard_binary_info.c.obj
 .rodata.__bi_26
                0x10004aa4        0xc CMakeFiles/Lab4.dir/C_/Users/Student/.pico-sdk/sdk/2.2.0/src/rp2_common/pico_standard_binary_info/standard_binary_info.c.obj
 .rodata._ftoa.str1.4
                0x10004ab0       0x15 CMakeFiles/Lab4.dir/C_/Users/Student/.pico-sdk/sdk/2.2.0/src/rp2_common/pico_printf/printf.c.obj
 .rodata.pow10.0
                0x10004ab0       0x50 CMakeFiles/Lab4.dir/C_/Users/Student/.pico-sdk/sdk/2.2.0/src/rp2_common/pico_printf/printf.c.obj
 .rodata.crlf_str.0
                0x10004b00        0x2 CMakeFiles/Lab4.dir/C_/Users/Student/.pico-sdk/sdk/2.2.0/src/rp2_common/pico_stdio/stdio.c.obj
 .rodata.str1.4
                0x10004b02       0x2c CMakeFiles/Lab4.dir/C_/Users/Student/.pico-sdk/sdk/2.2.0/src/rp2_common/pico_stdio_uart/stdio_uart.c.obj
 *fill*         0x10004b02        0x2 
 .rodata.__bi_45.4
                0x10004b04        0xc CMakeFiles/Lab4.dir/C_/Users/Student/.pico-sdk/sdk/2.2.0/src/rp2_common/pico_stdio_uart/stdio_uart.c.obj
 .rodata.__bi_49.5
                0x10004b10        0x8 CMakeFiles/Lab4.dir/C_/Users/Student/.pico-sdk/sdk/2.2.0/src/rp2_common/pico_stdio_uart/stdio_uart.c.obj
 .rodata.__bi_50.6
                0x10004b18        0x8 CMakeFiles/Lab4.dir/C_/Users/Student/.pico-sdk/sdk/2.2.0/src/rp2_common/pico_stdio_uart/stdio_uart.c.obj
 *(.srodata*)
                0x10004b20                        . = ALIGN (0x4)
 *(SORT_BY_ALIGNMENT(SORT_BY_NAME(.flashdata*)))
                0x10004b20                        . = ALIGN (0x4)

.ARM.extab
 *(.ARM.extab* .gnu.linkonce.armextab.*)
                0x10004b20                        __exidx_start = .

.ARM.exidx      0x10004b20        0x8
 *(.ARM.exidx* .gnu.linkonce.armexidx.*)
 .ARM.exidx     0x10004b20        0x8 C:/Users/Student/.pico-sdk/toolchain/14_2_Rel1/bin/../lib/gcc/arm-none-eabi/14.2.1/thumb/v8-m.main+fp/softfp\libg.a(libc_a-memcpy.o)
 .ARM.exidx.text.__udivmoddi4
                0x10004b28        0x0 C:/Users/Student/.pico-sdk/toolchain/14_2_Rel1/bin/../lib/gcc/arm-none-eabi/14.2.1/thumb/v8-m.main+fp/softfp\libgcc.a(_udivmoddi4.o)
                                  0x8 (size before relaxing)
                0x10004b28                        __exidx_end = .
                0x10004b28                        . = ALIGN (0x4)
                0x10004b28                        __binary_info_start = .

.binary_info    0x10004b28       0x2c
 *(.binary_info.keep.*)
 .binary_info.keep.__bi_ptr84
                0x10004b28        0x4 CMakeFiles/Lab4.dir/C_/Users/Student/.pico-sdk/sdk/2.2.0/src/rp2_common/pico_standard_binary_info/standard_binary_info.c.obj
 .binary_info.keep.__bi_ptr78
                0x10004b2c        0x4 CMakeFiles/Lab4.dir/C_/Users/Student/.pico-sdk/sdk/2.2.0/src/rp2_common/pico_standard_binary_info/standard_binary_info.c.obj
 .binary_info.keep.__bi_ptr60
                0x10004b30        0x4 CMakeFiles/Lab4.dir/C_/Users/Student/.pico-sdk/sdk/2.2.0/src/rp2_common/pico_standard_binary_info/standard_binary_info.c.obj
 .binary_info.keep.__bi_ptr54
                0x10004b34        0x4 CMakeFiles/Lab4.dir/C_/Users/Student/.pico-sdk/sdk/2.2.0/src/rp2_common/pico_standard_binary_info/standard_binary_info.c.obj
 .binary_info.keep.__bi_ptr48
                0x10004b38        0x4 CMakeFiles/Lab4.dir/C_/Users/Student/.pico-sdk/sdk/2.2.0/src/rp2_common/pico_standard_binary_info/standard_binary_info.c.obj
 .binary_info.keep.__bi_ptr42
                0x10004b3c        0x4 CMakeFiles/Lab4.dir/C_/Users/Student/.pico-sdk/sdk/2.2.0/src/rp2_common/pico_standard_binary_info/standard_binary_info.c.obj
 .binary_info.keep.__bi_ptr34
                0x10004b40        0x4 CMakeFiles/Lab4.dir/C_/Users/Student/.pico-sdk/sdk/2.2.0/src/rp2_common/pico_standard_binary_info/standard_binary_info.c.obj
 .binary_info.keep.__bi_ptr26
                0x10004b44        0x4 CMakeFiles/Lab4.dir/C_/Users/Student/.pico-sdk/sdk/2.2.0/src/rp2_common/pico_standard_binary_info/standard_binary_info.c.obj
 *(.binary_info.*)
 .binary_info.__bi_ptr50
                0x10004b48        0x4 CMakeFiles/Lab4.dir/C_/Users/Student/.pico-sdk/sdk/2.2.0/src/rp2_common/pico_stdio_uart/stdio_uart.c.obj
 .binary_info.__bi_ptr49
                0x10004b4c        0x4 CMakeFiles/Lab4.dir/C_/Users/Student/.pico-sdk/sdk/2.2.0/src/rp2_common/pico_stdio_uart/stdio_uart.c.obj
 .binary_info.__bi_ptr45
                0x10004b50        0x4 CMakeFiles/Lab4.dir/C_/Users/Student/.pico-sdk/sdk/2.2.0/src/rp2_common/pico_stdio_uart/stdio_uart.c.obj
                0x10004b54                        __binary_info_end = .
                0x10004b54                        . = ALIGN (0x4)

.ram_vector_table
                0x20000000      0x110
 *(.ram_vector_table)
 .ram_vector_table
                0x20000000      0x110 CMakeFiles/Lab4.dir/C_/Users/Student/.pico-sdk/sdk/2.2.0/src/rp2_common/pico_runtime_init/runtime_init.c.obj
                0x20000000                ram_vector_table

.uninitialized_data
                0x20000110        0x0
                0x20000110                        . = ALIGN (0x4)
 *(.uninitialized_data*)

.data           0x20000110      0xa88 load address 0x10004b54
                0x20000110                        __data_start__ = .
 *(vtable)
 *(.time_critical*)
 .time_critical.mutex_enter_block_until
                0x20000110       0x6c CMakeFiles/Lab4.dir/C_/Users/Student/.pico-sdk/sdk/2.2.0/src/common/pico_sync/mutex.c.obj
                0x20000110                mutex_enter_block_until
 .time_critical.mutex_try_enter_block_until
                0x2000017c       0x68 CMakeFiles/Lab4.dir/C_/Users/Student/.pico-sdk/sdk/2.2.0/src/common/pico_sync/mutex.c.obj
                0x2000017c                mutex_try_enter_block_until
 .time_critical.mutex_exit
                0x200001e4       0x3c CMakeFiles/Lab4.dir/C_/Users/Student/.pico-sdk/sdk/2.2.0/src/common/pico_sync/mutex.c.obj
                0x200001e4                mutex_exit
 *(.text*)
 .text          0x20000220       0x30 C:/Users/Student/.pico-sdk/toolchain/14_2_Rel1/bin/../lib/gcc/arm-none-eabi/14.2.1/thumb/v8-m.main+fp/softfp\libgcc.a(_aeabi_uldivmod.o)
                0x20000220                __aeabi_uldivmod
 .text.__udivmoddi4
                0x20000250      0x34c C:/Users/Student/.pico-sdk/toolchain/14_2_Rel1/bin/../lib/gcc/arm-none-eabi/14.2.1/thumb/v8-m.main+fp/softfp\libgcc.a(_udivmoddi4.o)
                0x20000250                __udivmoddi4
 .text          0x2000059c        0x4 C:/Users/Student/.pico-sdk/toolchain/14_2_Rel1/bin/../lib/gcc/arm-none-eabi/14.2.1/thumb/v8-m.main+fp/softfp\libgcc.a(_dvmd_tls.o)
                0x2000059c                __aeabi_idiv0
                0x2000059c                __aeabi_ldiv0
 .text.__stub   0x200005a0        0x8 linker stubs
                0x200005a8                        . = ALIGN (0x4)
 *(.rodata*)
                0x200005a8                        . = ALIGN (0x4)
 *(.data*)
 .data.striped_spin_lock_num
                0x200005a8        0x1 CMakeFiles/Lab4.dir/C_/Users/Student/.pico-sdk/sdk/2.2.0/src/rp2_common/hardware_sync/sync.c.obj
 *fill*         0x200005a9        0x3 
 .data          0x200005ac       0x48 CMakeFiles/Lab4.dir/C_/Users/Student/.pico-sdk/sdk/2.2.0/src/rp2_common/hardware_irq/irq_handler_chain.S.obj
                0x200005ac                irq_handler_chain_slots
                0x200005dc                irq_handler_chain_first_slot
                0x200005e6                irq_handler_chain_remove_tail
 .data.default_alarm_pool
                0x200005f4       0x18 CMakeFiles/Lab4.dir/C_/Users/Student/.pico-sdk/sdk/2.2.0/src/common/pico_time/time.c.obj
 .data.stdio_uart
                0x2000060c       0x18 CMakeFiles/Lab4.dir/C_/Users/Student/.pico-sdk/sdk/2.2.0/src/rp2_common/pico_stdio_uart/stdio_uart.c.obj
                0x2000060c                stdio_uart
 .data.i2c1_inst
                0x20000624        0x8 CMakeFiles/Lab4.dir/C_/Users/Student/.pico-sdk/sdk/2.2.0/src/rp2_common/hardware_i2c/i2c.c.obj
                0x20000624                i2c1_inst
 .data.i2c0_inst
                0x2000062c        0x8 CMakeFiles/Lab4.dir/C_/Users/Student/.pico-sdk/sdk/2.2.0/src/rp2_common/hardware_i2c/i2c.c.obj
                0x2000062c                i2c0_inst
 .data.__malloc_sbrk_base
                0x20000634        0x4 C:/Users/Student/.pico-sdk/toolchain/14_2_Rel1/bin/../lib/gcc/arm-none-eabi/14.2.1/thumb/v8-m.main+fp/softfp\libg.a(libc_a-mallocr.o)
                0x20000634                __malloc_sbrk_base
 .data.__malloc_trim_threshold
                0x20000638        0x4 C:/Users/Student/.pico-sdk/toolchain/14_2_Rel1/bin/../lib/gcc/arm-none-eabi/14.2.1/thumb/v8-m.main+fp/softfp\libg.a(libc_a-mallocr.o)
                0x20000638                __malloc_trim_threshold
 *fill*         0x2000063c        0x4 
 .data.__malloc_av_
                0x20000640      0x408 C:/Users/Student/.pico-sdk/toolchain/14_2_Rel1/bin/../lib/gcc/arm-none-eabi/14.2.1/thumb/v8-m.main+fp/softfp\libg.a(libc_a-mallocr.o)
                0x20000640                __malloc_av_
 .data._impure_ptr
                0x20000a48        0x4 C:/Users/Student/.pico-sdk/toolchain/14_2_Rel1/bin/../lib/gcc/arm-none-eabi/14.2.1/thumb/v8-m.main+fp/softfp\libg.a(libc_a-impure.o)
                0x20000a48                _impure_ptr
 *fill*         0x20000a4c        0x4 
 .data._impure_data
                0x20000a50      0x140 C:/Users/Student/.pico-sdk/toolchain/14_2_Rel1/bin/../lib/gcc/arm-none-eabi/14.2.1/thumb/v8-m.main+fp/softfp\libg.a(libc_a-impure.o)
                0x20000a50                _impure_data
 *(.sdata*)
                0x20000b90                        . = ALIGN (0x4)
 *(.after_data.*)
                0x20000b90                        . = ALIGN (0x4)
                0x20000b90                        PROVIDE (__mutex_array_start = .)
 *(SORT_BY_NAME(.mutex_array.*))
 *(.mutex_array)
 .mutex_array   0x20000b90        0x8 CMakeFiles/Lab4.dir/C_/Users/Student/.pico-sdk/sdk/2.2.0/src/rp2_common/pico_stdio/stdio.c.obj
                0x20000b98                        PROVIDE (__mutex_array_end = .)
 *(.jcr)
                0x20000b98                        . = ALIGN (0x4)

.tm_clone_table
                0x20000b98        0x0 load address 0x100055dc
 .tm_clone_table
                0x20000b98        0x0 C:/Users/Student/.pico-sdk/toolchain/14_2_Rel1/bin/../lib/gcc/arm-none-eabi/14.2.1/thumb/v8-m.main+fp/softfp/crtbegin.o
 .tm_clone_table
                0x20000b98        0x0 C:/Users/Student/.pico-sdk/toolchain/14_2_Rel1/bin/../lib/gcc/arm-none-eabi/14.2.1/thumb/v8-m.main+fp/softfp/crtend.o

.igot.plt       0x20000b98        0x0 load address 0x100055dc
 .igot.plt      0x20000b98        0x0 C:/Users/Student/.pico-sdk/toolchain/14_2_Rel1/bin/../lib/gcc/arm-none-eabi/14.2.1/thumb/v8-m.main+fp/softfp/crtbegin.o

.tdata          0x20000b98        0x0 load address 0x100055dc
                0x20000b98                        . = ALIGN (0x4)
 *(.tdata .tdata.* .gnu.linkonce.td.*)
                0x20000b98                        __tdata_end = .
                0x20000b98                        PROVIDE (__data_end__ = .)
                0x10004b54                        __etext = LOADADDR (.data)

.tbss           0x20000b98        0x0 load address 0x100055dc
                0x20000b98                        . = ALIGN (0x4)
                0x20000b98                        __bss_start__ = .
                0x20000b98                        __tls_base = .
 *(.tbss .tbss.* .gnu.linkonce.tb.*)
 *(.tcommon)
                0x20000b98                        __tls_end = .

.bss            0x20000b98      0x3a0 load address 0x100055dc
                0x20000b98                        . = ALIGN (0x4)
                0x20000b98                        __tbss_end = .
 *(SORT_BY_ALIGNMENT(SORT_BY_NAME(.bss*)))
 .bss.default_alarm_pool_entries
                0x20000b98      0x180 CMakeFiles/Lab4.dir/C_/Users/Student/.pico-sdk/sdk/2.2.0/src/common/pico_time/time.c.obj
 .bss.__lock___malloc_recursive_mutex
                0x20000d18        0x1 C:/Users/Student/.pico-sdk/toolchain/14_2_Rel1/bin/../lib/gcc/arm-none-eabi/14.2.1/thumb/v8-m.main+fp/softfp\libg.a(libc_a-lock.o)
                0x20000d18                __lock___malloc_recursive_mutex
 *fill*         0x20000d19        0x3 
 .bss.__malloc_current_mallinfo
                0x20000d1c       0x28 C:/Users/Student/.pico-sdk/toolchain/14_2_Rel1/bin/../lib/gcc/arm-none-eabi/14.2.1/thumb/v8-m.main+fp/softfp\libg.a(libc_a-mallocr.o)
                0x20000d1c                __malloc_current_mallinfo
 .bss.__malloc_max_sbrked_mem
                0x20000d44        0x4 C:/Users/Student/.pico-sdk/toolchain/14_2_Rel1/bin/../lib/gcc/arm-none-eabi/14.2.1/thumb/v8-m.main+fp/softfp\libg.a(libc_a-mallocr.o)
                0x20000d44                __malloc_max_sbrked_mem
 .bss.__malloc_max_total_mem
                0x20000d48        0x4 C:/Users/Student/.pico-sdk/toolchain/14_2_Rel1/bin/../lib/gcc/arm-none-eabi/14.2.1/thumb/v8-m.main+fp/softfp\libg.a(libc_a-mallocr.o)
                0x20000d48                __malloc_max_total_mem
 .bss.__malloc_top_pad
                0x20000d4c        0x4 C:/Users/Student/.pico-sdk/toolchain/14_2_Rel1/bin/../lib/gcc/arm-none-eabi/14.2.1/thumb/v8-m.main+fp/softfp\libg.a(libc_a-mallocr.o)
                0x20000d4c                __malloc_top_pad
 .bss.__sf      0x20000d50      0x138 C:/Users/Student/.pico-sdk/toolchain/14_2_Rel1/bin/../lib/gcc/arm-none-eabi/14.2.1/thumb/v8-m.main+fp/softfp\libg.a(libc_a-findfp.o)
                0x20000d50                __sf
 .bss._sw_spin_locks
                0x20000e88       0x20 CMakeFiles/Lab4.dir/C_/Users/Student/.pico-sdk/sdk/2.2.0/src/rp2_common/hardware_sync_spin_lock/sync_spin_lock.c.obj
                0x20000e88                _sw_spin_locks
 .bss.chars_available_callback
                0x20000ea8        0x4 CMakeFiles/Lab4.dir/C_/Users/Student/.pico-sdk/sdk/2.2.0/src/rp2_common/pico_stdio_uart/stdio_uart.c.obj
 .bss.chars_available_param
                0x20000eac        0x4 CMakeFiles/Lab4.dir/C_/Users/Student/.pico-sdk/sdk/2.2.0/src/rp2_common/pico_stdio_uart/stdio_uart.c.obj
 .bss.claimed   0x20000eb0        0x2 CMakeFiles/Lab4.dir/C_/Users/Student/.pico-sdk/sdk/2.2.0/src/rp2_common/hardware_timer/timer.c.obj
 *fill*         0x20000eb2        0x2 
 .bss.configured_freq
                0x20000eb4       0x28 CMakeFiles/Lab4.dir/C_/Users/Student/.pico-sdk/sdk/2.2.0/src/rp2_common/hardware_clocks/clocks.c.obj
 .bss.drivers   0x20000edc        0x4 CMakeFiles/Lab4.dir/C_/Users/Student/.pico-sdk/sdk/2.2.0/src/rp2_common/pico_stdio/stdio.c.obj
 .bss.errno     0x20000ee0        0x4 C:/Users/Student/.pico-sdk/toolchain/14_2_Rel1/bin/../lib/gcc/arm-none-eabi/14.2.1/thumb/v8-m.main+fp/softfp\libg.a(libc_a-reent.o)
                0x20000ee0                errno
 .bss.filter    0x20000ee4        0x4 CMakeFiles/Lab4.dir/C_/Users/Student/.pico-sdk/sdk/2.2.0/src/rp2_common/pico_stdio/stdio.c.obj
 .bss.heap_end.0
                0x20000ee8        0x4 CMakeFiles/Lab4.dir/C_/Users/Student/.pico-sdk/sdk/2.2.0/src/rp2_common/pico_clib_interface/newlib_interface.c.obj
 .bss.lazy_vsnprintf
                0x20000eec        0x4 CMakeFiles/Lab4.dir/C_/Users/Student/.pico-sdk/sdk/2.2.0/src/rp2_common/pico_printf/printf.c.obj
 .bss.object.0  0x20000ef0       0x18 C:/Users/Student/.pico-sdk/toolchain/14_2_Rel1/bin/../lib/gcc/arm-none-eabi/14.2.1/thumb/v8-m.main+fp/softfp/crtbegin.o
 .bss.pools     0x20000f08       0x20 CMakeFiles/Lab4.dir/C_/Users/Student/.pico-sdk/sdk/2.2.0/src/common/pico_time/time.c.obj
 .bss.sleep_notifier
                0x20000f28        0x4 CMakeFiles/Lab4.dir/C_/Users/Student/.pico-sdk/sdk/2.2.0/src/common/pico_time/time.c.obj
 .bss.uart_char_to_line_feed
                0x20000f2c        0x4 CMakeFiles/Lab4.dir/C_/Users/Student/.pico-sdk/sdk/2.2.0/src/rp2_common/hardware_uart/uart.c.obj
                0x20000f2c                uart_char_to_line_feed
 .bss.uart_instance
                0x20000f30        0x4 CMakeFiles/Lab4.dir/C_/Users/Student/.pico-sdk/sdk/2.2.0/src/rp2_common/pico_stdio_uart/stdio_uart.c.obj
 .bss.irq_handler_chain_free_slot_head
                0x20000f34        0x1 CMakeFiles/Lab4.dir/C_/Users/Student/.pico-sdk/sdk/2.2.0/src/rp2_common/hardware_irq/irq.c.obj
 *(COMMON)
                [!provide]                        PROVIDE (__global_pointer$ = (. + 0x800))
 *(.sbss*)
                0x20000f38                        . = ALIGN (0x4)
 *fill*         0x20000f35        0x3 
                0x20000f38                        __bss_end__ = .

.heap           0x20000f38      0x800 load address 0x100055dc
                0x20000f38                        __end__ = .
                0x20000f38                        end = __end__
 *(.heap*)
 .heap          0x20000f38      0x800 CMakeFiles/Lab4.dir/C_/Users/Student/.pico-sdk/sdk/2.2.0/src/rp2_common/pico_crt0/crt0.S.obj
                0x20080000                        __HeapLimit = (ORIGIN (RAM) + LENGTH (RAM))

.scratch_x      0x20080000        0x0 load address 0x100055dc
                0x20080000                        __scratch_x_start__ = .
 *(.scratch_x.*)
                0x20080000                        . = ALIGN (0x4)
                0x20080000                        __scratch_x_end__ = .
                0x100055dc                        __scratch_x_source__ = LOADADDR (.scratch_x)

.scratch_y      0x20081000        0x0 load address 0x100055dc
                0x20081000                        __scratch_y_start__ = .
 *(.scratch_y.*)
                0x20081000                        . = ALIGN (0x4)
                0x20081000                        __scratch_y_end__ = .
                0x100055dc                        __scratch_y_source__ = LOADADDR (.scratch_y)

.stack1_dummy
 *(.stack1*)

.stack_dummy    0x20081000      0x800
 *(.stack*)
 .stack         0x20081000      0x800 CMakeFiles/Lab4.dir/C_/Users/Student/.pico-sdk/sdk/2.2.0/src/rp2_common/pico_crt0/crt0.S.obj

.flash_end      0x100055dc       0x14
 *(.embedded_end_block*)
 .embedded_end_block
                0x100055dc       0x14 CMakeFiles/Lab4.dir/C_/Users/Student/.pico-sdk/sdk/2.2.0/src/rp2_common/pico_crt0/crt0.S.obj
                0x100055f0                        PROVIDE (__flash_binary_end = .)
                0x20080000                        __StackLimit = (ORIGIN (RAM) + LENGTH (RAM))
                0x20081000                        __StackOneTop = (ORIGIN (SCRATCH_X) + LENGTH (SCRATCH_X))
                0x20082000                        __StackTop = (ORIGIN (SCRATCH_Y) + LENGTH (SCRATCH_Y))
                0x20081000                        __StackOneBottom = (__StackOneTop - SIZEOF (.stack1_dummy))
                0x20081800                        __StackBottom = (__StackTop - SIZEOF (.stack_dummy))
                0x20082000                        PROVIDE (__stack = __StackTop)
                [!provide]                        PROVIDE (__heap_start = __end__)
                [!provide]                        PROVIDE (__heap_end = __HeapLimit)
                [!provide]                        PROVIDE (__tls_align = MAX (ALIGNOF (.tdata), ALIGNOF (.tbss)))
                [!provide]                        PROVIDE (__tls_size_align = (((__tls_size + __tls_align) - 0x1) & ~ ((__tls_align - 0x1))))
                [!provide]                        PROVIDE (__arm32_tls_tcb_offset = MAX (0x8, __tls_align))
                [!provide]                        PROVIDE (_end = __end__)
                [!provide]                        PROVIDE (__llvm_libc_heap_limit = __HeapLimit)
                0x00000001                        ASSERT ((__StackLimit >= __HeapLimit), region RAM overflowed)
                0x00000001                        ASSERT (((__binary_info_header_end - __logical_binary_start) <= 0x400), Binary info must be in first 1024 bytes of the binary)
                0x00000001                        ASSERT (((__embedded_block_end - __logical_binary_start) <= 0x1000), Embedded block must be in first 4096 bytes of the binary)
LOAD CMakeFiles/Lab4.dir/Lab4.c.obj
LOAD CMakeFiles/Lab4.dir/ssd1306.c.obj
LOAD CMakeFiles/Lab4.dir/C_/Users/Student/.pico-sdk/sdk/2.2.0/src/rp2_common/pico_stdlib/stdlib.c.obj
LOAD CMakeFiles/Lab4.dir/C_/Users/Student/.pico-sdk/sdk/2.2.0/src/rp2_common/hardware_gpio/gpio.c.obj
LOAD CMakeFiles/Lab4.dir/C_/Users/Student/.pico-sdk/sdk/2.2.0/src/rp2350/pico_platform/platform.c.obj
LOAD CMakeFiles/Lab4.dir/C_/Users/Student/.pico-sdk/sdk/2.2.0/src/rp2_common/pico_platform_common/common.c.obj
LOAD CMakeFiles/Lab4.dir/C_/Users/Student/.pico-sdk/sdk/2.2.0/src/rp2_common/pico_platform_panic/panic.c.obj
LOAD CMakeFiles/Lab4.dir/C_/Users/Student/.pico-sdk/sdk/2.2.0/src/common/hardware_claim/claim.c.obj
LOAD CMakeFiles/Lab4.dir/C_/Users/Student/.pico-sdk/sdk/2.2.0/src/rp2_common/hardware_sync/sync.c.obj
LOAD CMakeFiles/Lab4.dir/C_/Users/Student/.pico-sdk/sdk/2.2.0/src/rp2_common/hardware_sync_spin_lock/sync_spin_lock.c.obj
LOAD CMakeFiles/Lab4.dir/C_/Users/Student/.pico-sdk/sdk/2.2.0/src/rp2_common/hardware_irq/irq.c.obj
LOAD CMakeFiles/Lab4.dir/C_/Users/Student/.pico-sdk/sdk/2.2.0/src/rp2_common/hardware_irq/irq_handler_chain.S.obj
LOAD CMakeFiles/Lab4.dir/C_/Users/Student/.pico-sdk/sdk/2.2.0/src/common/pico_sync/sem.c.obj
LOAD CMakeFiles/Lab4.dir/C_/Users/Student/.pico-sdk/sdk/2.2.0/src/common/pico_sync/lock_core.c.obj
LOAD CMakeFiles/Lab4.dir/C_/Users/Student/.pico-sdk/sdk/2.2.0/src/common/pico_sync/mutex.c.obj
LOAD CMakeFiles/Lab4.dir/C_/Users/Student/.pico-sdk/sdk/2.2.0/src/common/pico_sync/critical_section.c.obj
LOAD CMakeFiles/Lab4.dir/C_/Users/Student/.pico-sdk/sdk/2.2.0/src/common/pico_time/time.c.obj
LOAD CMakeFiles/Lab4.dir/C_/Users/Student/.pico-sdk/sdk/2.2.0/src/common/pico_time/timeout_helper.c.obj
LOAD CMakeFiles/Lab4.dir/C_/Users/Student/.pico-sdk/sdk/2.2.0/src/rp2_common/hardware_timer/timer.c.obj
LOAD CMakeFiles/Lab4.dir/C_/Users/Student/.pico-sdk/sdk/2.2.0/src/common/pico_util/datetime.c.obj
LOAD CMakeFiles/Lab4.dir/C_/Users/Student/.pico-sdk/sdk/2.2.0/src/common/pico_util/pheap.c.obj
LOAD CMakeFiles/Lab4.dir/C_/Users/Student/.pico-sdk/sdk/2.2.0/src/common/pico_util/queue.c.obj
LOAD CMakeFiles/Lab4.dir/C_/Users/Student/.pico-sdk/sdk/2.2.0/src/rp2_common/hardware_uart/uart.c.obj
LOAD CMakeFiles/Lab4.dir/C_/Users/Student/.pico-sdk/sdk/2.2.0/src/rp2_common/hardware_clocks/clocks.c.obj
LOAD CMakeFiles/Lab4.dir/C_/Users/Student/.pico-sdk/sdk/2.2.0/src/rp2_common/hardware_pll/pll.c.obj
LOAD CMakeFiles/Lab4.dir/C_/Users/Student/.pico-sdk/sdk/2.2.0/src/rp2_common/hardware_vreg/vreg.c.obj
LOAD CMakeFiles/Lab4.dir/C_/Users/Student/.pico-sdk/sdk/2.2.0/src/rp2_common/hardware_watchdog/watchdog.c.obj
LOAD CMakeFiles/Lab4.dir/C_/Users/Student/.pico-sdk/sdk/2.2.0/src/rp2_common/hardware_ticks/ticks.c.obj
LOAD CMakeFiles/Lab4.dir/C_/Users/Student/.pico-sdk/sdk/2.2.0/src/rp2_common/pico_bootrom/bootrom.c.obj
LOAD CMakeFiles/Lab4.dir/C_/Users/Student/.pico-sdk/sdk/2.2.0/src/rp2_common/pico_bootrom/bootrom_lock.c.obj
LOAD CMakeFiles/Lab4.dir/C_/Users/Student/.pico-sdk/sdk/2.2.0/src/rp2_common/hardware_boot_lock/boot_lock.c.obj
LOAD CMakeFiles/Lab4.dir/C_/Users/Student/.pico-sdk/sdk/2.2.0/src/rp2_common/pico_flash/flash.c.obj
LOAD CMakeFiles/Lab4.dir/C_/Users/Student/.pico-sdk/sdk/2.2.0/src/rp2_common/hardware_xosc/xosc.c.obj
LOAD CMakeFiles/Lab4.dir/C_/Users/Student/.pico-sdk/sdk/2.2.0/src/rp2_common/hardware_divider/divider.c.obj
LOAD CMakeFiles/Lab4.dir/C_/Users/Student/.pico-sdk/sdk/2.2.0/src/rp2_common/pico_runtime/runtime.c.obj
LOAD CMakeFiles/Lab4.dir/C_/Users/Student/.pico-sdk/sdk/2.2.0/src/rp2_common/pico_runtime_init/runtime_init.c.obj
LOAD CMakeFiles/Lab4.dir/C_/Users/Student/.pico-sdk/sdk/2.2.0/src/rp2_common/pico_runtime_init/runtime_init_clocks.c.obj
LOAD CMakeFiles/Lab4.dir/C_/Users/Student/.pico-sdk/sdk/2.2.0/src/rp2_common/pico_runtime_init/runtime_init_stack_guard.c.obj
LOAD CMakeFiles/Lab4.dir/C_/Users/Student/.pico-sdk/sdk/2.2.0/src/rp2_common/pico_bit_ops/bit_ops_aeabi.S.obj
LOAD CMakeFiles/Lab4.dir/C_/Users/Student/.pico-sdk/sdk/2.2.0/src/rp2_common/pico_divider/divider_compiler.c.obj
LOAD CMakeFiles/Lab4.dir/C_/Users/Student/.pico-sdk/sdk/2.2.0/src/rp2_common/pico_double/double_math.c.obj
LOAD CMakeFiles/Lab4.dir/C_/Users/Student/.pico-sdk/sdk/2.2.0/src/rp2_common/pico_double/double_aeabi_dcp.S.obj
LOAD CMakeFiles/Lab4.dir/C_/Users/Student/.pico-sdk/sdk/2.2.0/src/rp2_common/pico_double/double_fma_dcp.S.obj
LOAD CMakeFiles/Lab4.dir/C_/Users/Student/.pico-sdk/sdk/2.2.0/src/rp2_common/pico_double/double_sci_m33.S.obj
LOAD CMakeFiles/Lab4.dir/C_/Users/Student/.pico-sdk/sdk/2.2.0/src/rp2_common/pico_double/double_conv_m33.S.obj
LOAD CMakeFiles/Lab4.dir/C_/Users/Student/.pico-sdk/sdk/2.2.0/src/rp2_common/pico_float/float_math.c.obj
LOAD CMakeFiles/Lab4.dir/C_/Users/Student/.pico-sdk/sdk/2.2.0/src/rp2_common/pico_float/float_conv32_vfp.S.obj
LOAD CMakeFiles/Lab4.dir/C_/Users/Student/.pico-sdk/sdk/2.2.0/src/rp2_common/pico_float/float_common_m33.S.obj
LOAD CMakeFiles/Lab4.dir/C_/Users/Student/.pico-sdk/sdk/2.2.0/src/rp2_common/pico_float/float_sci_m33_vfp.S.obj
LOAD CMakeFiles/Lab4.dir/C_/Users/Student/.pico-sdk/sdk/2.2.0/src/rp2_common/pico_malloc/malloc.c.obj
LOAD CMakeFiles/Lab4.dir/C_/Users/Student/.pico-sdk/sdk/2.2.0/src/rp2_common/pico_atomic/atomic.c.obj
LOAD CMakeFiles/Lab4.dir/C_/Users/Student/.pico-sdk/sdk/2.2.0/src/rp2_common/pico_cxx_options/new_delete.cpp.obj
LOAD CMakeFiles/Lab4.dir/C_/Users/Student/.pico-sdk/sdk/2.2.0/src/rp2_common/pico_standard_binary_info/standard_binary_info.c.obj
LOAD CMakeFiles/Lab4.dir/C_/Users/Student/.pico-sdk/sdk/2.2.0/src/rp2_common/pico_printf/printf.c.obj
LOAD CMakeFiles/Lab4.dir/C_/Users/Student/.pico-sdk/sdk/2.2.0/src/rp2_common/pico_crt0/crt0.S.obj
LOAD CMakeFiles/Lab4.dir/C_/Users/Student/.pico-sdk/sdk/2.2.0/src/rp2_common/pico_clib_interface/newlib_interface.c.obj
LOAD CMakeFiles/Lab4.dir/C_/Users/Student/.pico-sdk/sdk/2.2.0/src/rp2_common/pico_stdio/stdio.c.obj
LOAD CMakeFiles/Lab4.dir/C_/Users/Student/.pico-sdk/sdk/2.2.0/src/rp2_common/pico_stdio_uart/stdio_uart.c.obj
LOAD CMakeFiles/Lab4.dir/C_/Users/Student/.pico-sdk/sdk/2.2.0/src/rp2_common/hardware_i2c/i2c.c.obj
LOAD pico-sdk/src/rp2350/boot_stage2/CMakeFiles/bs2_default_library.dir/./bs2_default_padded_checksummed.S.obj
LOAD C:/Users/Student/.pico-sdk/toolchain/14_2_Rel1/bin/../lib/gcc/arm-none-eabi/14.2.1/thumb/v8-m.main+fp/softfp\libstdc++.a
LOAD C:/Users/Student/.pico-sdk/toolchain/14_2_Rel1/bin/../lib/gcc/arm-none-eabi/14.2.1/thumb/v8-m.main+fp/softfp\libm.a
START GROUP
LOAD C:/Users/Student/.pico-sdk/toolchain/14_2_Rel1/bin/../lib/gcc/arm-none-eabi/14.2.1/thumb/v8-m.main+fp/softfp\libgcc.a
LOAD C:/Users/Student/.pico-sdk/toolchain/14_2_Rel1/bin/../lib/gcc/arm-none-eabi/14.2.1/thumb/v8-m.main+fp/softfp\libg.a
LOAD C:/Users/Student/.pico-sdk/toolchain/14_2_Rel1/bin/../lib/gcc/arm-none-eabi/14.2.1/thumb/v8-m.main+fp/softfp\libc.a
END GROUP
START GROUP
LOAD C:/Users/Student/.pico-sdk/toolchain/14_2_Rel1/bin/../lib/gcc/arm-none-eabi/14.2.1/thumb/v8-m.main+fp/softfp\libgcc.a
LOAD C:/Users/Student/.pico-sdk/toolchain/14_2_Rel1/bin/../lib/gcc/arm-none-eabi/14.2.1/thumb/v8-m.main+fp/softfp\libc.a
LOAD C:/Users/Student/.pico-sdk/toolchain/14_2_Rel1/bin/../lib/gcc/arm-none-eabi/14.2.1/thumb/v8-m.main+fp/softfp\libnosys.a
END GROUP
LOAD C:/Users/Student/.pico-sdk/toolchain/14_2_Rel1/bin/../lib/gcc/arm-none-eabi/14.2.1/thumb/v8-m.main+fp/softfp/crtend.o
LOAD C:/Users/Student/.pico-sdk/toolchain/14_2_Rel1/bin/../lib/gcc/arm-none-eabi/14.2.1/thumb/v8-m.main+fp/softfp/crtn.o
OUTPUT(Lab4.elf elf32-littlearm)
LOAD linker stubs

.rel.dyn        0x100055f0        0x0
 .rel.iplt      0x100055f0        0x0 C:/Users/Student/.pico-sdk/toolchain/14_2_Rel1/bin/../lib/gcc/arm-none-eabi/14.2.1/thumb/v8-m.main+fp/softfp/crtbegin.o

.ARM.attributes
                0x00000000       0x34
 .ARM.attributes
                0x00000000       0x26 C:/Users/Student/.pico-sdk/toolchain/14_2_Rel1/bin/../lib/gcc/arm-none-eabi/14.2.1/thumb/v8-m.main+fp/softfp/crti.o
 .ARM.attributes
                0x00000026       0x36 C:/Users/Student/.pico-sdk/toolchain/14_2_Rel1/bin/../lib/gcc/arm-none-eabi/14.2.1/thumb/v8-m.main+fp/softfp/crtbegin.o
 .ARM.attributes
                0x0000005c       0x38 CMakeFiles/Lab4.dir/Lab4.c.obj
 .ARM.attributes
                0x00000094       0x38 CMakeFiles/Lab4.dir/ssd1306.c.obj
 .ARM.attributes
                0x000000cc       0x38 CMakeFiles/Lab4.dir/C_/Users/Student/.pico-sdk/sdk/2.2.0/src/rp2_common/hardware_gpio/gpio.c.obj
 .ARM.attributes
                0x00000104       0x38 CMakeFiles/Lab4.dir/C_/Users/Student/.pico-sdk/sdk/2.2.0/src/rp2_common/pico_platform_panic/panic.c.obj
 .ARM.attributes
                0x0000013c       0x38 CMakeFiles/Lab4.dir/C_/Users/Student/.pico-sdk/sdk/2.2.0/src/common/hardware_claim/claim.c.obj
 .ARM.attributes
                0x00000174       0x38 CMakeFiles/Lab4.dir/C_/Users/Student/.pico-sdk/sdk/2.2.0/src/rp2_common/hardware_sync/sync.c.obj
 .ARM.attributes
                0x000001ac       0x38 CMakeFiles/Lab4.dir/C_/Users/Student/.pico-sdk/sdk/2.2.0/src/rp2_common/hardware_sync_spin_lock/sync_spin_lock.c.obj
 .ARM.attributes
                0x000001e4       0x38 CMakeFiles/Lab4.dir/C_/Users/Student/.pico-sdk/sdk/2.2.0/src/rp2_common/hardware_irq/irq.c.obj
 .ARM.attributes
                0x0000021c       0x28 CMakeFiles/Lab4.dir/C_/Users/Student/.pico-sdk/sdk/2.2.0/src/rp2_common/hardware_irq/irq_handler_chain.S.obj
 .ARM.attributes
                0x00000244       0x38 CMakeFiles/Lab4.dir/C_/Users/Student/.pico-sdk/sdk/2.2.0/src/common/pico_sync/lock_core.c.obj
 .ARM.attributes
                0x0000027c       0x38 CMakeFiles/Lab4.dir/C_/Users/Student/.pico-sdk/sdk/2.2.0/src/common/pico_sync/mutex.c.obj
 .ARM.attributes
                0x000002b4       0x38 CMakeFiles/Lab4.dir/C_/Users/Student/.pico-sdk/sdk/2.2.0/src/common/pico_time/time.c.obj
 .ARM.attributes
                0x000002ec       0x38 CMakeFiles/Lab4.dir/C_/Users/Student/.pico-sdk/sdk/2.2.0/src/rp2_common/hardware_timer/timer.c.obj
 .ARM.attributes
                0x00000324       0x38 CMakeFiles/Lab4.dir/C_/Users/Student/.pico-sdk/sdk/2.2.0/src/rp2_common/hardware_uart/uart.c.obj
 .ARM.attributes
                0x0000035c       0x38 CMakeFiles/Lab4.dir/C_/Users/Student/.pico-sdk/sdk/2.2.0/src/rp2_common/hardware_clocks/clocks.c.obj
 .ARM.attributes
                0x00000394       0x38 CMakeFiles/Lab4.dir/C_/Users/Student/.pico-sdk/sdk/2.2.0/src/rp2_common/hardware_pll/pll.c.obj
 .ARM.attributes
                0x000003cc       0x38 CMakeFiles/Lab4.dir/C_/Users/Student/.pico-sdk/sdk/2.2.0/src/rp2_common/hardware_ticks/ticks.c.obj
 .ARM.attributes
                0x00000404       0x38 CMakeFiles/Lab4.dir/C_/Users/Student/.pico-sdk/sdk/2.2.0/src/rp2_common/pico_bootrom/bootrom.c.obj
 .ARM.attributes
                0x0000043c       0x38 CMakeFiles/Lab4.dir/C_/Users/Student/.pico-sdk/sdk/2.2.0/src/rp2_common/pico_bootrom/bootrom_lock.c.obj
 .ARM.attributes
                0x00000474       0x38 CMakeFiles/Lab4.dir/C_/Users/Student/.pico-sdk/sdk/2.2.0/src/rp2_common/hardware_boot_lock/boot_lock.c.obj
 .ARM.attributes
                0x000004ac       0x38 CMakeFiles/Lab4.dir/C_/Users/Student/.pico-sdk/sdk/2.2.0/src/rp2_common/hardware_xosc/xosc.c.obj
 .ARM.attributes
                0x000004e4       0x38 CMakeFiles/Lab4.dir/C_/Users/Student/.pico-sdk/sdk/2.2.0/src/rp2_common/pico_runtime/runtime.c.obj
 .ARM.attributes
                0x0000051c       0x38 CMakeFiles/Lab4.dir/C_/Users/Student/.pico-sdk/sdk/2.2.0/src/rp2_common/pico_runtime_init/runtime_init.c.obj
 .ARM.attributes
                0x00000554       0x38 CMakeFiles/Lab4.dir/C_/Users/Student/.pico-sdk/sdk/2.2.0/src/rp2_common/pico_runtime_init/runtime_init_clocks.c.obj
 .ARM.attributes
                0x0000058c       0x28 CMakeFiles/Lab4.dir/C_/Users/Student/.pico-sdk/sdk/2.2.0/src/rp2_common/pico_double/double_aeabi_dcp.S.obj
 .ARM.attributes
                0x000005b4       0x38 CMakeFiles/Lab4.dir/C_/Users/Student/.pico-sdk/sdk/2.2.0/src/rp2_common/pico_malloc/malloc.c.obj
 .ARM.attributes
                0x000005ec       0x38 CMakeFiles/Lab4.dir/C_/Users/Student/.pico-sdk/sdk/2.2.0/src/rp2_common/pico_standard_binary_info/standard_binary_info.c.obj
 .ARM.attributes
                0x00000624       0x38 CMakeFiles/Lab4.dir/C_/Users/Student/.pico-sdk/sdk/2.2.0/src/rp2_common/pico_printf/printf.c.obj
 .ARM.attributes
                0x0000065c       0x28 CMakeFiles/Lab4.dir/C_/Users/Student/.pico-sdk/sdk/2.2.0/src/rp2_common/pico_crt0/crt0.S.obj
 .ARM.attributes
                0x00000684       0x38 CMakeFiles/Lab4.dir/C_/Users/Student/.pico-sdk/sdk/2.2.0/src/rp2_common/pico_clib_interface/newlib_interface.c.obj
 .ARM.attributes
                0x000006bc       0x38 CMakeFiles/Lab4.dir/C_/Users/Student/.pico-sdk/sdk/2.2.0/src/rp2_common/pico_stdio/stdio.c.obj
 .ARM.attributes
                0x000006f4       0x38 CMakeFiles/Lab4.dir/C_/Users/Student/.pico-sdk/sdk/2.2.0/src/rp2_common/pico_stdio_uart/stdio_uart.c.obj
 .ARM.attributes
                0x0000072c       0x38 CMakeFiles/Lab4.dir/C_/Users/Student/.pico-sdk/sdk/2.2.0/src/rp2_common/hardware_i2c/i2c.c.obj
 .ARM.attributes
                0x00000764       0x26 C:/Users/Student/.pico-sdk/toolchain/14_2_Rel1/bin/../lib/gcc/arm-none-eabi/14.2.1/thumb/v8-m.main+fp/softfp\libgcc.a(_aeabi_uldivmod.o)
 .ARM.attributes
                0x0000078a       0x36 C:/Users/Student/.pico-sdk/toolchain/14_2_Rel1/bin/../lib/gcc/arm-none-eabi/14.2.1/thumb/v8-m.main+fp/softfp\libgcc.a(_udivmoddi4.o)
 .ARM.attributes
                0x000007c0       0x26 C:/Users/Student/.pico-sdk/toolchain/14_2_Rel1/bin/../lib/gcc/arm-none-eabi/14.2.1/thumb/v8-m.main+fp/softfp\libgcc.a(_dvmd_tls.o)
 .ARM.attributes
                0x000007e6       0x36 C:/Users/Student/.pico-sdk/toolchain/14_2_Rel1/bin/../lib/gcc/arm-none-eabi/14.2.1/thumb/v8-m.main+fp/softfp\libg.a(libc_a-malloc.o)
 .ARM.attributes
                0x0000081c       0x36 C:/Users/Student/.pico-sdk/toolchain/14_2_Rel1/bin/../lib/gcc/arm-none-eabi/14.2.1/thumb/v8-m.main+fp/softfp\libg.a(libc_a-mallocr.o)
 .ARM.attributes
                0x00000852       0x36 C:/Users/Student/.pico-sdk/toolchain/14_2_Rel1/bin/../lib/gcc/arm-none-eabi/14.2.1/thumb/v8-m.main+fp/softfp\libg.a(libc_a-mlock.o)
 .ARM.attributes
                0x00000888       0x36 C:/Users/Student/.pico-sdk/toolchain/14_2_Rel1/bin/../lib/gcc/arm-none-eabi/14.2.1/thumb/v8-m.main+fp/softfp\libg.a(libc_a-memset.o)
 .ARM.attributes
                0x000008be       0x36 C:/Users/Student/.pico-sdk/toolchain/14_2_Rel1/bin/../lib/gcc/arm-none-eabi/14.2.1/thumb/v8-m.main+fp/softfp\libg.a(libc_a-impure.o)
 .ARM.attributes
                0x000008f4       0x36 C:/Users/Student/.pico-sdk/toolchain/14_2_Rel1/bin/../lib/gcc/arm-none-eabi/14.2.1/thumb/v8-m.main+fp/softfp\libg.a(libc_a-sbrkr.o)
 .ARM.attributes
                0x0000092a       0x36 C:/Users/Student/.pico-sdk/toolchain/14_2_Rel1/bin/../lib/gcc/arm-none-eabi/14.2.1/thumb/v8-m.main+fp/softfp\libg.a(libc_a-errno.o)
 .ARM.attributes
                0x00000960       0x36 C:/Users/Student/.pico-sdk/toolchain/14_2_Rel1/bin/../lib/gcc/arm-none-eabi/14.2.1/thumb/v8-m.main+fp/softfp\libg.a(libc_a-lock.o)
 .ARM.attributes
                0x00000996       0x36 C:/Users/Student/.pico-sdk/toolchain/14_2_Rel1/bin/../lib/gcc/arm-none-eabi/14.2.1/thumb/v8-m.main+fp/softfp\libg.a(libc_a-sysconf.o)
 .ARM.attributes
                0x000009cc       0x24 C:/Users/Student/.pico-sdk/toolchain/14_2_Rel1/bin/../lib/gcc/arm-none-eabi/14.2.1/thumb/v8-m.main+fp/softfp\libg.a(libc_a-memcpy.o)
 .ARM.attributes
                0x000009f0       0x36 C:/Users/Student/.pico-sdk/toolchain/14_2_Rel1/bin/../lib/gcc/arm-none-eabi/14.2.1/thumb/v8-m.main+fp/softfp\libg.a(libc_a-strlen-stub.o)
 .ARM.attributes
                0x00000a26       0x36 C:/Users/Student/.pico-sdk/toolchain/14_2_Rel1/bin/../lib/gcc/arm-none-eabi/14.2.1/thumb/v8-m.main+fp/softfp\libg.a(libc_a-freer.o)
 .ARM.attributes
                0x00000a5c       0x36 C:/Users/Student/.pico-sdk/toolchain/14_2_Rel1/bin/../lib/gcc/arm-none-eabi/14.2.1/thumb/v8-m.main+fp/softfp\libg.a(libc_a-findfp.o)
 .ARM.attributes
                0x00000a92       0x36 C:/Users/Student/.pico-sdk/toolchain/14_2_Rel1/bin/../lib/gcc/arm-none-eabi/14.2.1/thumb/v8-m.main+fp/softfp\libg.a(libc_a-reent.o)
 .ARM.attributes
                0x00000ac8       0x36 C:/Users/Student/.pico-sdk/toolchain/14_2_Rel1/bin/../lib/gcc/arm-none-eabi/14.2.1/thumb/v8-m.main+fp/softfp/crtend.o

.comment        0x00000000       0x45
 .comment       0x00000000       0x45 CMakeFiles/Lab4.dir/Lab4.c.obj
                                 0x46 (size before relaxing)
 .comment       0x00000045       0x46 CMakeFiles/Lab4.dir/ssd1306.c.obj
 .comment       0x00000045       0x46 CMakeFiles/Lab4.dir/C_/Users/Student/.pico-sdk/sdk/2.2.0/src/rp2_common/hardware_gpio/gpio.c.obj
 .comment       0x00000045       0x46 CMakeFiles/Lab4.dir/C_/Users/Student/.pico-sdk/sdk/2.2.0/src/rp2_common/pico_platform_panic/panic.c.obj
 .comment       0x00000045       0x46 CMakeFiles/Lab4.dir/C_/Users/Student/.pico-sdk/sdk/2.2.0/src/common/hardware_claim/claim.c.obj
 .comment       0x00000045       0x46 CMakeFiles/Lab4.dir/C_/Users/Student/.pico-sdk/sdk/2.2.0/src/rp2_common/hardware_sync/sync.c.obj
 .comment       0x00000045       0x46 CMakeFiles/Lab4.dir/C_/Users/Student/.pico-sdk/sdk/2.2.0/src/rp2_common/hardware_sync_spin_lock/sync_spin_lock.c.obj
 .comment       0x00000045       0x46 CMakeFiles/Lab4.dir/C_/Users/Student/.pico-sdk/sdk/2.2.0/src/rp2_common/hardware_irq/irq.c.obj
 .comment       0x00000045       0x46 CMakeFiles/Lab4.dir/C_/Users/Student/.pico-sdk/sdk/2.2.0/src/common/pico_sync/lock_core.c.obj
 .comment       0x00000045       0x46 CMakeFiles/Lab4.dir/C_/Users/Student/.pico-sdk/sdk/2.2.0/src/common/pico_sync/mutex.c.obj
 .comment       0x00000045       0x46 CMakeFiles/Lab4.dir/C_/Users/Student/.pico-sdk/sdk/2.2.0/src/common/pico_time/time.c.obj
 .comment       0x00000045       0x46 CMakeFiles/Lab4.dir/C_/Users/Student/.pico-sdk/sdk/2.2.0/src/rp2_common/hardware_timer/timer.c.obj
 .comment       0x00000045       0x46 CMakeFiles/Lab4.dir/C_/Users/Student/.pico-sdk/sdk/2.2.0/src/rp2_common/hardware_uart/uart.c.obj
 .comment       0x00000045       0x46 CMakeFiles/Lab4.dir/C_/Users/Student/.pico-sdk/sdk/2.2.0/src/rp2_common/hardware_clocks/clocks.c.obj
 .comment       0x00000045       0x46 CMakeFiles/Lab4.dir/C_/Users/Student/.pico-sdk/sdk/2.2.0/src/rp2_common/hardware_pll/pll.c.obj
 .comment       0x00000045       0x46 CMakeFiles/Lab4.dir/C_/Users/Student/.pico-sdk/sdk/2.2.0/src/rp2_common/hardware_ticks/ticks.c.obj
 .comment       0x00000045       0x46 CMakeFiles/Lab4.dir/C_/Users/Student/.pico-sdk/sdk/2.2.0/src/rp2_common/pico_bootrom/bootrom.c.obj
 .comment       0x00000045       0x46 CMakeFiles/Lab4.dir/C_/Users/Student/.pico-sdk/sdk/2.2.0/src/rp2_common/pico_bootrom/bootrom_lock.c.obj
 .comment       0x00000045       0x46 CMakeFiles/Lab4.dir/C_/Users/Student/.pico-sdk/sdk/2.2.0/src/rp2_common/hardware_boot_lock/boot_lock.c.obj
 .comment       0x00000045       0x46 CMakeFiles/Lab4.dir/C_/Users/Student/.pico-sdk/sdk/2.2.0/src/rp2_common/hardware_xosc/xosc.c.obj
 .comment       0x00000045       0x46 CMakeFiles/Lab4.dir/C_/Users/Student/.pico-sdk/sdk/2.2.0/src/rp2_common/pico_runtime/runtime.c.obj
 .comment       0x00000045       0x46 CMakeFiles/Lab4.dir/C_/Users/Student/.pico-sdk/sdk/2.2.0/src/rp2_common/pico_runtime_init/runtime_init.c.obj
 .comment       0x00000045       0x46 CMakeFiles/Lab4.dir/C_/Users/Student/.pico-sdk/sdk/2.2.0/src/rp2_common/pico_runtime_init/runtime_init_clocks.c.obj
 .comment       0x00000045       0x46 CMakeFiles/Lab4.dir/C_/Users/Student/.pico-sdk/sdk/2.2.0/src/rp2_common/pico_malloc/malloc.c.obj
 .comment       0x00000045       0x46 CMakeFiles/Lab4.dir/C_/Users/Student/.pico-sdk/sdk/2.2.0/src/rp2_common/pico_standard_binary_info/standard_binary_info.c.obj
 .comment       0x00000045       0x46 CMakeFiles/Lab4.dir/C_/Users/Student/.pico-sdk/sdk/2.2.0/src/rp2_common/pico_printf/printf.c.obj
 .comment       0x00000045       0x46 CMakeFiles/Lab4.dir/C_/Users/Student/.pico-sdk/sdk/2.2.0/src/rp2_common/pico_clib_interface/newlib_interface.c.obj
 .comment       0x00000045       0x46 CMakeFiles/Lab4.dir/C_/Users/Student/.pico-sdk/sdk/2.2.0/src/rp2_common/pico_stdio/stdio.c.obj
 .comment       0x00000045       0x46 CMakeFiles/Lab4.dir/C_/Users/Student/.pico-sdk/sdk/2.2.0/src/rp2_common/pico_stdio_uart/stdio_uart.c.obj
 .comment       0x00000045       0x46 CMakeFiles/Lab4.dir/C_/Users/Student/.pico-sdk/sdk/2.2.0/src/rp2_common/hardware_i2c/i2c.c.obj

.debug_info     0x00000000    0x25828
 .debug_info    0x00000000      0xc34 CMakeFiles/Lab4.dir/Lab4.c.obj
 .debug_info    0x00000c34     0x2507 CMakeFiles/Lab4.dir/ssd1306.c.obj
 .debug_info    0x0000313b     0x2416 CMakeFiles/Lab4.dir/C_/Users/Student/.pico-sdk/sdk/2.2.0/src/rp2_common/hardware_gpio/gpio.c.obj
 .debug_info    0x00005551      0x1be CMakeFiles/Lab4.dir/C_/Users/Student/.pico-sdk/sdk/2.2.0/src/rp2_common/pico_platform_panic/panic.c.obj
 .debug_info    0x0000570f      0xb78 CMakeFiles/Lab4.dir/C_/Users/Student/.pico-sdk/sdk/2.2.0/src/common/hardware_claim/claim.c.obj
 .debug_info    0x00006287      0x46f CMakeFiles/Lab4.dir/C_/Users/Student/.pico-sdk/sdk/2.2.0/src/rp2_common/hardware_sync/sync.c.obj
 .debug_info    0x000066f6     0x145e CMakeFiles/Lab4.dir/C_/Users/Student/.pico-sdk/sdk/2.2.0/src/rp2_common/hardware_sync_spin_lock/sync_spin_lock.c.obj
 .debug_info    0x00007b54     0x262d CMakeFiles/Lab4.dir/C_/Users/Student/.pico-sdk/sdk/2.2.0/src/rp2_common/hardware_irq/irq.c.obj
 .debug_info    0x0000a181      0x187 CMakeFiles/Lab4.dir/C_/Users/Student/.pico-sdk/sdk/2.2.0/src/common/pico_sync/lock_core.c.obj
 .debug_info    0x0000a308     0x1e7c CMakeFiles/Lab4.dir/C_/Users/Student/.pico-sdk/sdk/2.2.0/src/common/pico_sync/mutex.c.obj
 .debug_info    0x0000c184     0x5492 CMakeFiles/Lab4.dir/C_/Users/Student/.pico-sdk/sdk/2.2.0/src/common/pico_time/time.c.obj
 .debug_info    0x00011616     0x30c6 CMakeFiles/Lab4.dir/C_/Users/Student/.pico-sdk/sdk/2.2.0/src/rp2_common/hardware_timer/timer.c.obj
 .debug_info    0x000146dc     0x19a6 CMakeFiles/Lab4.dir/C_/Users/Student/.pico-sdk/sdk/2.2.0/src/rp2_common/hardware_uart/uart.c.obj
 .debug_info    0x00016082     0x28c2 CMakeFiles/Lab4.dir/C_/Users/Student/.pico-sdk/sdk/2.2.0/src/rp2_common/hardware_clocks/clocks.c.obj
 .debug_info    0x00018944      0x507 CMakeFiles/Lab4.dir/C_/Users/Student/.pico-sdk/sdk/2.2.0/src/rp2_common/hardware_pll/pll.c.obj
 .debug_info    0x00018e4b      0x26c CMakeFiles/Lab4.dir/C_/Users/Student/.pico-sdk/sdk/2.2.0/src/rp2_common/hardware_ticks/ticks.c.obj
 .debug_info    0x000190b7     0x10ab CMakeFiles/Lab4.dir/C_/Users/Student/.pico-sdk/sdk/2.2.0/src/rp2_common/pico_bootrom/bootrom.c.obj
 .debug_info    0x0001a162      0x1c4 CMakeFiles/Lab4.dir/C_/Users/Student/.pico-sdk/sdk/2.2.0/src/rp2_common/pico_bootrom/bootrom_lock.c.obj
 .debug_info    0x0001a326      0x316 CMakeFiles/Lab4.dir/C_/Users/Student/.pico-sdk/sdk/2.2.0/src/rp2_common/hardware_boot_lock/boot_lock.c.obj
 .debug_info    0x0001a63c      0x1b1 CMakeFiles/Lab4.dir/C_/Users/Student/.pico-sdk/sdk/2.2.0/src/rp2_common/hardware_xosc/xosc.c.obj
 .debug_info    0x0001a7ed      0x21a CMakeFiles/Lab4.dir/C_/Users/Student/.pico-sdk/sdk/2.2.0/src/rp2_common/pico_runtime/runtime.c.obj
 .debug_info    0x0001aa07     0x1c34 CMakeFiles/Lab4.dir/C_/Users/Student/.pico-sdk/sdk/2.2.0/src/rp2_common/pico_runtime_init/runtime_init.c.obj
 .debug_info    0x0001c63b      0x7c9 CMakeFiles/Lab4.dir/C_/Users/Student/.pico-sdk/sdk/2.2.0/src/rp2_common/pico_runtime_init/runtime_init_clocks.c.obj
 .debug_info    0x0001ce04       0x23 CMakeFiles/Lab4.dir/C_/Users/Student/.pico-sdk/sdk/2.2.0/src/rp2_common/pico_double/double_aeabi_dcp.S.obj
 .debug_info    0x0001ce27      0x3e4 CMakeFiles/Lab4.dir/C_/Users/Student/.pico-sdk/sdk/2.2.0/src/rp2_common/pico_malloc/malloc.c.obj
 .debug_info    0x0001d20b      0x2e2 CMakeFiles/Lab4.dir/C_/Users/Student/.pico-sdk/sdk/2.2.0/src/rp2_common/pico_standard_binary_info/standard_binary_info.c.obj
 .debug_info    0x0001d4ed     0x22ff CMakeFiles/Lab4.dir/C_/Users/Student/.pico-sdk/sdk/2.2.0/src/rp2_common/pico_printf/printf.c.obj
 .debug_info    0x0001f7ec       0x23 CMakeFiles/Lab4.dir/C_/Users/Student/.pico-sdk/sdk/2.2.0/src/rp2_common/pico_crt0/crt0.S.obj
 .debug_info    0x0001f80f      0xc25 CMakeFiles/Lab4.dir/C_/Users/Student/.pico-sdk/sdk/2.2.0/src/rp2_common/pico_clib_interface/newlib_interface.c.obj
 .debug_info    0x00020434     0x1dd5 CMakeFiles/Lab4.dir/C_/Users/Student/.pico-sdk/sdk/2.2.0/src/rp2_common/pico_stdio/stdio.c.obj
 .debug_info    0x00022209     0x1903 CMakeFiles/Lab4.dir/C_/Users/Student/.pico-sdk/sdk/2.2.0/src/rp2_common/pico_stdio_uart/stdio_uart.c.obj
 .debug_info    0x00023b0c     0x1d1c CMakeFiles/Lab4.dir/C_/Users/Student/.pico-sdk/sdk/2.2.0/src/rp2_common/hardware_i2c/i2c.c.obj

.debug_abbrev   0x00000000     0x6247
 .debug_abbrev  0x00000000      0x298 CMakeFiles/Lab4.dir/Lab4.c.obj
 .debug_abbrev  0x00000298      0x4c8 CMakeFiles/Lab4.dir/ssd1306.c.obj
 .debug_abbrev  0x00000760      0x558 CMakeFiles/Lab4.dir/C_/Users/Student/.pico-sdk/sdk/2.2.0/src/rp2_common/hardware_gpio/gpio.c.obj
 .debug_abbrev  0x00000cb8      0x12b CMakeFiles/Lab4.dir/C_/Users/Student/.pico-sdk/sdk/2.2.0/src/rp2_common/pico_platform_panic/panic.c.obj
 .debug_abbrev  0x00000de3      0x35e CMakeFiles/Lab4.dir/C_/Users/Student/.pico-sdk/sdk/2.2.0/src/common/hardware_claim/claim.c.obj
 .debug_abbrev  0x00001141      0x22f CMakeFiles/Lab4.dir/C_/Users/Student/.pico-sdk/sdk/2.2.0/src/rp2_common/hardware_sync/sync.c.obj
 .debug_abbrev  0x00001370      0x26e CMakeFiles/Lab4.dir/C_/Users/Student/.pico-sdk/sdk/2.2.0/src/rp2_common/hardware_sync_spin_lock/sync_spin_lock.c.obj
 .debug_abbrev  0x000015de      0x63b CMakeFiles/Lab4.dir/C_/Users/Student/.pico-sdk/sdk/2.2.0/src/rp2_common/hardware_irq/irq.c.obj
 .debug_abbrev  0x00001c19      0x11e CMakeFiles/Lab4.dir/C_/Users/Student/.pico-sdk/sdk/2.2.0/src/common/pico_sync/lock_core.c.obj
 .debug_abbrev  0x00001d37      0x49b CMakeFiles/Lab4.dir/C_/Users/Student/.pico-sdk/sdk/2.2.0/src/common/pico_sync/mutex.c.obj
 .debug_abbrev  0x000021d2      0x644 CMakeFiles/Lab4.dir/C_/Users/Student/.pico-sdk/sdk/2.2.0/src/common/pico_time/time.c.obj
 .debug_abbrev  0x00002816      0x4f9 CMakeFiles/Lab4.dir/C_/Users/Student/.pico-sdk/sdk/2.2.0/src/rp2_common/hardware_timer/timer.c.obj
 .debug_abbrev  0x00002d0f      0x367 CMakeFiles/Lab4.dir/C_/Users/Student/.pico-sdk/sdk/2.2.0/src/rp2_common/hardware_uart/uart.c.obj
 .debug_abbrev  0x00003076      0x517 CMakeFiles/Lab4.dir/C_/Users/Student/.pico-sdk/sdk/2.2.0/src/rp2_common/hardware_clocks/clocks.c.obj
 .debug_abbrev  0x0000358d      0x1a8 CMakeFiles/Lab4.dir/C_/Users/Student/.pico-sdk/sdk/2.2.0/src/rp2_common/hardware_pll/pll.c.obj
 .debug_abbrev  0x00003735      0x146 CMakeFiles/Lab4.dir/C_/Users/Student/.pico-sdk/sdk/2.2.0/src/rp2_common/hardware_ticks/ticks.c.obj
 .debug_abbrev  0x0000387b      0x458 CMakeFiles/Lab4.dir/C_/Users/Student/.pico-sdk/sdk/2.2.0/src/rp2_common/pico_bootrom/bootrom.c.obj
 .debug_abbrev  0x00003cd3       0xfb CMakeFiles/Lab4.dir/C_/Users/Student/.pico-sdk/sdk/2.2.0/src/rp2_common/pico_bootrom/bootrom_lock.c.obj
 .debug_abbrev  0x00003dce      0x1de CMakeFiles/Lab4.dir/C_/Users/Student/.pico-sdk/sdk/2.2.0/src/rp2_common/hardware_boot_lock/boot_lock.c.obj
 .debug_abbrev  0x00003fac      0x109 CMakeFiles/Lab4.dir/C_/Users/Student/.pico-sdk/sdk/2.2.0/src/rp2_common/hardware_xosc/xosc.c.obj
 .debug_abbrev  0x000040b5      0x182 CMakeFiles/Lab4.dir/C_/Users/Student/.pico-sdk/sdk/2.2.0/src/rp2_common/pico_runtime/runtime.c.obj
 .debug_abbrev  0x00004237      0x310 CMakeFiles/Lab4.dir/C_/Users/Student/.pico-sdk/sdk/2.2.0/src/rp2_common/pico_runtime_init/runtime_init.c.obj
 .debug_abbrev  0x00004547      0x2b8 CMakeFiles/Lab4.dir/C_/Users/Student/.pico-sdk/sdk/2.2.0/src/rp2_common/pico_runtime_init/runtime_init_clocks.c.obj
 .debug_abbrev  0x000047ff       0x12 CMakeFiles/Lab4.dir/C_/Users/Student/.pico-sdk/sdk/2.2.0/src/rp2_common/pico_double/double_aeabi_dcp.S.obj
 .debug_abbrev  0x00004811      0x1b9 CMakeFiles/Lab4.dir/C_/Users/Student/.pico-sdk/sdk/2.2.0/src/rp2_common/pico_malloc/malloc.c.obj
 .debug_abbrev  0x000049ca       0xb8 CMakeFiles/Lab4.dir/C_/Users/Student/.pico-sdk/sdk/2.2.0/src/rp2_common/pico_standard_binary_info/standard_binary_info.c.obj
 .debug_abbrev  0x00004a82      0x505 CMakeFiles/Lab4.dir/C_/Users/Student/.pico-sdk/sdk/2.2.0/src/rp2_common/pico_printf/printf.c.obj
 .debug_abbrev  0x00004f87       0x12 CMakeFiles/Lab4.dir/C_/Users/Student/.pico-sdk/sdk/2.2.0/src/rp2_common/pico_crt0/crt0.S.obj
 .debug_abbrev  0x00004f99      0x375 CMakeFiles/Lab4.dir/C_/Users/Student/.pico-sdk/sdk/2.2.0/src/rp2_common/pico_clib_interface/newlib_interface.c.obj
 .debug_abbrev  0x0000530e      0x601 CMakeFiles/Lab4.dir/C_/Users/Student/.pico-sdk/sdk/2.2.0/src/rp2_common/pico_stdio/stdio.c.obj
 .debug_abbrev  0x0000590f      0x493 CMakeFiles/Lab4.dir/C_/Users/Student/.pico-sdk/sdk/2.2.0/src/rp2_common/pico_stdio_uart/stdio_uart.c.obj
 .debug_abbrev  0x00005da2      0x4a5 CMakeFiles/Lab4.dir/C_/Users/Student/.pico-sdk/sdk/2.2.0/src/rp2_common/hardware_i2c/i2c.c.obj

.debug_loclists
                0x00000000    0x1253e
 .debug_loclists
                0x00000000       0xb3 CMakeFiles/Lab4.dir/Lab4.c.obj
 .debug_loclists
                0x000000b3     0x14f9 CMakeFiles/Lab4.dir/ssd1306.c.obj
 .debug_loclists
                0x000015ac     0x17d5 CMakeFiles/Lab4.dir/C_/Users/Student/.pico-sdk/sdk/2.2.0/src/rp2_common/hardware_gpio/gpio.c.obj
 .debug_loclists
                0x00002d81      0x42d CMakeFiles/Lab4.dir/C_/Users/Student/.pico-sdk/sdk/2.2.0/src/common/hardware_claim/claim.c.obj
 .debug_loclists
                0x000031ae      0x132 CMakeFiles/Lab4.dir/C_/Users/Student/.pico-sdk/sdk/2.2.0/src/rp2_common/hardware_sync/sync.c.obj
 .debug_loclists
                0x000032e0       0xa2 CMakeFiles/Lab4.dir/C_/Users/Student/.pico-sdk/sdk/2.2.0/src/rp2_common/hardware_sync_spin_lock/sync_spin_lock.c.obj
 .debug_loclists
                0x00003382     0x1034 CMakeFiles/Lab4.dir/C_/Users/Student/.pico-sdk/sdk/2.2.0/src/rp2_common/hardware_irq/irq.c.obj
 .debug_loclists
                0x000043b6       0x17 CMakeFiles/Lab4.dir/C_/Users/Student/.pico-sdk/sdk/2.2.0/src/common/pico_sync/lock_core.c.obj
 .debug_loclists
                0x000043cd      0xae7 CMakeFiles/Lab4.dir/C_/Users/Student/.pico-sdk/sdk/2.2.0/src/common/pico_sync/mutex.c.obj
 .debug_loclists
                0x00004eb4     0x2c58 CMakeFiles/Lab4.dir/C_/Users/Student/.pico-sdk/sdk/2.2.0/src/common/pico_time/time.c.obj
 .debug_loclists
                0x00007b0c     0x1a3f CMakeFiles/Lab4.dir/C_/Users/Student/.pico-sdk/sdk/2.2.0/src/rp2_common/hardware_timer/timer.c.obj
 .debug_loclists
                0x0000954b      0xc8f CMakeFiles/Lab4.dir/C_/Users/Student/.pico-sdk/sdk/2.2.0/src/rp2_common/hardware_uart/uart.c.obj
 .debug_loclists
                0x0000a1da     0x2038 CMakeFiles/Lab4.dir/C_/Users/Student/.pico-sdk/sdk/2.2.0/src/rp2_common/hardware_clocks/clocks.c.obj
 .debug_loclists
                0x0000c212      0x1b7 CMakeFiles/Lab4.dir/C_/Users/Student/.pico-sdk/sdk/2.2.0/src/rp2_common/hardware_pll/pll.c.obj
 .debug_loclists
                0x0000c3c9       0x8b CMakeFiles/Lab4.dir/C_/Users/Student/.pico-sdk/sdk/2.2.0/src/rp2_common/hardware_ticks/ticks.c.obj
 .debug_loclists
                0x0000c454      0x812 CMakeFiles/Lab4.dir/C_/Users/Student/.pico-sdk/sdk/2.2.0/src/rp2_common/pico_bootrom/bootrom.c.obj
 .debug_loclists
                0x0000cc66       0x28 CMakeFiles/Lab4.dir/C_/Users/Student/.pico-sdk/sdk/2.2.0/src/rp2_common/pico_bootrom/bootrom_lock.c.obj
 .debug_loclists